06-06 17:34:39.541 D/SettingsProvider( 1442): lookupValue table system cache contains Key FindPhoneLocked , value = Bundle[{value=null}]
06-06 17:34:39.541 D/SettingsProvider( 1442): lookupValue table system cache contains Key vivo_fullscreen_flag , value = Bundle[{value=1}]
06-06 17:34:39.541 V/ActivityManager( 1442): Ensuring correct configuration: ActivityRecord{25cfbe08 u0 io.dcloud.H58040C5A/io.dcloud.PandoraEntryActivity t7514}
06-06 17:34:39.541 V/ActivityManager( 1442): Configuration no differences in ActivityRecord{25cfbe08 u0 io.dcloud.H58040C5A/io.dcloud.PandoraEntryActivity t7514}
06-06 17:34:39.681 I/Main_Path_Main_App(19374): onCreate appid=Main_App
06-06 17:34:39.681 I/Main_Path_Main_App(19374): onRuntimeCreate appid=Main_App
06-06 17:34:39.681 E/DCloud_LOG(19374): fmgr no dp
06-06 17:34:39.691 I/ServiceManager(16689): Waiting for service AtCmdFwd...
06-06 17:34:39.691 D/DataUsageService( 2463): mStatsUpdateReceiver intent:Intent { act=com.android.server.action.NETWORK_STATS_UPDATED flg=0x40000010 }
06-06 17:34:39.691 D/SettingsProvider( 1442): lookupValue table system cache contains Key data_usage_show_flow , value = Bundle[{value=null}]
06-06 17:34:39.691 D/NetworkManagementService( 1442): hardware tether stats:NetworkStats: elapsedRealtime=3149492
06-06 17:34:39.691 D/NetworkManagementService( 1442): getNetworkStatsSummaryXt:NetworkStats: elapsedRealtime=3149493
06-06 17:34:39.691 D/NetworkManagementService( 1442):   [0] iface=wlan0 uid=-1 set=ALL tag=0x0 rxBytes=6727647 rxPackets=5334 txBytes=239518 txPackets=3184 operations=0
06-06 17:34:39.691 D/NetworkManagementService( 1442):   [1] iface=rmnet_data7 uid=-1 set=ALL tag=0x0 rxBytes=396 rxPackets=5 txBytes=522 txPackets=8 operations=0
06-06 17:34:39.691 D/NetworkManagementService( 1442):   [2] iface=lo uid=-1 set=ALL tag=0x0 rxBytes=26378592 rxPackets=21438 txBytes=26378592 txPackets=21438 operations=0
06-06 17:34:39.691 D/NetworkManagementService( 1442): hardware tether stats:NetworkStats: elapsedRealtime=3149494
06-06 17:34:39.691 D/NetworkManagementService( 1442): getNetworkStatsSummaryDev:NetworkStats: elapsedRealtime=3149494
06-06 17:34:39.691 D/NetworkManagementService( 1442):   [0] iface=wlan0 uid=-1 set=ALL tag=0x0 rxBytes=6756384 rxPackets=6102 txBytes=290259 txPackets=3306 operations=0
06-06 17:34:39.691 D/NetworkManagementService( 1442):   [1] iface=rmnet_data7 uid=-1 set=ALL tag=0x0 rxBytes=468 rxPackets=6 txBytes=660 txPackets=9 operations=0
06-06 17:34:39.691 D/NetworkManagementService( 1442):   [2] iface=lo uid=-1 set=ALL tag=0x0 rxBytes=26378592 rxPackets=21438 txBytes=26378592 txPackets=21438 operations=0
06-06 17:34:39.701 D/DataUsagePrefs( 2463): getDataUsageShowFlow value:false
06-06 17:34:39.701 D/DataUsagePrefs( 2463): getDataUsageExceptionRemain value:true
06-06 17:34:39.701 D/DataUsagePrefs( 2463): getDataUsageMonitor value:true
06-06 17:34:39.701 D/DataUsageService( 2463): needExceptionRemind needRemained:false
06-06 17:34:39.701 D/DataUsageService( 2463): updateNotificationsLocked()
06-06 17:34:39.701 D/DataUsagePrefs( 2463): getDataUsageMonitor value:true
06-06 17:34:39.721 I/DeviceInfo(19374): old_apk_modify_date=1528277513000
06-06 17:34:39.721 I/DeviceInfo(19374): Apk Modify Date=1528277513000;_ret=false
06-06 17:34:39.721 E/DCloud_LOG(19374): channel:io.dcloud.H58040C5A|H58040C5A|;ver:1.9.9.43948;ssdk:false;max:3;trim:0;dg:false
06-06 17:34:39.751 I/ylyl    (19374):  AppMGr START_APP H58040C5A
06-06 17:34:39.751 I/ylyl    (19374): startOneApp H58040C5A
06-06 17:34:39.821 I/WebViewFactory(19374): Loading com.android.webview version 39 (eng.compiler-arm64) (code 399992)
06-06 17:34:39.821 I/LibraryLoader(19374): Time to load native libraries: 1 ms (timestamps 9624-9625)
06-06 17:34:39.821 I/LibraryLoader(19374): Expected native library version number "",actual native library version number ""
06-06 17:34:39.821 V/WebViewChromiumFactoryProvider(19374): Binding Chromium to main looper Looper (main, tid 1) {f4f4070}
06-06 17:34:39.821 I/LibraryLoader(19374): Expected native library version number "",actual native library version number ""
06-06 17:34:39.831 I/chromium(19374): [INFO:library_loader_hooks.cc(104)] Chromium logging enabled: level = 0, default verbosity = 0
06-06 17:34:39.831 I/BrowserStartupController(19374): Initializing chromium process, singleProcess=true
06-06 17:34:39.831 W/art     (19374): Attempt to remove local handle scope entry from IRT, ignoring
06-06 17:34:39.841 W/chromium(19374): [WARNING:resource_bundle.cc(304)] locale_file_path.empty()
06-06 17:34:39.841 I/chromium(19374): [INFO:aw_browser_main_parts.cc(65)] Load from apk succesful, fd=62 off=1319204 len=3050
06-06 17:34:39.841 I/chromium(19374): [INFO:aw_browser_main_parts.cc(78)] Loading webviewchromium.pak from, fd:61 off:229484 len:1089673
06-06 17:34:39.841 W/AudioManagerAndroid(19374): Requires BLUETOOTH permission
06-06 17:34:39.841 I/VivoNetworkController( 2274): SystemUI|mWifiEnabled && mWifiConnected = true
06-06 17:34:39.861 D/ImageWallpaper( 2274): onVisibilityChanged: mVisible, visible=true, false
06-06 17:34:39.861 D/ImageWallpaper( 2274): Visibility changed to visible=false
06-06 17:34:39.861 D/ImageWallpaper( 2274): Suppressed drawFrame since redraw is not needed and offsets have not changed.
06-06 17:34:39.871 D/SettingsProvider( 1442): lookupValue table system cache contains Key show_password , value = Bundle[{value=0}]
06-06 17:34:39.881 W/chromium(19374): [WARNING:data_reduction_proxy_settings.cc(331)] SPDY proxy OFF at startup
06-06 17:34:39.891 W/art     (19374): Attempt to remove local handle scope entry from IRT, ignoring
06-06 17:34:39.891 W/AwContents(19374): onDetachedFromWindow called when already detached. Ignoring
06-06 17:34:39.891 W/art     (19374): Attempt to remove local handle scope entry from IRT, ignoring
06-06 17:34:39.891 W/art     (19374): Attempt to remove local handle scope entry from IRT, ignoring
06-06 17:34:39.891 W/art     (19374): Attempt to remove local handle scope entry from IRT, ignoring
06-06 17:34:39.891 W/art     (19374): Attempt to remove local handle scope entry from IRT, ignoring
06-06 17:34:39.901 I/SurfaceFlinger(  438): FPS: 42
06-06 17:34:39.901 D/SettingsProvider( 1442): lookupValue table system cache contains Key default_data_network , value = Bundle[{value=null}]
06-06 17:34:39.911 V/PanelView( 2274): com.android.systemui:id/notification_panel: setExpandedHeight(0.0)
06-06 17:34:39.911 V/PanelBar( 2274): panelExpansionChanged: start state=0 panel=com.android.systemui:id/notification_panel
06-06 17:34:39.911 V/PanelBar( 2274): panelExpansionChanged: end state=0 [ fullyClosed ]
06-06 17:34:39.911 V/PanelBar( 2274): panelExpansionChanged: start state=0 panel=com.android.systemui:id/notification_panel
06-06 17:34:39.911 V/PanelBar( 2274): panelExpansionChanged: end state=0 [ fullyClosed ]
06-06 17:34:39.911 V/PanelBar( 2274): collapseAllPanels: animate=false waiting=false
06-06 17:34:39.931 W/art     (19374): Attempt to remove local handle scope entry from IRT, ignoring
06-06 17:34:39.931 W/art     (19374): Attempt to remove local handle scope entry from IRT, ignoring
06-06 17:34:40.691 W/Atfwd_Sendcmd(16689): AtCmdFwd service not published, waiting... retryCnt : 4
06-06 17:34:40.841 I/VivoNetworkController( 2274): SystemUI|mWifiEnabled && mWifiConnected = true
06-06 17:34:40.901 I/SurfaceFlinger(  438): FPS: 53
06-06 17:34:41.691 V/VivoStats( 1442): noteScreenBrightness brightness = 10
06-06 17:34:41.691 I/DisplayPowerState( 1442): getColorManagerInstance mode number =0
06-06 17:34:41.691 V/PowerEffectManager( 2652): noteBrightness = 10
06-06 17:34:41.691 D/AutoBrightnessManager( 1442): notifyStateChanged STATE_SCREEN_DIM
06-06 17:34:41.691 D/BrightnessProviderNormal( 1442): notifyStateChanged un-known:4
06-06 17:34:41.691 D/DisplayPowerController( 1442): updatePowerState: mPowerRequest.useProximitySensor=false, mProximity=Unknown, mScreenOffBecauseOfProximity=false mPowerRequest.screenState = ON mWaitingForNegativeProximity = false
06-06 17:34:41.691 D/DisplayPowerController( 1442): updatePowerState use=false enabled=false  state=ON block=false
06-06 17:34:41.691 D/DisplayPowerController( 1442): chenyishi AAL AAL AAL
06-06 17:34:41.691 D/DisplayPowerController( 1442): dim befor brightness = 20
06-06 17:34:41.691 D/DisplayPowerController( 1442): dim  brightness = 10
06-06 17:34:41.691 D/DisplayPowerController( 1442): updatePowerState: mPowerRequest.useProximitySensor=false, mProximity=Unknown, mScreenOffBecauseOfProximity=false mPowerRequest.screenState = ON mWaitingForNegativeProximity = false
06-06 17:34:41.691 D/DisplayPowerState( 1442): Updating screen state: state=ON, backlight=10, backlightChanged=true mPowerAssistantMode=0
06-06 17:34:41.691 D/DisplayPowerController( 1442): updatePowerState use=false enabled=false  state=ON block=false
06-06 17:34:41.691 D/DisplayPowerController( 1442): chenyishi AAL AAL AAL
06-06 17:34:41.691 D/DisplayPowerController( 1442): dim befor brightness = 20
06-06 17:34:41.691 D/DisplayPowerController( 1442): dim  brightness = 10
06-06 17:34:41.691 D/BBKTouchScreenService( 1442): Super power save property is false
06-06 17:34:41.691 D/BBKTouchScreenService( 1442): Set LCD backlight state ON
06-06 17:34:41.691 D/BBKTouchScreenService( 1442): The mProximiteListenerRegistered is 0 on is false
06-06 17:34:41.701 D/DisplayPowerController( 1442): updatePowerState: mPowerRequest.useProximitySensor=false, mProximity=Unknown, mScreenOffBecauseOfProximity=false mPowerRequest.screenState = ON mWaitingForNegativeProximity = false
06-06 17:34:41.701 D/DisplayPowerController( 1442): updatePowerState use=false enabled=false  state=ON block=false
06-06 17:34:41.701 D/DisplayPowerController( 1442): chenyishi AAL AAL AAL
06-06 17:34:41.701 D/DisplayPowerController( 1442): dim befor brightness = 20
06-06 17:34:41.701 D/DisplayPowerController( 1442): dim  brightness = 10
06-06 17:34:41.921 I/SurfaceFlinger(  438): FPS: 60
06-06 17:34:42.141 E/Html5Plus-SplashClosed(19374): 1528277682145
06-06 17:34:42.141 E/Main_Path(19374): closeSplashScreen0 appid=H58040C5A;true;closeSplashDid=false
06-06 17:34:42.141 D/PhoneWindow(19374): DEBUG_SYSTEMUI:setStatusBarColor:ff757575
06-06 17:34:42.141 D/PhoneWindow(19374): DEBUG_SYSTEMUI:setStatusBarColor:ff757575
06-06 17:34:42.181 I/SettingsProvider( 1442): system <- name=vivo_fullscreen_flag value=0 for user 0
06-06 17:34:42.181 D/SettingsProvider( 1442): lookupValue table system cache contains Key com.vivo.smartmultiwindow.audosplit , value = Bundle[{value=0}]
06-06 17:34:42.181 D/SettingsProvider( 1442): lookupValue table system cache contains Key time_12_24 , value = Bundle[{value=24}]
06-06 17:34:42.191 D/SettingsProvider( 1442): lookupValue table system cache contains Key vivo_fullscreen_flag , value = Bundle[{value=0}]
06-06 17:34:42.311 D/DataFormatter( 2463): Normal bytes 670743
06-06 17:34:42.311 D/DataUsageService( 2463): NetSpeed 655K/s 
06-06 17:34:42.441 D/SettingsProvider( 1442): lookupValue table system cache contains Key FindPhoneLocked , value = Bundle[{value=null}]
06-06 17:34:42.851 I/VivoNetworkController( 2274): SystemUI|mWifiEnabled && mWifiConnected = true
06-06 17:34:42.961 D/TaskPersister( 1442): removeObsoleteFile: deleting file=7513_task.xml
06-06 17:34:43.851 I/VivoNetworkController( 2274): SystemUI|mWifiEnabled && mWifiConnected = true
06-06 17:34:43.891 I/SurfaceFlinger(  438): FPS: 35
06-06 17:34:44.691 D/SensorManager( 1442): DDDD register type=8
06-06 17:34:44.691 D/SensorManager( 1442): open file /sys/bus/platform/drivers/als_ps/debug error
06-06 17:34:44.691 D/SensorManager( 1442): set debug=false
06-06 17:34:44.691 D/SensorManager( 1442): Threshold baseValueTemp:113 baseValue70 baseValueUsed113
06-06 17:34:44.691 D/SensorManager( 1442): open file /sys/bus/platform/drivers/als_ps/ps_base_value error
06-06 17:34:44.691 D/Sensors ( 1442): enableSensor handle 5 200000us 0us in
06-06 17:34:44.691 D/SensorService( 1442): enable mLock_wait 0x00000000 mLock_status 0x00000000 mConnectionLock_wait 0x00000000 mConnectionLock_status 0x00000000
06-06 17:34:44.691 D/KeyguardViewMediator( 2274): onScreenTurnedOff(3)
06-06 17:34:44.691 D/KeyguardViewMediator( 2274): notifyScreenOffLocked
06-06 17:34:44.691 D/SettingsProvider( 1442): lookupValue table system cache contains Key screen_off_timeout , value = Bundle[{value=15000}]
06-06 17:34:44.691 D/SensorService( 1442): Calling batch handle==5 flags=0rate=200000000 timeout== 0
06-06 17:34:44.691 D/SensorService( 1442): SensorDevice::batch: ident=0x7f8dfe9d20, handle=0x00000005, flags=0, period_ns=200000000 timeout=0
06-06 17:34:44.691 D/SensorService( 1442): 	>>> curr_period=66667000 min_period=66667000 curr_timeout=0 min_timeout=0
06-06 17:34:44.691 D/SensorService( 1442): 	>>> actuating h/w flush 5
06-06 17:34:44.691 D/SensorService( 1442): Calling activate on 5
06-06 17:34:44.691 D/SensorService( 1442): SensorDevice::activate: ident=0x7f8dfe9d20, handle=0x00000005, enabled=1, count=2
06-06 17:34:44.691 D/SensorService( 1442): enable index=1
06-06 17:34:44.691 D/SensorService( 1442): 0x7f8dfe9d20 addFd fd=344
06-06 17:34:44.691 D/Sensors ( 1442): enableSensor handle 5 ont
06-06 17:34:44.691 D/SensorService( 1442): flush complete event sensor==5 
06-06 17:34:44.691 D/SensorService( 1442): flush complete event sensor==5 
06-06 17:34:44.691 D/SensorService( 1442): flush complete event sensor==5 
06-06 17:34:44.691 D/Sensors ( 1442): disableSensor handle 19 in
06-06 17:34:44.691 D/SensorService( 1442): flush complete event sensor==5 
06-06 17:34:44.691 D/SensorService( 1442): flush complete event sensor==5 
06-06 17:34:44.691 D/SensorService( 1442): disable mLock_wait 0x00000000 mLock_status 0x00000002 mConnectionLock_wait 0x00000000 mConnectionLock_status 0x00000020
06-06 17:34:44.691 D/SensorService( 1442): First flush event for sensor==5 
06-06 17:34:44.691 D/SensorManager( 1442): framework alsps raw_data dataX=5.000305 dataY=113.0 dataZ=0.0
06-06 17:34:44.691 D/SensorService( 1442): SensorDevice::activate: ident=0x7f88da4110, handle=0x00000013, enabled=0, count=1
06-06 17:34:44.691 D/SensorService( 1442): disable index=0
06-06 17:34:44.691 D/SensorService( 1442): 	>>> actuating h/w activate handle=19 enabled=0
06-06 17:34:44.691 W/VivoSensorTest( 1442): activate: handle is 65, en is 0
06-06 17:34:44.691 D/BluetoothIdleTimeDisable( 1442): adapterService receive action = android.intent.action.SCREEN_OFF
06-06 17:34:44.691 I/FpService( 1442): onReceive(): ACTION_SCREEN_OFF: mIsScreenOn: true
06-06 17:34:44.691 I/PowerManagerService( 1442): Going to sleep due to screen timeout (uid 1000)...
06-06 17:34:44.691 I/PowerManagerService( 1442): Sleeping (uid 1000)...
06-06 17:34:44.691 D/AntiMisoperation( 1442): setProximityEnabled(true)
06-06 17:34:44.691 D/DisplayPowerController( 1442): mPendingOneBrightness = 0
06-06 17:34:44.691 D/AutoBrightnessManager( 1442): notifyStateChanged STATE_SCREEN_OFF
06-06 17:34:44.691 D/AntiMisoperation( 1442): handleMessage MSG_PROXIMITY_SENSOR_ENABLE
06-06 17:34:44.691 D/BrightnessProviderNormal( 1442): notifyStateChanged un-known:5
06-06 17:34:44.691 D/DisplayPowerController( 1442): updatePowerState: mPowerRequest.useProximitySensor=false, mProximity=Unknown, mScreenOffBecauseOfProximity=false mPowerRequest.screenState = OFF mWaitingForNegativeProximity = false
06-06 17:34:44.691 V/WindowOrientationListener( 1442): w_orient: windoworientation disable called
06-06 17:34:44.691 D/AntiMisoperation( 1442): ret = true
06-06 17:34:44.691 D/AntiMisoperation( 1442): got proximity event:Negative
06-06 17:34:44.701 I/FingerprintServiceFPC( 2759): ACTION_SCREEN_OFF: mIsScreenOn: true mLockOpen: false mTouchSwitchOpen: true
06-06 17:34:44.701 D/Sensors ( 1442): disableSensor handle 19 ont
06-06 17:34:44.701 D/SensorService( 1442): ~SensorEventConnection(0x7f88da4110)
06-06 17:34:44.701 D/SensorService( 1442): 4 active sensors
06-06 17:34:44.701 D/SensorService( 1442): removing connection 0x7f88da4110 for sensor[0].handle=0x00000005
06-06 17:34:44.701 D/SensorService( 1442): removing connection 0x7f88da4110 for sensor[1].handle=0x00000009
06-06 17:34:44.701 D/SensorService( 1442): removing connection 0x7f88da4110 for sensor[2].handle=0x0000000e
06-06 17:34:44.701 D/SensorService( 1442): removing connection 0x7f88da4110 for sensor[3].handle=0x0000000f
06-06 17:34:44.701 I/ExtraAlarmManager( 1442): Uid : 10015, Package name is : com.android.systemui
06-06 17:34:44.701 D/ExtraAlarmManager( 1442): com.android.systemui: is package
06-06 17:34:44.701 I/ExtraAlarmManager( 1442): type: 2 Type: 2
06-06 17:34:44.701 V/AlarmAlign( 1442): addAlarm pkg = com.android.systemui, action = com.android.internal.policy.impl.PhoneWindowManager.DELAYED_KEYGUARD, whenElapsed = 3159501
06-06 17:34:44.701 V/AlarmAlign( 1442): addAlarm whenElapsed = 3159501
06-06 17:34:44.701 V/AlarmAlign( 1442): list mBatch[0] whenElapsed = 3159501, maxWhen = 3162501, pkg = com.android.systemui, action = com.android.internal.policy.impl.PhoneWindowManager.DELAYED_KEYGUARD
06-06 17:34:44.701 V/AlarmAlign( 1442): list mBatch[1] whenElapsed = 3803626, maxWhen = 3806626, pkg = com.vivo.devicereg, action = android.intent.action.REG_ALARM_TIME_UP
06-06 17:34:44.701 V/AlarmAlign( 1442): checkSet SCREEN_ON, type = 2, when = 3159501
06-06 17:34:44.701 V/AlarmAlign( 1442): setLocked to kernel, type = 2, when = 3159501, curTime = 3154502
06-06 17:34:44.701 D/KeyguardViewMediator( 2274): setting alarm to turn off keyguard, seq = 14
06-06 17:34:44.701 D/KeyguardViewMediator( 2274): handleNotifyScreenOff
06-06 17:34:44.711 D/FingerprintServiceFPC( 2759): cancelKeyMode: isKeyMode = true mFingerprintSystem = com.vivo.fingerprint.fpc.system.FpcD@3d498455
06-06 17:34:44.711 D/FpcD    ( 2759): cancel
06-06 17:34:44.711 D/fpc_jni ( 2759): cancelNative
06-06 17:34:44.711 D/fpc_fpcd( 2759): fpcd_send_cancel
06-06 17:34:44.711 D/fpc_fpcd( 2759): fpcd_send_command begin
06-06 17:34:44.711 D/fpc_fpcd( 2759): fpcd_send_command fpc_socket_write 1 status 0
06-06 17:34:44.711 D/fpc_fpcd( 2759): fpcd_send_command fpc_socket_read
06-06 17:34:44.711 D/fpc_main(  499): received cmd cancel
06-06 17:34:44.711 D/fpc_hal (  499): fpc_cancel
06-06 17:34:44.711 D/fpc_irq (  499): fpcIrqStopWaitForIrq: Entering
06-06 17:34:44.711 D/fpc_irq (  499): fpcIrqStopWaitForIrq Returning: 0
06-06 17:34:44.711 I/fpc_irq (  499): fpcIrqWaitForIrq: Aborting waitForIrq as per request from a call to fpcIrqStopWaitForIrq
06-06 17:34:44.711 D/fpc_irq (  499): fpcDeviceControl ctl='clk_enable' val='1'
06-06 17:34:44.711 E/fpc_hal (  499): capture_tac: Error when waiting for IRQ: -2
06-06 17:34:44.711 D/fpc_irq (  499): fpcIrqClose: Entering
06-06 17:34:44.711 D/fpc_irq (  499): fpcDeviceControl ctl='irq_enable' val='disable'
06-06 17:34:44.711 D/fpc_tac (  499): fpc_tac_set_sleep_mode begin, sleep mode: 1
06-06 17:34:44.721 D/fpc_irq (  499): fpcIrqOpen: Entering
06-06 17:34:44.721 D/fpc_hal (  499): vivo_check_ScreenState vivofp flag:10
06-06 17:34:44.721 D/fpc_irq (  499): fpcIrqClose: Entering
06-06 17:34:44.721 D/fpc_irq (  499): fpcDeviceControl ctl='spi_prepare' val='disable'
06-06 17:34:44.721 D/fpc_hal (  499): worker idle
06-06 17:34:44.721 D/fpc_fpcd( 2759): fpcd_send_command fpc_socket_read status 0 response 12598534
06-06 17:34:44.721 D/fpc_hal (  499): workerFunction request: -1
06-06 17:34:44.721 D/fpc_hal (  499): worker idle
06-06 17:34:44.731 I/SLService( 2463): ScreenActionReceiver action = android.intent.action.SCREEN_OFF
06-06 17:34:44.731 I/AutoCleanUtils( 2463): doInScreenOff
06-06 17:34:44.731 I/AppFeature( 2463): ucSecure is : hasConfigCenter is : false
06-06 17:34:44.731 I/AutoCleanUtils( 2463): readConfig: {"auto_clean_days":7,"cache_white_list":["test.test.test","test.test.test2"]}
06-06 17:34:44.731 I/AutoCleanUtils( 2463): MINIMUM_SCAN_DAYS=7
06-06 17:34:44.731 I/AutoCleanUtils( 2463): [test.test.test, test.test.test2]
06-06 17:34:44.731 D/AutoCleanUtils( 2463): last auto clean time -1
06-06 17:34:44.731 I/AutoCleanUtils( 2463): doInScreenOff: daysBetweenNowAndLastClean=17688
06-06 17:34:44.731 I/AutoCleanUtils( 2463): doInScreenOff: dataFreeSize=53804466176 7 3 2147483648 1073741824
06-06 17:34:44.731 D/SettingsProvider( 1442): lookupValue table system cache contains Key notification_light , value = Bundle[{value=0}]
06-06 17:34:44.731 I/DaemonService( 2946): DataUsageService pid = 2463
06-06 17:34:44.731 I/VNOILBS ( 1442): VNOILBS mScreenOn=false level=100 mCriticalBatteryLevel=3 mNotificationLowBatteryStates=false mNotificationChargeStates=false status=5
06-06 17:34:44.741 I/frontfingerprintkey( 1442): onReceive: action: android.intent.action.SCREEN_OFF
06-06 17:34:44.741 D/frontfingerprintkey( 1442): isRegisterSensor: product_info: PD1603
06-06 17:34:44.741 I/frontfingerprintkey( 1442): registerSensor
06-06 17:34:44.741 I/frontfingerprintkey( 1442): registerSensor: mProximityThreshold: 5.0
06-06 17:34:44.741 D/SensorManager( 1442): DDDD register type=8
06-06 17:34:44.741 D/SensorManager( 1442): open file /sys/bus/platform/drivers/als_ps/debug error
06-06 17:34:44.741 D/SensorManager( 1442): set debug=false
06-06 17:34:44.741 D/SensorManager( 1442): Threshold baseValueTemp:113 baseValue70 baseValueUsed113
06-06 17:34:44.741 D/SensorManager( 1442): open file /sys/bus/platform/drivers/als_ps/ps_base_value error
06-06 17:34:44.741 D/Sensors ( 1442): enableSensor handle 5 66667us 0us in
06-06 17:34:44.741 D/SensorService( 1442): enable mLock_wait 0x00000000 mLock_status 0x00000000 mConnectionLock_wait 0x00000000 mConnectionLock_status 0x00000000
06-06 17:34:44.741 D/SensorService( 1442): Calling batch handle==5 flags=0rate=66667000 timeout== 0
06-06 17:34:44.741 D/SensorService( 1442): SensorDevice::batch: ident=0x7f8e18c7d0, handle=0x00000005, flags=0, period_ns=66667000 timeout=0
06-06 17:34:44.741 D/SensorService( 1442): 	>>> curr_period=66667000 min_period=66667000 curr_timeout=0 min_timeout=0
06-06 17:34:44.741 D/SensorService( 1442): 	>>> actuating h/w flush 5
06-06 17:34:44.741 D/SensorService( 1442): Calling activate on 5
06-06 17:34:44.741 D/SensorService( 1442): SensorDevice::activate: ident=0x7f8e18c7d0, handle=0x00000005, enabled=1, count=3
06-06 17:34:44.741 D/SensorService( 1442): enable index=2
06-06 17:34:44.741 D/SensorService( 1442): 0x7f8e18c7d0 addFd fd=360
06-06 17:34:44.741 D/Sensors ( 1442): enableSensor handle 5 ont
06-06 17:34:44.741 D/SensorService( 1442): flush complete event sensor==5 
06-06 17:34:44.741 D/SensorService( 1442): flush complete event sensor==5 
06-06 17:34:44.741 D/SensorService( 1442): flush complete event sensor==5 
06-06 17:34:44.741 D/SensorService( 1442): flush complete event sensor==5 
06-06 17:34:44.741 D/SensorService( 1442): flush complete event sensor==5 
06-06 17:34:44.741 I/frontfingerprintkey( 1442): SCREEN_OFF: mSimPinResult: enable mSensorEventpositive: false isVerify: false
06-06 17:34:44.741 D/SensorService( 1442): First flush event for sensor==5 
06-06 17:34:44.741 D/frontfingerprintkey( 1442): startVerify
06-06 17:34:44.741 D/frontfingerprintkey( 1442): isFingerprintAuthAvailable: isVerify:false
06-06 17:34:44.741 D/SettingsProvider( 1442): lookupValue table system cache contains Key finger_unlock_open , value = Bundle[{value=0}]
06-06 17:34:44.741 D/SettingsProvider( 1442): lookupValue table system cache contains Key secure_finger_print_visit_mode , value = Bundle[{value=null}]
06-06 17:34:44.741 W/frontfingerprintkey( 1442): start fingerprint verify fail
06-06 17:34:44.741 D/SensorManager( 1442): framework alsps raw_data dataX=5.000305 dataY=113.0 dataZ=0.0
06-06 17:34:44.741 I/frontfingerprintkey( 1442): onSensorChanged: mSensorEventpositive: false isVerify: false mIsScreenOn: false isFingerprintSuccess: false
06-06 17:34:44.741 I/frontfingerprintkey( 1442): onSensorChanged: isVerify:false
06-06 17:34:44.741 I/frontfingerprintkey( 1442): sensorRestartIdentify
06-06 17:34:44.741 D/frontfingerprintkey( 1442): startVerify
06-06 17:34:44.741 D/frontfingerprintkey( 1442): isFingerprintAuthAvailable: isVerify:false
06-06 17:34:44.741 W/frontfingerprintkey( 1442): start fingerprint verify fail
06-06 17:34:44.741 I/DaemonService( 2946): DataUsageService pid = 2463
06-06 17:34:44.751 D/Sensors ( 1442): disableSensor handle 14 in
06-06 17:34:44.751 D/SensorService( 1442): disable mLock_wait 0x00000000 mLock_status 0x00000000 mConnectionLock_wait 0x00000000 mConnectionLock_status 0x00000000
06-06 17:34:44.751 D/SensorService( 1442): SensorDevice::activate: ident=0x7f8c7a30a0, handle=0x0000000e, enabled=0, count=1
06-06 17:34:44.751 D/SensorService( 1442): disable index=0
06-06 17:34:44.751 D/SensorService( 1442): 	>>> actuating h/w activate handle=14 enabled=0
06-06 17:34:44.751 W/VivoSensorTest( 1442): activate: handle is 48, en is 0
06-06 17:34:44.751 D/audio_hw_primary(  454): adev_set_parameters: enter: screen_state=off
06-06 17:34:44.751 V/compress_voip(  454): voice_extn_compress_voip_set_parameters: enter: screen_state=off
06-06 17:34:44.751 V/compress_voip(  454): voice_extn_compress_voip_set_parameters: exit
06-06 17:34:44.751 V/msm8916_platform(  454): platform_set_parameters: enter: - screen_state=off
06-06 17:34:44.751 V/msm8916_platform(  454): platform_set_parameters: exit with code(0)
06-06 17:34:44.751 D/audio_hw_extn(  454): audio_extn_set_anc_parameters: anc_enabled:0
06-06 17:34:44.751 V/audio_hw_fm(  454): audio_extn_fm_set_parameters: enter
06-06 17:34:44.751 V/audio_hw_fm(  454): audio_extn_fm_set_parameters: exit
06-06 17:34:44.751 V/audio_hw_extn(  454): audio_extn_hpx_set_parameters
06-06 17:34:44.751 V/audio_hw_extn(  454): audio_extn_asphere_set_parameters: property not set!!! not doing anything
06-06 17:34:44.751 E/audio_a2dp_hw(  454): adev_set_parameters: ERROR: set param called even when stream out is null
06-06 17:34:44.751 D/Sensors ( 1442): disableSensor handle 14 ont
06-06 17:34:44.751 D/SensorManager( 1442): disableSensor type = 19,pid=1442
06-06 17:34:44.751 D/Sensors ( 1442): disableSensor handle 15 in
06-06 17:34:44.751 D/SensorService( 1442): disable mLock_wait 0x00000000 mLock_status 0x00000000 mConnectionLock_wait 0x00000000 mConnectionLock_status 0x00000000
06-06 17:34:44.751 D/SensorService( 1442): SensorDevice::activate: ident=0x7f8c7a30a0, handle=0x0000000f, enabled=0, count=1
06-06 17:34:44.751 D/SensorService( 1442): disable index=0
06-06 17:34:44.751 D/SensorService( 1442): 	>>> actuating h/w activate handle=15 enabled=0
06-06 17:34:44.751 W/VivoSensorTest( 1442): activate: handle is 49, en is 0
06-06 17:34:44.751 D/SettingsProvider( 1442): lookupValue table system cache contains Key bbk_screen_disable_change_music_setting , value = Bundle[{value=0}]
06-06 17:34:44.751 D/SettingsProvider( 1442): lookupValue table system cache contains Key bbk_screen_disable_to_unlock_setting , value = Bundle[{value=0}]
06-06 17:34:44.751 D/SettingsProvider( 1442): lookupValue table system cache contains Key bbk_screen_disable_wake_qq_setting , value = Bundle[{value=0}]
06-06 17:34:44.751 I/ExtraAlarmManager( 1442): Uid : 1000, Package name is : android
06-06 17:34:44.751 D/ExtraAlarmManager( 1442): UID : 1000 is the uid
06-06 17:34:44.751 I/ExtraAlarmManager( 1442): type: 2 Type: 2
06-06 17:34:44.751 V/AlarmAlign( 1442): addAlarm pkg = android, action = com.android.server.task.controllers.IdleController.ACTION_TRIGGER_IDLE, whenElapsed = 7414556
06-06 17:34:44.751 D/SettingsProvider( 1442): lookupValue table system cache contains Key bbk_screen_disable_wake_wechat_setting , value = Bundle[{value=0}]
06-06 17:34:44.751 D/SettingsProvider( 1442): lookupValue table system cache contains Key bbk_screen_disable_wake_music_setting , value = Bundle[{value=0}]
06-06 17:34:44.751 V/AlarmAlign( 1442): checkSet SCREEN_ON, type = 2, when = 3159498
06-06 17:34:44.751 V/AlarmAlign( 1442): setLocked to kernel, type = 2, when = 3159498, curTime = 3154556
06-06 17:34:44.751 D/SettingsProvider( 1442): lookupValue table system cache contains Key bbk_screen_disable_wake_browser_setting , value = Bundle[{value=0}]
06-06 17:34:44.751 D/SettingsProvider( 1442): lookupValue table system cache contains Key bbk_screen_disable_wake_dial_setting , value = Bundle[{value=0}]
06-06 17:34:44.751 D/SettingsProvider( 1442): lookupValue table system cache contains Key bbk_quick_open_camera_setting , value = Bundle[{value=0}]
06-06 17:34:44.751 D/SettingsProvider( 1442): lookupValue table system cache contains Key bbk_smart_wakeup , value = Bundle[{value=0}]
06-06 17:34:44.751 D/SettingsProvider( 1442): lookupValue table system cache contains Key bbk_screen_disable_wake_email_setting , value = Bundle[{value=0}]
06-06 17:34:44.751 D/SettingsProvider( 1442): lookupValue table system cache contains Key bbk_screen_disable_wake_facebook_setting , value = Bundle[{value=0}]
06-06 17:34:44.751 E/touchscreen( 1442): Open /sys/touchscreen/gesture_sign_switch failed
06-06 17:34:44.751 W/qti_sensors_hal( 1442): processInd get_report step_count 0.000000 step_rate 0.000000 step_confidence 0.000000 step_event 0.000000 step_count_error 0.000000
06-06 17:34:44.751 W/qti_sensors_hal( 1442): processInd: STEP COUNTER: step is 0, running_total 0 TS:3154557943691
06-06 17:34:44.751 W/qti_sensors_hal( 1442): processResp txn_id 0 78
06-06 17:34:44.751 W/qti_sensors_hal( 1442): hal_start_stepcounter_wakelock_timer: Setting stepcounter wakelock timer for 800 msec
06-06 17:34:44.751 W/qti_sensors_hal( 1442): acquire stepcounter wakelock
06-06 17:34:44.751 W/qti_sensors_hal( 1442): processResp txn_id 0 78
06-06 17:34:44.751 D/Sensors ( 1442): disableSensor handle 15 ont
06-06 17:34:44.751 D/SensorService( 1442): ~SensorEventConnection(0x7f8c7a30a0)
06-06 17:34:44.751 D/SensorService( 1442): 2 active sensors
06-06 17:34:44.751 D/SensorService( 1442): removing connection 0x7f8c7a30a0 for sensor[0].handle=0x00000005
06-06 17:34:44.751 D/SensorLogService( 1442): ACTION_SCREEN_OFF broadcast
06-06 17:34:44.751 D/SensorService( 1442): removing connection 0x7f8c7a30a0 for sensor[1].handle=0x00000009
06-06 17:34:44.751 I/VNOILNMS( 1442): ===VNOILNMS n=0 VideoStates=false NoticeStates=false flag_red=0 flag_green=0 mScreenOn=false mNotificationPulseEnabled=true
06-06 17:34:44.751 D/DisplayPowerController( 1442): updatePowerState use=false enabled=false  state=ON block=false
06-06 17:34:44.751 D/DisplayPowerController( 1442): chenyishi AAL AAL AAL
06-06 17:34:44.751 D/DisplayPowerState( 1442): Updating screen state: state=ON, backlight=0, backlightChanged=true mPowerAssistantMode=0
06-06 17:34:44.751 D/BBKTouchScreenService( 1442): Super power save property is false
06-06 17:34:44.751 D/BBKTouchScreenService( 1442): Set LCD backlight state OFF
06-06 17:34:44.751 D/BBKTouchScreenService( 1442): System Setting bbk_screen_disable_change_music_setting is 0
06-06 17:34:44.751 D/BBKTouchScreenService( 1442): System Setting bbk_screen_disable_to_unlock_setting is 0
06-06 17:34:44.751 D/BBKTouchScreenService( 1442): System Setting bbk_screen_disable_wake_qq_setting is 0
06-06 17:34:44.751 D/BBKTouchScreenService( 1442): System Setting bbk_screen_disable_wake_wechat_setting is 0
06-06 17:34:44.751 D/BBKTouchScreenService( 1442): System Setting bbk_screen_disable_wake_music_setting is 0
06-06 17:34:44.751 D/BBKTouchScreenService( 1442): System Setting bbk_screen_disable_wake_browser_setting is 0
06-06 17:34:44.751 D/BBKTouchScreenService( 1442): System Setting bbk_screen_disable_wake_dial_setting is 0
06-06 17:34:44.751 D/BBKTouchScreenService( 1442): System Setting bbk_quick_open_camera_setting is 0
06-06 17:34:44.751 D/BBKTouchScreenService( 1442): System Setting bbk_smart_wakeup is 0
06-06 17:34:44.751 D/BBKTouchScreenService( 1442): System Setting bbk_screen_disable_wake_email_setting is 0
06-06 17:34:44.751 D/BBKTouchScreenService( 1442): System Setting bbk_screen_disable_wake_facebook_setting is 0
06-06 17:34:44.751 D/BBKTouchScreenService( 1442): mGesturesSetting is 0
06-06 17:34:44.751 D/BBKTouchScreenService( 1442): mUdgesturesSetting is 0
06-06 17:34:44.751 D/BBKTouchScreenService( 1442): mTemplateValid is -1
06-06 17:34:44.751 D/FingerprintWakeHook( 1442): setAnimatedBacklight backlight=0
06-06 17:34:44.761 D/WifiConfigStore( 1442): set wifiDynamicBlacklistMinTimeMilli 300000ms
06-06 17:34:44.761 D/VolumePanel.327e0909( 2274): forceTimeout delay=0 callers=com.android.systemui.volume.VolumePanel.postDismiss:1131 com.android.systemui.volume.VolumePanel$4.onReceive:609 android.app.LoadedApk$ReceiverDispatcher$Args.run:876 
06-06 17:34:44.761 E/native  ( 1442): do suspend true
06-06 17:34:44.761 I/PowerUI ( 2274): PowerUI, onReceive, action = android.intent.action.SCREEN_OFF
06-06 17:34:44.761 I/PhoneStatusBar( 2274): PhoneStatusBar, onReceive, action = Intent { act=android.intent.action.SCREEN_OFF flg=0x50000010 }
06-06 17:34:44.771 V/VivoStats( 1442): noteScreenState state = 1, oldState = 2
06-06 17:34:44.771 V/VivoStats( 1442): noteScreenBrightness brightness = 0
06-06 17:34:44.771 D/Sensors ( 1442): disableSensor handle 5 in
06-06 17:34:44.771 D/SensorService( 1442): disable mLock_wait 0x00000000 mLock_status 0x00000000 mConnectionLock_wait 0x00000000 mConnectionLock_status 0x00000000
06-06 17:34:44.771 D/SensorService( 1442): 0x7f8b0eefc0 removeFd fd=274
06-06 17:34:44.771 D/SensorService( 1442): SensorDevice::activate: ident=0x7f8b0eefc0, handle=0x00000005, enabled=0, count=3
06-06 17:34:44.771 D/SensorService( 1442): disable index=0
06-06 17:34:44.771 D/SensorService( 1442): 	>>> actuating h/w batch 5 0 66667000 0
06-06 17:34:44.771 W/VivoSensorTest( 1442): int SensorsContext::batch(int, int, int64_t, int64_t) handle 20 flags 0 period_ns 66667000 timeout 0
06-06 17:34:44.771 W/qti_sensors_hal( 1442): batch:sensor(android.sensor.proximity) handle:20 flags:0x0 period_ns 66667000 timeout 0
06-06 17:34:44.771 V/PowerEffectManager( 2652): noteScreenState ScreenOn = false, LockUid = 10021, arg = 1
06-06 17:34:44.771 V/PowerEffectManager( 2652): noteBrightness = 0
06-06 17:34:44.771 I/ExtraAlarmManager( 1442): Uid : 1000, Package name is : com.vivo.pem
06-06 17:34:44.771 D/ExtraAlarmManager( 1442): UID : 1000 is the uid
06-06 17:34:44.771 I/ExtraAlarmManager( 1442): type: 2 Type: 2
06-06 17:34:44.771 D/SurfaceFlinger(  438): Set power mode=0, type=0 flinger=0x558285b550
06-06 17:34:44.771 D/qdhwcomposer(  438): hwc_setPowerMode: Setting mode 0 on display: 0
06-06 17:34:44.771 V/AlarmAlign( 1442): addAlarm pkg = com.vivo.pem, action = com.vivo.pem.power, whenElapsed = 3444574
06-06 17:34:44.771 V/AlarmAlign( 1442): addAlarm whenElapsed = 3444574
06-06 17:34:44.771 V/AlarmAlign( 1442): list mBatch[0] whenElapsed = 3159501, maxWhen = 3162501, pkg = com.android.systemui, action = com.android.internal.policy.impl.PhoneWindowManager.DELAYED_KEYGUARD
06-06 17:34:44.771 V/AlarmAlign( 1442): list mBatch[1] whenElapsed = 3444574, maxWhen = 3447574, pkg = com.vivo.pem, action = com.vivo.pem.power
06-06 17:34:44.771 V/AlarmAlign( 1442): list mBatch[2] whenElapsed = 3803626, maxWhen = 3806626, pkg = com.vivo.devicereg, action = android.intent.action.REG_ALARM_TIME_UP
06-06 17:34:44.771 V/PowerMonitor( 2652): setAlarm time = 3444574, mAlarmCount = 1
06-06 17:34:44.771 D/Sensors ( 1442): disableSensor handle 5 ont
06-06 17:34:44.771 D/SensorService( 1442): ~SensorEventConnection(0x7f8b0eefc0)
06-06 17:34:44.771 D/SensorService( 1442): 2 active sensors
06-06 17:34:44.771 D/SensorService( 1442): removing connection 0x7f8b0eefc0 for sensor[0].handle=0x00000005
06-06 17:34:44.771 D/SensorService( 1442): removing connection 0x7f8b0eefc0 for sensor[1].handle=0x00000009
06-06 17:34:44.771 D/DisplayPowerController( 1442): updatePowerState: mPowerRequest.useProximitySensor=false, mProximity=Unknown, mScreenOffBecauseOfProximity=false mPowerRequest.screenState = OFF mWaitingForNegativeProximity = false
06-06 17:34:44.771 D/DisplayPowerController( 1442): updatePowerState use=false enabled=false  state=OFF block=false
06-06 17:34:44.771 D/DisplayPowerController( 1442): chenyishi AAL AAL AAL
06-06 17:34:44.771 D/VivoAAL ( 1442): setScreenState off.
06-06 17:34:44.771 D/DisplayPowerController( 1442): updatePowerState: mPowerRequest.useProximitySensor=false, mProximity=Unknown, mScreenOffBecauseOfProximity=false mPowerRequest.screenState = OFF mWaitingForNegativeProximity = false
06-06 17:34:44.771 D/DisplayPowerController( 1442): updatePowerState use=false enabled=false  state=OFF block=false
06-06 17:34:44.771 D/DisplayPowerController( 1442): chenyishi AAL AAL AAL
06-06 17:34:44.771 D/DisplayPowerState( 1442): Updating screen state: state=OFF, backlight=0, backlightChanged=false mPowerAssistantMode=0
06-06 17:34:44.771 D/VivoAAL ( 1442): handleMessage MSG_PSENSOR_DISABLE
06-06 17:34:44.771 I/DisplayManagerService( 1442): Display device changed: DisplayDeviceInfo{"内置屏幕": uniqueId="local:0", 1080 x 1920, 60.0 fps, supportedRefreshRates [60.0], density 480, 386.366 x 387.047 dpi, appVsyncOff 0, presDeadline 17666667, touch INTERNAL, rotation 0, type BUILT_IN, state OFF, FLAG_DEFAULT_DISPLAY, FLAG_ROTATES_WITH_CONTENT, FLAG_SECURE, FLAG_SUPPORTS_PROTECTED_BUFFERS}
06-06 17:34:44.771 V/ActivityManager( 1442): Display changed displayId=0
06-06 17:34:44.791 D/Updater/AutoDownloadReceiver( 4371): Receive action : com.vivo.updater.action.SCREEN_OFF
06-06 17:34:44.791 D/DeviceListener( 2652): ++onReceive++:android.intent.action.SCREEN_OFF
06-06 17:34:44.791 D/WaveOpenApplication( 2652): WaveOpenPollEnable:false,0
06-06 17:34:44.791 D/WaveOpenApplication( 2652): ACTION_SCREEN_OFF
06-06 17:34:44.791 D/DeviceListener( 2652): onReceiveandroid.intent.action.SCREEN_OFF
06-06 17:34:44.791 I/UpSlideUpdateMonitor( 2274): SystemUI|UpSlideUPdateMonitor, onReceive, action = android.intent.action.SCREEN_OFF
06-06 17:34:44.791 I/UpSlideTransparentView( 2274): SystemUI|onCollapseFinished()
06-06 17:34:44.791 I/UpSlideHelper( 2274): SystemUI|onViewStateChanged to 1
06-06 17:34:44.791 I/UpSlideHelper( 2274): SystemUI|onViewStateChanged to 1
06-06 17:34:44.791 I/UpSlideHelper( 2274): SystemUI|onViewStateChanged to 4
06-06 17:34:44.791 I/PhoneStatusBar( 2274): SystemUI|isUpSlideDisabled: considerBarExpand = true, isDisabled = false, isBarExpanded = false, isKeyguardShowing = false
06-06 17:34:44.791 I/UpSlideHelper( 2274): SystemUI|isExpandDisabled() : isUpSlideDisabled = false, spsOn = false, mSpsClickedfalse
06-06 17:34:44.791 I/UpSlideTransparentView( 2274): SystemUI|updateLayoutParams, isAnimationRunning = false, force = true
06-06 17:34:44.791 I/UpSlideTransparentView( 2274): SystemUI|UpdateLayoutParams, touchable = true, focusable = false, mLps.width = -1, mLps.height = 42, force = true
06-06 17:34:44.791 W/ContextImpl( 2652): Calling a method in the system process without a qualified user: android.app.ContextImpl.sendBroadcast:1373 android.content.ContextWrapper.sendBroadcast:377 com.vivo.daemonService.VivoDaemonServiceApp$3.onReceive:526 android.app.LoadedApk$ReceiverDispatcher$Args.run:876 android.os.Handler.handleCallback:739 
06-06 17:34:44.801 D/Updater/PrefsUtils( 4371): ↓↓↓Get update info from SharedPreferences↓↓↓
06-06 17:34:44.801 D/Updater/PrefsUtils( 4371): Version :              3.7.3
06-06 17:34:44.801 D/Updater/PrefsUtils( 4371): UpdateType :           incre
06-06 17:34:44.801 D/Updater/PrefsUtils( 4371): Md5 :                  0e5bfeeb3b40081d16a7622716f1d7dc
06-06 17:34:44.801 D/Updater/PrefsUtils( 4371): DownloadUrl :          http://sysupgrade.vivo.com.cn/update/download.do?fileName=PD1603-PD1603MA-update-patch_3.7.3_for_1.16.7_201705021554566026.zip&fileLength=294598435&up.imei=862720034960682&up.hboot=null&up.newVersion=3.7.3&up.type=incre&up.model=PD1603&up.version=PD1603_N_PD1603MA_1.16.7&up.proname=vivo+X7Plus&up.elapsedtime=166465417&up.querytype=1&up.st1=0&up.st2=0&up.sf=0&up.nt=WIFI&up.srm1=0&up.srm2=0&up.autodl=0
06-06 17:34:44.801 D/Updater/PrefsUtils( 4371): AutoDownloadFlag :     false
06-06 17:34:44.801 D/Updater/PrefsUtils( 4371): Forced update package: false
06-06 17:34:44.801 V/AlarmAlign( 1442): remove pkg = android, action = VIVO_PKT_FILTER
06-06 17:34:44.801 I/ExtraAlarmManager( 1442): type: 3 Type: 3
06-06 17:34:44.811 I/Updater/receiver/ScreenActionRecorder( 4371): Receive action : com.vivo.updater.action.SCREEN_OFF
06-06 17:34:44.811 I/Updater/EventLogs( 4371): Screen off
06-06 17:34:44.811 I/AppStore.AutoUpdateReceiver( 5369): onReceive, intent action is android.intent.action.SCREEN_OFF
06-06 17:34:44.811 I/AppStore.AutoUpdateReceiver( 5369): start AutoUpdateService
06-06 17:34:44.821 V/AlarmAlign( 1442): remove pkg = com.bbk.appstore, action = com.bbk.appstore.action.ACTION_SILENT_UPDATE_BY_ALARM
06-06 17:34:44.821 I/ExtraAlarmManager( 1442): Uid : 10022, Package name is : com.bbk.appstore
06-06 17:34:44.821 D/ExtraAlarmManager( 1442): com.bbk.appstore: is package
06-06 17:34:44.821 I/ExtraAlarmManager( 1442): type: 0 Type: 0
06-06 17:34:44.821 V/AlarmAlign( 1442): addAlarm pkg = com.bbk.appstore, action = com.bbk.appstore.action.ACTION_SILENT_UPDATE_BY_ALARM, whenElapsed = 4954625
06-06 17:34:44.821 D/SettingsProvider( 1442): lookupValue table system cache contains Key user_experience_improve_plan , value = Bundle[{value=1}]
06-06 17:34:44.821 I/Updater/receiver/ScreenActionRecorder( 4371): Screen off time refreshed!
06-06 17:34:44.841 D/CommonProvider( 4490): CommonProvider insert success, result = content://com.bbk.iqoo.logsystemes/atr/422206
06-06 17:34:44.841 D/CommonProvider( 4490): CommonProvider insert success, result = content://com.bbk.iqoo.logsystemes/aaa/607290
06-06 17:34:44.841 D/screen  ( 4490): item has writed into app_table
06-06 17:34:44.981 I/CusWid/GirlUIController( 2463): ----------- message update loop -------------
06-06 17:34:44.981 I/CusWid/GirlUIController( 2463): *****************onLoop*****************
06-06 17:34:44.981 I/CusWid/ManagerWidget( 2463): requstScoreValues..from where: 4001
06-06 17:34:44.991 I/CusWid/ManagerWidget( 2463): getRunningAppNumber..
06-06 17:34:44.991 I/SpeedUpDataUtils( 2946): mTotalMemSize is : 3578
06-06 17:34:44.991 D/GetBgAppsNumService( 2946): GetBgAppsNumService.onCreate()
06-06 17:34:44.991 I/SpeedUpDataUtils( 2946): mFreeMemSize is : 2394
06-06 17:34:44.991 D/PreloadingLightSensor( 1442): handleMessage MSG_DISABLE_PRE_LIGHT_SENSOR
06-06 17:34:45.001 I/CusWid/ManagerWidget( 2463): init ram memory values
06-06 17:34:45.001 D/SettingsProvider( 1442): lookupValue table system cache contains Key bbk_update_notice , value = Bundle[{value=0}]
06-06 17:34:45.001 D/GetBgAppsNumService( 2946): GetBgAppsNumService.onStartCommand 
06-06 17:34:45.001 I/GetBgAppsNumService( 2946): intent is : Intent { act=com.android.GET_BG_APPS_NUM pkg=com.vivo.securedaemonservice } ; mResourcePkg is : null ; mIncludeWhite is : false
06-06 17:34:45.001 I/GetBgAppsNumService( 2946): getBgRunningApps()[begin]
06-06 17:34:45.001 I/SpeedUpDataUtils( 2946): srcPkgName is : null ; includeWhiteList is : false
06-06 17:34:45.001 I/CusWid/GirlUIController( 2463): onUpdateRamPercent percent is : 34
06-06 17:34:45.001 I/CusWid/GirlUIController( 2463): updateRamPercent,id 9
06-06 17:34:45.001 I/NumberView( 2463): smartGetBitmap.. key: 3, firstResId: 2130838099
06-06 17:34:45.001 I/NumberView( 2463): smartGetBitmap.. key: 4, firstResId: 2130838099
06-06 17:34:45.001 I/DaemonService( 2946): DataUsageService pid = 2463
06-06 17:34:45.011 I/CusWid/GirlUIController( 2463): is not home,so abandon change!
06-06 17:34:45.011 I/CusWid/GirlUIController( 2463): updateRamPercent,id 2
06-06 17:34:45.011 I/NumberView( 2463): smartGetBitmap.. key: 3, firstResId: 2130838099
06-06 17:34:45.011 I/NumberView( 2463): smartGetBitmap.. key: 4, firstResId: 2130838099
06-06 17:34:45.011 D/SpeedUpDataUtils( 2946):  pkgName is : com.bbk.launcher2 ; proName is : com.bbk.launcher2 ; appType is : 1
06-06 17:34:45.011 I/SpeedUpDataUtils( 2946): get Running launcher is : com.bbk.launcher2 ; process name is : com.bbk.launcher2
06-06 17:34:45.011 I/CusWid/GirlUIController( 2463): is not home,so abandon change!
06-06 17:34:45.011 D/PhoneScanUtils( 5409): virusNum = 0
06-06 17:34:45.011 D/PrefManager( 5409): get prefName=phone_scan,key = virus_scan_used,value=false
06-06 17:34:45.011 D/SettingsProvider( 1442): lookupValue table system cache contains Key floatmode , value = Bundle[{value=0}]
06-06 17:34:45.011 I/SpeedUpDataUtils( 2946): get underSpliteScreenMode is : false
06-06 17:34:45.011 I/StorageManagerWrapper( 5409): storage:/storage/emulated/0 type:InternalStorage
06-06 17:34:45.011 I/StorageManagerWrapper( 5409): storage:/storage/otg/sda type:UsbStorage
06-06 17:34:45.011 I/StorageManagerWrapper( 5409): storage:/storage/otg/sdb type:UsbStorage
06-06 17:34:45.011 I/StorageManagerWrapper( 5409): storage:/storage/otg/sdc type:UsbStorage
06-06 17:34:45.011 I/StorageManagerWrapper( 5409): storage:/storage/otg/sdd type:UsbStorage
06-06 17:34:45.011 I/StorageManagerWrapper( 5409): storage:/storage/otg/sde type:UsbStorage
06-06 17:34:45.011 I/StorageManagerWrapper( 5409): storage:/storage/otg/sdf type:UsbStorage
06-06 17:34:45.011 I/StorageManagerWrapper( 5409): storage:/storage/emulated/0 type:InternalStorage
06-06 17:34:45.011 I/StorageManagerWrapper( 5409): storage:/storage/otg/sda type:UsbStorage
06-06 17:34:45.011 I/StorageManagerWrapper( 5409): storage:/storage/otg/sdb type:UsbStorage
06-06 17:34:45.011 I/StorageManagerWrapper( 5409): storage:/storage/otg/sdc type:UsbStorage
06-06 17:34:45.011 I/StorageManagerWrapper( 5409): storage:/storage/otg/sdd type:UsbStorage
06-06 17:34:45.011 I/StorageManagerWrapper( 5409): storage:/storage/otg/sde type:UsbStorage
06-06 17:34:45.011 I/StorageManagerWrapper( 5409): storage:/storage/otg/sdf type:UsbStorage
06-06 17:34:45.011 D/PhoneScanUtils( 5409): isSpaceNotEnough=false, spaceStatus=0
06-06 17:34:45.011 D/PhoneScanUtils( 5409): Phone Clean notUsed: true, spaceNotEnough: false
06-06 17:34:45.011 W/Settings( 5409): Setting airplane_mode_on has moved from android.provider.Settings.System to android.provider.Settings.Global, returning read-only value.
06-06 17:34:45.011 D/NetworkTelephony( 5409): current isOnAirplaneMode:false
06-06 17:34:45.021 D/SpeedUpDataUtils( 2946):  pkgName is : com.baidu.input_bbk.service ; proName is : com.baidu.input_bbk.service ; appType is : 2
06-06 17:34:45.021 I/SpeedUpDataUtils( 2946): default input method service pkgName :  com.baidu.input_bbk.service/.PinyinIME ; inputMethodPkgName string is : com.baidu.input_bbk.service
06-06 17:34:45.021 D/PhoneScanUtils( 5409): unIntercept Ad apps num: 0
06-06 17:34:45.021 D/PhoneScanUtils( 5409): scanLevel=1, score=0, isBestState=false, argInt=0, argLong=0
06-06 17:34:45.021 D/PhoneScanUtils( 5409): scanLevel=3, score=0, isBestState=true, argInt=0, argLong=0
06-06 17:34:45.021 D/PhoneScanUtils( 5409): scanLevel=5, score=3, isBestState=false, argInt=-1, argLong=0
06-06 17:34:45.021 D/PhoneScanUtils( 5409): scanLevel=2, score=0, isBestState=false, argInt=-1, argLong=0
06-06 17:34:45.021 D/PhoneScanUtils( 5409): scanLevel=7, score=0, isBestState=true, argInt=0, argLong=0
06-06 17:34:45.021 D/PhoneScanUtils( 5409): getTotalScanInfoForWidget score=97, badItemNum=1
06-06 17:34:45.021 I/CusWid/ManagerWidget( 2463): onReceive.. action: com.iqoo.secure.action.PHONESCAN_COMPLETED
06-06 17:34:45.021 I/CusWid/ManagerWidget( 2463): handling action: com.iqoo.secure.action.PHONESCAN_COMPLETED
06-06 17:34:45.021 I/CusWid/GirlUIController( 2463): onUpdateScore.. score: 97
06-06 17:34:45.021 I/CusWid/GirlUIController( 2463): widgetUint,id 9
06-06 17:34:45.021 I/CusWid/GirlUIController( 2463): widgetUint,id 2
06-06 17:34:45.031 D/SecureProvider( 2463): caller uid: 1000 context: com.iqoo.secure.AppFeature@18687f5b
06-06 17:34:45.031 I/SpeedUpDataUtils( 2946):  put running task pkg name is : io.dcloud.H58040C5A
06-06 17:34:45.041 I/SpeedUpDataUtils( 2946):  put running task pkg name is : com.android.settings
06-06 17:34:45.041 I/SpeedUpDataUtils( 2946): add running service package name is : com.vivo.browser ; service name is : com.vivo.browser.ui.module.safe.BrowserSecureService
06-06 17:34:45.051 D/qdhwcomposer(  438): hwc_setPowerMode: Done setting mode 0 on display 0
06-06 17:34:45.051 I/qdhwcomposer(  438): handle_blank_event: dpy:0 panel power state: 0
06-06 17:34:45.051 D/SurfaceControl( 1442): Excessive delay in setPowerMode(): 283ms
06-06 17:34:45.051 I/QTI PowerHAL( 1442): Got set_interactive hint
06-06 17:34:45.051 D/DisplayPowerController( 1442): updatePowerState: mPowerRequest.useProximitySensor=false, mProximity=Unknown, mScreenOffBecauseOfProximity=false mPowerRequest.screenState = OFF mWaitingForNegativeProximity = false
06-06 17:34:45.051 D/DisplayPowerController( 1442): updatePowerState use=false enabled=false  state=OFF block=false
06-06 17:34:45.051 D/DisplayPowerController( 1442): chenyishi AAL AAL AAL
06-06 17:34:45.061 V/VivoStats( 1442): noteActivityPausedLocked uid = 10021
06-06 17:34:45.061 I/SurfaceFlinger(  438): FPS: 4
06-06 17:34:45.071 I/SpeedUpDataUtils( 2946): add running service package name is : com.chaozh.iReader ; service name is : com.taobao.accs.ChannelService
06-06 17:34:45.101 I/art     (19374): Explicit concurrent mark sweep GC freed 25109(1698KB) AllocSpace objects, 31(2MB) LOS objects, 41% free, 11MB/19MB, paused 857us total 44.895ms
06-06 17:34:45.111 V/ActivityManager( 1442): Ensuring correct configuration: ActivityRecord{25cfbe08 u0 io.dcloud.H58040C5A/io.dcloud.PandoraEntryActivity t7514}
06-06 17:34:45.111 V/ActivityManager( 1442): Configuration unchanged in ActivityRecord{25cfbe08 u0 io.dcloud.H58040C5A/io.dcloud.PandoraEntryActivity t7514}
06-06 17:34:45.111 V/ActivityManager( 1442): Ensuring correct configuration: ActivityRecord{25cfbe08 u0 io.dcloud.H58040C5A/io.dcloud.PandoraEntryActivity t7514}
06-06 17:34:45.111 V/ActivityManager( 1442): Configuration unchanged in ActivityRecord{25cfbe08 u0 io.dcloud.H58040C5A/io.dcloud.PandoraEntryActivity t7514}
