06-06 17:34:52.071 V/PanelView( 2274): com.android.systemui:id/notification_panel: setExpandedHeight(690.0)
06-06 17:34:52.071 V/PanelBar( 2274): panelExpansionChanged: start state=1 panel=com.android.systemui:id/notification_panel
06-06 17:34:52.071 V/PanelBar( 2274): panelExpansionChanged:  -> com.android.systemui:id/notification_panel: f=0.8
06-06 17:34:52.071 V/PanelBar( 2274): panelExpansionChanged: end state=1 [ ]
06-06 17:34:52.071 E/VivoSensorTest( 1442): Sensor Data:x = 0 y= 0 z = 0	
06-06 17:34:52.071 D/VivoSensorTest( 1442): sensor_command_start end
06-06 17:34:52.071 D/VivoSensorTest( 1442): [init_ps_cali] get ps index success,ps index:0
06-06 17:34:52.071 D/VivoSensorTest( 1442): [init_ps_cali..],ps_para_index:0 base_value: 200 base_value_min: 0 base_value_max:900
06-06 17:34:52.071 D/VivoSensorTest( 1442): [init_ps_cali],ps_para_index:0 def_base[0]:200.000000 min_base[0]:0.000000 max_base[0]:900.000000
06-06 17:34:52.071 D/VivoSensorTest( 1442): sensor_getrawdata_test_start start
06-06 17:34:52.081 E/native  ( 1442): do suspend false
06-06 17:34:52.081 D/VivoSensorTest( 1442): sensor_getrawdata_test_start end
06-06 17:34:52.091 I/PowerUI ( 2274): PowerUI, onReceive, action = android.intent.action.SCREEN_ON
06-06 17:34:52.091 I/PhoneStatusBar( 2274): PhoneStatusBar, onReceive, action = Intent { act=android.intent.action.SCREEN_ON flg=0x50000010 }
06-06 17:34:52.091 I/DisplayPowerController( 1442): Unblocked screen on after 90 ms
06-06 17:34:52.091 D/DisplayPowerController( 1442): updatePowerState: mPowerRequest.useProximitySensor=false, mProximity=Unknown, mScreenOffBecauseOfProximity=false mPowerRequest.screenState = ON mWaitingForNegativeProximity = false
06-06 17:34:52.091 D/DisplayPowerController( 1442): updatePowerState use=false enabled=false  state=ON block=false
06-06 17:34:52.091 D/DisplayPowerController( 1442): chenyishi AAL AAL AAL
06-06 17:34:52.101 D/Ulp_jni ( 1442): JNI:system_update. Event-0
06-06 17:34:52.101 E/LocSvc_libulp( 1442): W/Loc HAL handshake did not happen yet...
06-06 17:34:52.101 D/VivoSensorTest( 1442): sensor_getrawdata_test_start start
06-06 17:34:52.101 D/VivoSensorTest( 1442): sensor_getrawdata_test_start end
06-06 17:34:52.101 V/AlarmAlign( 1442): remove pkg = android, action = VIVO_PKT_FILTER
06-06 17:34:52.101 I/WifiNative-HAL( 1442): startHal
06-06 17:34:52.101 D/WifiNative-HAL( 1442): setBeaconMissPenalize 3
06-06 17:34:52.101 D/wifi    ( 1442): setting jboolean android::android_net_wifi_setBeaconMissPenalize(JNIEnv*, jclass, jint, jint), 0x7f8c15d530, count = 3
06-06 17:34:52.101 I/WifiHAL ( 1442): ******HexDump len:0*********
06-06 17:34:52.101 I/WifiHAL ( 1442): ******HexDump End***********
06-06 17:34:52.101 W/ContextImpl( 2652): Calling a method in the system process without a qualified user: android.app.ContextImpl.sendBroadcast:1373 android.content.ContextWrapper.sendBroadcast:377 com.vivo.daemonService.VivoDaemonServiceApp$4.onReceive:545 android.app.LoadedApk$ReceiverDispatcher$Args.run:876 android.os.Handler.handleCallback:739 
06-06 17:34:52.111 E/WifiHAL ( 1442): virtual int WifiVendorCommand::create() ifindex obtained:22
06-06 17:34:52.111 E/WifiHAL ( 1442): virtual int WifiVendorCommand::set_iface_id(const char*) ifindex obtained:22
06-06 17:34:52.111 D/WifiHAL ( 1442): virtual int WifiVendorCommand::requestResponse(): request a response
06-06 17:34:52.111 I/Updater/receiver/ScreenActionRecorder( 4371): Receive action : com.vivo.updater.action.SCREEN_ON
06-06 17:34:52.111 I/Updater/EventLogs( 4371): Screen on
06-06 17:34:52.111 D/DeviceListener( 2652): ++onReceive++:android.intent.action.SCREEN_ON
06-06 17:34:52.111 D/SettingsProvider( 1442): lookupValue table system cache contains Key bbk_wave_open_application_setting , value = Bundle[{value=0}]
06-06 17:34:52.111 D/WaveOpenApplication( 2652): WaveOpenPollEnable:true,0
06-06 17:34:52.111 D/WaveOpenApplication( 2652): ACTION_SCREEN_ON
06-06 17:34:52.111 D/DeviceListener( 2652): onReceiveandroid.intent.action.SCREEN_ON
06-06 17:34:52.111 I/UpSlideUpdateMonitor( 2274): SystemUI|UpSlideUPdateMonitor, onReceive, action = android.intent.action.SCREEN_ON
06-06 17:34:52.111 I/EyeSwitcher( 2274): SystemUI|onScreenTurnOn
06-06 17:34:52.111 I/EyeSwitcher( 2274): SystemUI|onScreenTurnOn >>> isScheduleBoxOn = false mNightModeAlarmAlertedDuringScreenOff = false
06-06 17:34:52.111 I/PhoneStatusBar( 2274): SystemUI|isUpSlideDisabled: considerBarExpand = true, isDisabled = false, isBarExpanded = true, isKeyguardShowing = true
06-06 17:34:52.111 I/UpSlideHelper( 2274): SystemUI|isExpandDisabled() : isUpSlideDisabled = true, spsOn = false, mSpsClickedfalse
06-06 17:34:52.111 I/UpSlideTransparentView( 2274): SystemUI|updateLayoutParams, isAnimationRunning = false, force = true
06-06 17:34:52.111 I/UpSlideTransparentView( 2274): SystemUI|UpdateLayoutParams, touchable = false, focusable = false, mLps.width = -1, mLps.height = 42, force = true
06-06 17:34:52.121 I/AppRunTimeRecord( 4490): init mLastRecord
06-06 17:34:52.121 D/VivoSensorTest( 1442): sensor_getrawdata_test_start start
06-06 17:34:52.131 V/InputDispatcher( 1442): Asynchronous input event injection succeeded.
06-06 17:34:52.131 D/VivoSensorTest( 1442): sensor_getrawdata_test_start end
06-06 17:34:52.131 I/Updater/receiver/ScreenActionRecorder( 4371): Screen on!
06-06 17:34:52.151 D/VivoSensorTest( 1442): sensor_getrawdata_test_start start
06-06 17:34:52.151 D/VivoSensorTest( 1442): sensor_getrawdata_test_start end
06-06 17:34:52.171 D/VivoSensorTest( 1442): sensor_getrawdata_test_start start
06-06 17:34:52.171 D/VivoSensorTest( 1442): sensor_getrawdata_test_start end
06-06 17:34:52.191 V/InputDispatcher( 1442): Asynchronous input event injection succeeded.
06-06 17:34:52.191 D/VivoSensorTest( 1442): sensor_getrawdata_test_start start
06-06 17:34:52.201 D/VivoSensorTest( 1442): sensor_getrawdata_test_start end
06-06 17:34:52.211 I/qdhwcomposer(  438): handle_blank_event: dpy:0 panel power state: 1
06-06 17:34:52.211 D/qdhwcomposer(  438): hwc_setPowerMode: Done setting mode 2 on display 0
06-06 17:34:52.211 D/SurfaceControl( 1442): Excessive delay in setPowerMode(): 207ms
06-06 17:34:52.211 I/DisplayPowerState( 1442): getColorManagerInstance mode number =0
06-06 17:34:52.211 D/DisplayPowerState( 1442): Updating screen state: state=ON, backlight=20, backlightChanged=true mPowerAssistantMode=0
06-06 17:34:52.211 D/BBKTouchScreenService( 1442): Super power save property is false
06-06 17:34:52.211 D/BBKTouchScreenService( 1442): Set LCD backlight state ON
06-06 17:34:52.211 D/BBKTouchScreenService( 1442): The mProximiteListenerRegistered is 0 on is false
06-06 17:34:52.211 D/FingerprintWakeHook( 1442): setAnimatedBacklight backlight=20
06-06 17:34:52.211 D/DisplayPowerController( 1442): updatePowerState: mPowerRequest.useProximitySensor=false, mProximity=Unknown, mScreenOffBecauseOfProximity=false mPowerRequest.screenState = ON mWaitingForNegativeProximity = false
06-06 17:34:52.211 D/DisplayPowerController( 1442): updatePowerState use=false enabled=false  state=ON block=false
06-06 17:34:52.211 D/DisplayPowerController( 1442): chenyishi AAL AAL AAL
06-06 17:34:52.221 D/VivoSensorTest( 1442): sensor_getrawdata_test_start start
06-06 17:34:52.231 D/VivoSensorTest( 1442): sensor_getrawdata_test_start end
06-06 17:34:52.231 I/SurfaceFlinger(  438): FPS: 3
06-06 17:34:52.241 I/KeyguardHostContainer( 2274): keygurad touch event : MotionEvent { action=ACTION_UP, id[0]=0, x[0]=534.9284, y[0]=1382.0896, toolType[0]=TOOL_TYPE_UNKNOWN, buttonState=0, metaState=0, flags=0x0, edgeFlags=0x0, pointerCount=1, historySize=0, eventTime=3161930, downTime=3161817, deviceId=0, source=0x1002 }
06-06 17:34:52.241 D/KeyguardMagazineView( 2274): ACTION_UP mTranslationY = 0, mTranslationX = 0
06-06 17:34:52.241 I/KeyguardMagazineView( 2274): mOnlyAffordanceInThisMotion = false, mTranslationY = 0, mBgView0.0
06-06 17:34:52.241 I/KeyguardMagazineView( 2274): moveViews reset =  false
06-06 17:34:52.241 D/KeyguardSecurityModel( 2274): getSecurityMode mode =  None
06-06 17:34:52.251 D/VivoSensorTest( 1442): sensor_getrawdata_test_start start
06-06 17:34:52.251 I/KeyguardHostContainer( 2274): keygurad touch event : MotionEvent { action=ACTION_DOWN, id[0]=0, x[0]=534.9284, y[0]=1382.0896, toolType[0]=TOOL_TYPE_UNKNOWN, buttonState=0, metaState=0, flags=0x0, edgeFlags=0x0, pointerCount=1, historySize=0, eventTime=3161995, downTime=3161995, deviceId=0, source=0x1002 }
06-06 17:34:52.251 D/VivoKeyguardViewPager( 2274): onInterceptTouchEvent---ACTION_DOWN 
06-06 17:34:52.251 D/VivoSensorTest( 1442): sensor_getrawdata_test_start end
06-06 17:34:52.261 I/KeyguardCameraLaunchManager( 2274): SystemUI|hasSim1,hasSim2 = false,false
06-06 17:34:52.261 I/KeyguardCameraLaunchManager( 2274): SystemUI|hasSim1,hasSim2 = false,false
06-06 17:34:52.261 I/KeyguardMagazineView( 2274): moveViews reset =  false
06-06 17:34:52.271 D/KeyguardSecurityModel( 2274): getSecurityMode mode =  None
06-06 17:34:52.271 V/PanelView( 2274): com.android.systemui:id/notification_panel: setExpandedHeight(690.0)
06-06 17:34:52.271 V/PanelBar( 2274): panelExpansionChanged: start state=1 panel=com.android.systemui:id/notification_panel
06-06 17:34:52.271 V/PanelBar( 2274): panelExpansionChanged:  -> com.android.systemui:id/notification_panel: f=0.8
06-06 17:34:52.271 V/PanelBar( 2274): panelExpansionChanged: end state=1 [ ]
06-06 17:34:52.271 D/VivoSensorTest( 1442): sensor_getrawdata_test_start start
06-06 17:34:52.281 D/VivoSensorTest( 1442): sensor_getrawdata_test_start end
06-06 17:34:52.281 I/KeyguardMagazineView( 2274): moveViews reset =  false
06-06 17:34:52.281 D/KeyguardSecurityModel( 2274): getSecurityMode mode =  None
06-06 17:34:52.281 E/qti_sensors_hal( 1442): w_orient output WORT -1 0 0
06-06 17:34:52.281 V/WindowOrientationListener( 1442): w_orient: framework Raw window_orientation data: x=-1.0, y=0.0, z=0.0
06-06 17:34:52.281 V/WindowOrientationListener( 1442): w_orient: oldProposedRotation=-1 proposedRotation=-1
06-06 17:34:52.301 I/KeyguardMagazineView( 2274): moveViews reset =  false
06-06 17:34:52.301 D/VivoSensorTest( 1442): sensor_getrawdata_test_start start
06-06 17:34:52.301 D/KeyguardSecurityModel( 2274): getSecurityMode mode =  None
06-06 17:34:52.301 D/NetworkManagementService( 1442): hardware tether stats:NetworkStats: elapsedRealtime=3162100
06-06 17:34:52.301 D/NetworkManagementService( 1442): getNetworkStatsSummaryXt:NetworkStats: elapsedRealtime=3162106
06-06 17:34:52.301 D/NetworkManagementService( 1442):   [0] iface=wlan0 uid=-1 set=ALL tag=0x0 rxBytes=6732372 rxPackets=5343 txBytes=241022 txPackets=3194 operations=0
06-06 17:34:52.301 D/NetworkManagementService( 1442):   [1] iface=rmnet_data7 uid=-1 set=ALL tag=0x0 rxBytes=396 rxPackets=5 txBytes=522 txPackets=8 operations=0
06-06 17:34:52.301 D/NetworkManagementService( 1442):   [2] iface=lo uid=-1 set=ALL tag=0x0 rxBytes=27426677 rxPackets=21974 txBytes=27426677 txPackets=21974 operations=0
06-06 17:34:52.301 D/NetworkManagementService( 1442): hardware tether stats:NetworkStats: elapsedRealtime=3162107
06-06 17:34:52.311 D/DataUsageService( 2463): mStatsUpdateReceiver intent:Intent { act=com.android.server.action.NETWORK_STATS_UPDATED flg=0x40000010 }
06-06 17:34:52.311 D/VivoSensorTest( 1442): sensor_getrawdata_test_start end
06-06 17:34:52.311 D/SettingsProvider( 1442): lookupValue table system cache contains Key data_usage_show_flow , value = Bundle[{value=null}]
06-06 17:34:52.311 D/DataUsagePrefs( 2463): getDataUsageShowFlow value:false
06-06 17:34:52.311 V/InputDispatcher( 1442): Asynchronous input event injection succeeded.
06-06 17:34:52.311 I/KeyguardHostContainer( 2274): keygurad touch event : MotionEvent { action=ACTION_UP, id[0]=0, x[0]=534.9284, y[0]=1382.0896, toolType[0]=TOOL_TYPE_UNKNOWN, buttonState=0, metaState=0, flags=0x0, edgeFlags=0x0, pointerCount=1, historySize=0, eventTime=3162116, downTime=3161995, deviceId=0, source=0x1002 }
06-06 17:34:52.311 D/DataUsagePrefs( 2463): getDataUsageExceptionRemain value:true
06-06 17:34:52.311 D/NetworkManagementService( 1442): getNetworkStatsSummaryDev:NetworkStats: elapsedRealtime=3162109
06-06 17:34:52.311 D/NetworkManagementService( 1442):   [0] iface=wlan0 uid=-1 set=ALL tag=0x0 rxBytes=6761697 rxPackets=6127 txBytes=291903 txPackets=3316 operations=0
06-06 17:34:52.311 D/NetworkManagementService( 1442):   [1] iface=rmnet_data7 uid=-1 set=ALL tag=0x0 rxBytes=468 rxPackets=6 txBytes=660 txPackets=9 operations=0
06-06 17:34:52.311 D/NetworkManagementService( 1442):   [2] iface=lo uid=-1 set=ALL tag=0x0 rxBytes=27426858 rxPackets=21976 txBytes=27426858 txPackets=21976 operations=0
06-06 17:34:52.321 D/DataUsagePrefs( 2463): getDataUsageMonitor value:true
06-06 17:34:52.321 D/DataUsageService( 2463): needExceptionRemind needRemained:false
06-06 17:34:52.321 D/DataUsageService( 2463): updateNotificationsLocked()
06-06 17:34:52.321 I/KeyguardMagazineView( 2274): moveViews reset =  false
06-06 17:34:52.321 D/DataUsagePrefs( 2463): getDataUsageMonitor value:true
06-06 17:34:52.321 D/KeyguardSecurityModel( 2274): getSecurityMode mode =  None
06-06 17:34:52.331 D/VivoSensorTest( 1442): sensor_getrawdata_test_start start
06-06 17:34:52.331 I/KeyguardMagazineView( 2274): moveViews reset =  false
06-06 17:34:52.331 D/KeyguardSecurityModel( 2274): getSecurityMode mode =  None
06-06 17:34:52.331 D/VivoSensorTest( 1442): sensor_getrawdata_test_start end
06-06 17:34:52.341 E/qti_sensors_hal( 1442): w_orient output WORT -1 90 0
06-06 17:34:52.341 V/WindowOrientationListener( 1442): w_orient: framework Raw window_orientation data: x=-1.0, y=90.0, z=0.0
06-06 17:34:52.341 V/WindowOrientationListener( 1442): w_orient: oldProposedRotation=-1 proposedRotation=-1
06-06 17:34:52.351 I/KeyguardMagazineView( 2274): moveViews reset =  false
06-06 17:34:52.351 D/KeyguardSecurityModel( 2274): getSecurityMode mode =  None
06-06 17:34:52.351 D/VivoSensorTest( 1442): sensor_getrawdata_test_start start
06-06 17:34:52.361 V/InputDispatcher( 1442): Asynchronous input event injection succeeded.
06-06 17:34:52.361 D/VivoSensorTest( 1442): sensor_getrawdata_test_start end
06-06 17:34:52.361 I/KeyguardHostContainer( 2274): keygurad touch event : MotionEvent { action=ACTION_DOWN, id[0]=0, x[0]=534.9284, y[0]=1382.0896, toolType[0]=TOOL_TYPE_UNKNOWN, buttonState=0, metaState=0, flags=0x0, edgeFlags=0x0, pointerCount=1, historySize=0, eventTime=3162160, downTime=3162160, deviceId=0, source=0x1002 }
06-06 17:34:52.371 D/VivoKeyguardViewPager( 2274): onInterceptTouchEvent---ACTION_DOWN 
06-06 17:34:52.381 I/KeyguardCameraLaunchManager( 2274): SystemUI|hasSim1,hasSim2 = false,false
06-06 17:34:52.381 I/KeyguardCameraLaunchManager( 2274): SystemUI|hasSim1,hasSim2 = false,false
06-06 17:34:52.381 D/VivoSensorTest( 1442): sensor_getrawdata_test_start start
06-06 17:34:52.381 I/KeyguardMagazineView( 2274): moveViews reset =  false
06-06 17:34:52.381 D/KeyguardSecurityModel( 2274): getSecurityMode mode =  None
06-06 17:34:52.381 D/VivoSensorTest( 1442): sensor_getrawdata_test_start end
06-06 17:34:52.401 I/KeyguardMagazineView( 2274): moveViews reset =  false
06-06 17:34:52.401 D/KeyguardSecurityModel( 2274): getSecurityMode mode =  None
06-06 17:34:52.401 E/qti_sensors_hal( 1442): w_orient output WORT -1 90 0
06-06 17:34:52.401 D/VivoSensorTest( 1442): sensor_getrawdata_test_start start
06-06 17:34:52.401 V/WindowOrientationListener( 1442): w_orient: framework Raw window_orientation data: x=-1.0, y=90.0, z=0.0
06-06 17:34:52.401 V/WindowOrientationListener( 1442): w_orient: oldProposedRotation=-1 proposedRotation=-1
06-06 17:34:52.411 D/VivoSensorTest( 1442): sensor_getrawdata_test_start end
06-06 17:34:52.411 I/KeyguardMagazineView( 2274): moveViews reset =  false
06-06 17:34:52.421 D/KeyguardSecurityModel( 2274): getSecurityMode mode =  None
06-06 17:34:52.431 D/VivoSensorTest( 1442): sensor_getrawdata_test_start start
06-06 17:34:52.431 I/KeyguardMagazineView( 2274): moveViews reset =  false
06-06 17:34:52.431 D/KeyguardSecurityModel( 2274): getSecurityMode mode =  None
06-06 17:34:52.441 D/VivoSensorTest( 1442): sensor_getrawdata_test_start end
06-06 17:34:52.451 I/KeyguardMagazineView( 2274): moveViews reset =  false
06-06 17:34:52.451 D/KeyguardSecurityModel( 2274): getSecurityMode mode =  None
06-06 17:34:52.461 D/VivoSensorTest( 1442): sensor_getrawdata_test_start start
06-06 17:34:52.461 V/InputDispatcher( 1442): Asynchronous input event injection succeeded.
06-06 17:34:52.461 I/KeyguardHostContainer( 2274): keygurad touch event : MotionEvent { action=ACTION_UP, id[0]=0, x[0]=534.9284, y[0]=1382.0896, toolType[0]=TOOL_TYPE_UNKNOWN, buttonState=0, metaState=0, flags=0x0, edgeFlags=0x0, pointerCount=1, historySize=0, eventTime=3162261, downTime=3162160, deviceId=0, source=0x1002 }
06-06 17:34:52.461 D/VivoSensorTest( 1442): sensor_getrawdata_test_start end
06-06 17:34:52.471 I/KeyguardMagazineView( 2274): moveViews reset =  false
06-06 17:34:52.471 D/KeyguardSecurityModel( 2274): getSecurityMode mode =  None
06-06 17:34:52.481 I/KeyguardMagazineView( 2274): moveViews reset =  false
06-06 17:34:52.481 D/VivoSensorTest( 1442): sensor_getrawdata_test_start start
06-06 17:34:52.481 D/KeyguardSecurityModel( 2274): getSecurityMode mode =  None
06-06 17:34:52.491 D/VivoSensorTest( 1442): sensor_getrawdata_test_start end
06-06 17:34:52.501 I/KeyguardMagazineView( 2274): moveViews reset =  false
06-06 17:34:52.501 D/KeyguardSecurityModel( 2274): getSecurityMode mode =  None
06-06 17:34:52.501 D/NetworkManagementService( 1442): hardware tether stats:NetworkStats: elapsedRealtime=3162306
06-06 17:34:52.501 D/NetworkManagementService( 1442): getNetworkStatsSummaryXt:NetworkStats: elapsedRealtime=3162308
06-06 17:34:52.501 D/NetworkManagementService( 1442):   [0] iface=wlan0 uid=-1 set=ALL tag=0x0 rxBytes=6732372 rxPackets=5343 txBytes=241022 txPackets=3194 operations=0
06-06 17:34:52.501 D/NetworkManagementService( 1442):   [1] iface=rmnet_data7 uid=-1 set=ALL tag=0x0 rxBytes=396 rxPackets=5 txBytes=522 txPackets=8 operations=0
06-06 17:34:52.501 D/NetworkManagementService( 1442):   [2] iface=lo uid=-1 set=ALL tag=0x0 rxBytes=28543038 rxPackets=22017 txBytes=28543038 txPackets=22017 operations=0
06-06 17:34:52.511 D/VivoSensorTest( 1442): sensor_getrawdata_test_start start
06-06 17:34:52.511 D/DataUsageService( 2463): mStatsUpdateReceiver intent:Intent { act=com.android.server.action.NETWORK_STATS_UPDATED flg=0x40000010 }
06-06 17:34:52.511 D/DataUsagePrefs( 2463): getDataUsageShowFlow value:false
06-06 17:34:52.511 D/DataUsagePrefs( 2463): getDataUsageExceptionRemain value:true
06-06 17:34:52.511 D/DataUsagePrefs( 2463): getDataUsageMonitor value:true
06-06 17:34:52.511 D/DataUsageService( 2463): needExceptionRemind needRemained:false
06-06 17:34:52.511 D/DataUsageService( 2463): updateNotificationsLocked()
06-06 17:34:52.511 D/DataUsagePrefs( 2463): getDataUsageMonitor value:true
06-06 17:34:52.511 I/KeyguardMagazineView( 2274): moveViews reset =  false
06-06 17:34:52.511 D/NetworkManagementService( 1442): hardware tether stats:NetworkStats: elapsedRealtime=3162309
06-06 17:34:52.511 D/NetworkManagementService( 1442): getNetworkStatsSummaryDev:NetworkStats: elapsedRealtime=3162311
06-06 17:34:52.511 D/NetworkManagementService( 1442):   [0] iface=wlan0 uid=-1 set=ALL tag=0x0 rxBytes=6761739 rxPackets=6128 txBytes=291903 txPackets=3316 operations=0
06-06 17:34:52.511 D/NetworkManagementService( 1442):   [1] iface=rmnet_data7 uid=-1 set=ALL tag=0x0 rxBytes=468 rxPackets=6 txBytes=660 txPackets=9 operations=0
06-06 17:34:52.511 D/NetworkManagementService( 1442):   [2] iface=lo uid=-1 set=ALL tag=0x0 rxBytes=28543038 rxPackets=22017 txBytes=28543038 txPackets=22017 operations=0
06-06 17:34:52.521 D/VivoSensorTest( 1442): sensor_getrawdata_test_start end
06-06 17:34:52.521 D/KeyguardSecurityModel( 2274): getSecurityMode mode =  None
06-06 17:34:52.521 E/qti_sensors_hal( 1442): w_orient output WORT -1 90 0
06-06 17:34:52.521 V/InputDispatcher( 1442): Asynchronous input event injection succeeded.
06-06 17:34:52.521 V/WindowOrientationListener( 1442): w_orient: framework Raw window_orientation data: x=-1.0, y=90.0, z=0.0
06-06 17:34:52.521 V/WindowOrientationListener( 1442): w_orient: oldProposedRotation=-1 proposedRotation=-1
06-06 17:34:52.531 I/KeyguardHostContainer( 2274): keygurad touch event : MotionEvent { action=ACTION_DOWN, id[0]=0, x[0]=534.9284, y[0]=1382.0896, toolType[0]=TOOL_TYPE_UNKNOWN, buttonState=0, metaState=0, flags=0x0, edgeFlags=0x0, pointerCount=1, historySize=0, eventTime=3162327, downTime=3162327, deviceId=0, source=0x1002 }
06-06 17:34:52.541 D/VivoKeyguardViewPager( 2274): onInterceptTouchEvent---ACTION_DOWN 
06-06 17:34:52.541 D/VivoSensorTest( 1442): sensor_getrawdata_test_start start
06-06 17:34:52.541 I/KeyguardCameraLaunchManager( 2274): SystemUI|hasSim1,hasSim2 = false,false
06-06 17:34:52.541 D/VivoSensorTest( 1442): sensor_getrawdata_test_start end
06-06 17:34:52.551 I/KeyguardCameraLaunchManager( 2274): SystemUI|hasSim1,hasSim2 = false,false
06-06 17:34:52.551 I/KeyguardMagazineView( 2274): moveViews reset =  false
06-06 17:34:52.551 D/KeyguardSecurityModel( 2274): getSecurityMode mode =  None
06-06 17:34:52.561 D/VivoSensorTest( 1442): sensor_getrawdata_test_start start
06-06 17:34:52.571 I/KeyguardMagazineView( 2274): moveViews reset =  false
06-06 17:34:52.571 D/VivoSensorTest( 1442): get_ps_cali_tolerance get_ps_cali_tolerance model=PD1603
06-06 17:34:52.571 D/VivoSensorTest( 1442): get_ps_cali_tolerance found, after search =PD1603
06-06 17:34:52.571 D/VivoSensorTest( 1442): AAA p_ps_tolerance->projects[0] is PD1603
06-06 17:34:52.571 D/VivoSensorTest( 1442): ps_cali_callback cali_ps success: cali = 113.449997,margin: margin=2[10] drift=0[8]
06-06 17:34:52.571 D/KeyguardSecurityModel( 2274): getSecurityMode mode =  None
06-06 17:34:52.571 D/VivoSensorTest( 1442): sensor_getrawdata_test_start end
06-06 17:34:52.581 E/qti_sensors_hal( 1442): w_orient output WORT -1 90 0
06-06 17:34:52.581 I/KeyguardMagazineView( 2274): moveViews reset =  false
06-06 17:34:52.581 D/KeyguardSecurityModel( 2274): getSecurityMode mode =  None
06-06 17:34:52.581 V/WindowOrientationListener( 1442): w_orient: framework Raw window_orientation data: x=-1.0, y=90.0, z=0.0
06-06 17:34:52.581 V/WindowOrientationListener( 1442): w_orient: oldProposedRotation=-1 proposedRotation=-1
06-06 17:34:52.591 D/VivoSensorTest( 1442): sensor_getrawdata_test_start start
06-06 17:34:52.591 D/VivoSensorTest( 1442): sensor_getrawdata_test_start end
06-06 17:34:52.601 I/KeyguardMagazineView( 2274): moveViews reset =  false
06-06 17:34:52.601 D/KeyguardSecurityModel( 2274): getSecurityMode mode =  None
06-06 17:34:52.611 V/InputDispatcher( 1442): Asynchronous input event injection succeeded.
06-06 17:34:52.611 I/KeyguardHostContainer( 2274): keygurad touch event : MotionEvent { action=ACTION_UP, id[0]=0, x[0]=534.9284, y[0]=1382.0896, toolType[0]=TOOL_TYPE_UNKNOWN, buttonState=0, metaState=0, flags=0x0, edgeFlags=0x0, pointerCount=1, historySize=0, eventTime=3162409, downTime=3162327, deviceId=0, source=0x1002 }
06-06 17:34:52.611 D/VivoSensorTest( 1442): sensor_getrawdata_test_start start
06-06 17:34:52.621 I/KeyguardMagazineView( 2274): moveViews reset =  false
06-06 17:34:52.621 D/KeyguardSecurityModel( 2274): getSecurityMode mode =  None
06-06 17:34:52.621 D/VivoSensorTest( 1442): sensor_getrawdata_test_start end
06-06 17:34:52.631 I/KeyguardMagazineView( 2274): moveViews reset =  false
06-06 17:34:52.631 D/KeyguardSecurityModel( 2274): getSecurityMode mode =  None
06-06 17:34:52.641 D/VivoSensorTest( 1442): sensor_getrawdata_test_start start
06-06 17:34:52.641 D/VivoSensorTest( 1442): sensor_getrawdata_test_start end
06-06 17:34:52.651 I/KeyguardMagazineView( 2274): moveViews reset =  false
06-06 17:34:52.651 D/KeyguardSecurityModel( 2274): getSecurityMode mode =  None
06-06 17:34:52.661 D/VivoSensorTest( 1442): sensor_getrawdata_test_start start
06-06 17:34:52.671 I/KeyguardMagazineView( 2274): moveViews reset =  false
06-06 17:34:52.671 D/KeyguardSecurityModel( 2274): getSecurityMode mode =  None
06-06 17:34:52.671 D/VivoSensorTest( 1442): sensor_getrawdata_test_start end
06-06 17:34:52.681 V/InputDispatcher( 1442): Asynchronous input event injection succeeded.
06-06 17:34:52.681 I/KeyguardHostContainer( 2274): keygurad touch event : MotionEvent { action=ACTION_DOWN, id[0]=0, x[0]=534.9284, y[0]=1382.0896, toolType[0]=TOOL_TYPE_UNKNOWN, buttonState=0, metaState=0, flags=0x0, edgeFlags=0x0, pointerCount=1, historySize=0, eventTime=3162480, downTime=3162480, deviceId=0, source=0x1002 }
06-06 17:34:52.691 D/VivoKeyguardViewPager( 2274): onInterceptTouchEvent---ACTION_DOWN 
06-06 17:34:52.691 D/VivoSensorTest( 1442): sensor_getrawdata_test_start start
06-06 17:34:52.691 I/KeyguardCameraLaunchManager( 2274): SystemUI|hasSim1,hasSim2 = false,false
06-06 17:34:52.691 D/VivoSensorTest( 1442): sensor_getrawdata_test_start end
06-06 17:34:52.701 I/KeyguardCameraLaunchManager( 2274): SystemUI|hasSim1,hasSim2 = false,false
06-06 17:34:52.701 I/KeyguardMagazineView( 2274): moveViews reset =  false
06-06 17:34:52.701 D/KeyguardSecurityModel( 2274): getSecurityMode mode =  None
06-06 17:34:52.701 I/KeyguardMagazineView( 2274): moveViews reset =  false
06-06 17:34:52.701 D/KeyguardSecurityModel( 2274): getSecurityMode mode =  None
06-06 17:34:52.721 I/KeyguardMagazineView( 2274): moveViews reset =  false
06-06 17:34:52.721 D/KeyguardSecurityModel( 2274): getSecurityMode mode =  None
06-06 17:34:52.731 D/VivoProxCaliService( 1442): setprop persist.sys.tmp_base_thres_prox 113
06-06 17:34:52.731 D/VivoProxCaliService( 1442): doPsCaliUseVST success: mSuccess=1 mTestVal=[113.45,0.0,0.0] mDefBase=[200.0,0.0,0.0] mMinBase=[0.0,0.0,0.0] mMaxBase=[900.0,0.0,0.0] info=cali ps success ps_base=113.449997
06-06 17:34:52.731 D/VivoSensorTest( 1442): sensor_set_caldata_test_start start
06-06 17:34:52.731 I/KeyguardMagazineView( 2274): moveViews reset =  false
06-06 17:34:52.741 D/KeyguardSecurityModel( 2274): getSecurityMode mode =  None
06-06 17:34:52.741 D/VivoSensorTest( 1442): sensor_set_caldata_test_start end
06-06 17:34:52.741 D/VivoSensorTest( 1442): start_set_ps_caldata_test ret = 0
06-06 17:34:52.741 D/VivoProxCaliService( 1442): doPsCaliUseVST success, params:{base=70, temp=113}
06-06 17:34:52.741 D/VivoProxCaliService( 1442): finish prox temp cali
06-06 17:34:52.741 D/Sensors ( 1442): disableSensor handle 5 in
06-06 17:34:52.741 D/SensorService( 1442): disable mLock_wait 0x00000000 mLock_status 0x00000000 mConnectionLock_wait 0x00000000 mConnectionLock_status 0x00000000
06-06 17:34:52.741 D/SensorService( 1442): 0x7f8e11d8b0 removeFd fd=357
06-06 17:34:52.741 D/SensorService( 1442): SensorDevice::activate: ident=0x7f8e11d8b0, handle=0x00000005, enabled=0, count=3
06-06 17:34:52.741 D/SensorService( 1442): disable index=0
06-06 17:34:52.741 D/SensorService( 1442): 	>>> actuating h/w batch 5 0 66667000 0
06-06 17:34:52.741 W/VivoSensorTest( 1442): int SensorsContext::batch(int, int, int64_t, int64_t) handle 20 flags 0 period_ns 66667000 timeout 0
06-06 17:34:52.741 W/qti_sensors_hal( 1442): batch:sensor(android.sensor.proximity) handle:20 flags:0x0 period_ns 66667000 timeout 0
06-06 17:34:52.741 D/Sensors ( 1442): disableSensor handle 5 ont
06-06 17:34:52.741 D/SensorService( 1442): ~SensorEventConnection(0x7f8e11d8b0)
06-06 17:34:52.741 D/SensorService( 1442): 6 active sensors
06-06 17:34:52.741 D/SensorService( 1442): removing connection 0x7f8e11d8b0 for sensor[0].handle=0x00000005
06-06 17:34:52.741 D/SensorService( 1442): removing connection 0x7f8e11d8b0 for sensor[1].handle=0x00000006
06-06 17:34:52.741 D/SensorService( 1442): removing connection 0x7f8e11d8b0 for sensor[2].handle=0x00000009
06-06 17:34:52.741 D/SensorService( 1442): removing connection 0x7f8e11d8b0 for sensor[3].handle=0x0000000e
06-06 17:34:52.741 D/SensorService( 1442): removing connection 0x7f8e11d8b0 for sensor[4].handle=0x0000000f
06-06 17:34:52.741 D/SensorService( 1442): removing connection 0x7f8e11d8b0 for sensor[5].handle=0x00000013
06-06 17:34:52.741 D/VivoSensorTest( 1442): sensor_command_start start
06-06 17:34:52.751 E/VivoSensorTest( 1442): Sensor Data:x = 0 y= 0 z = 0	
06-06 17:34:52.751 D/VivoSensorTest( 1442): sensor_command_start end
06-06 17:34:52.751 I/KeyguardMagazineView( 2274): moveViews reset =  false
06-06 17:34:52.751 D/KeyguardSecurityModel( 2274): getSecurityMode mode =  None
06-06 17:34:52.761 V/InputDispatcher( 1442): Asynchronous input event injection succeeded.
06-06 17:34:52.761 I/KeyguardHostContainer( 2274): keygurad touch event : MotionEvent { action=ACTION_UP, id[0]=0, x[0]=534.9284, y[0]=1382.0896, toolType[0]=TOOL_TYPE_UNKNOWN, buttonState=0, metaState=0, flags=0x0, edgeFlags=0x0, pointerCount=1, historySize=0, eventTime=3162558, downTime=3162480, deviceId=0, source=0x1002 }
06-06 17:34:52.771 D/CommonProvider( 4490): CommonProvider insert success, result = content://com.bbk.iqoo.logsystemes/aaa/607291
06-06 17:34:52.771 I/KeyguardMagazineView( 2274): moveViews reset =  false
06-06 17:34:52.771 D/KeyguardSecurityModel( 2274): getSecurityMode mode =  None
06-06 17:34:52.771 I/KeyguardMagazineView( 2274): moveViews reset =  true
06-06 17:34:52.771 V/PanelView( 2274): com.android.systemui:id/notification_panel: setExpandedHeight(690.0)
06-06 17:34:52.771 V/PanelBar( 2274): panelExpansionChanged: start state=1 panel=com.android.systemui:id/notification_panel
06-06 17:34:52.771 V/PanelBar( 2274): panelExpansionChanged:  -> com.android.systemui:id/notification_panel: f=0.8
06-06 17:34:52.771 V/PanelBar( 2274): panelExpansionChanged: end state=1 [ ]
06-06 17:34:53.191 D/VivoWMPHook( 1442): PowerKey reset click times because overtime.
06-06 17:34:53.241 I/SurfaceFlinger(  438): FPS: 59
06-06 17:34:53.461 V/InputDispatcher( 1442): Asynchronous input event injection succeeded.
06-06 17:34:53.461 I/KeyguardHostContainer( 2274): keygurad touch event : MotionEvent { action=ACTION_DOWN, id[0]=0, x[0]=507.37842, y[0]=1620.8558, toolType[0]=TOOL_TYPE_UNKNOWN, buttonState=0, metaState=0, flags=0x0, edgeFlags=0x0, pointerCount=1, historySize=0, eventTime=3163265, downTime=3163265, deviceId=0, source=0x1002 }
06-06 17:34:53.471 D/VivoKeyguardViewPager( 2274): onInterceptTouchEvent---ACTION_DOWN 
06-06 17:34:53.481 I/KeyguardCameraLaunchManager( 2274): SystemUI|hasSim1,hasSim2 = false,false
06-06 17:34:53.481 I/KeyguardCameraLaunchManager( 2274): SystemUI|hasSim1,hasSim2 = false,false
06-06 17:34:53.481 I/KeyguardCameraLaunchManager( 2274): SystemUI|hasSim1,hasSim2 = false,false
06-06 17:34:53.491 I/KeyguardCameraLaunchManager( 2274): SystemUI|hasSim1,hasSim2 = false,false
06-06 17:34:53.491 V/PanelView( 2274): com.android.systemui:id/notification_panel: setExpandedHeight(690.0)
06-06 17:34:53.491 V/PanelBar( 2274): panelExpansionChanged: start state=1 panel=com.android.systemui:id/notification_panel
06-06 17:34:53.491 V/PanelBar( 2274): panelExpansionChanged:  -> com.android.systemui:id/notification_panel: f=0.8
06-06 17:34:53.491 V/PanelBar( 2274): panelExpansionChanged: end state=1 [ ]
06-06 17:34:53.611 V/InputDispatcher( 1442): Asynchronous input event injection succeeded.
06-06 17:34:53.621 I/KeyguardMagazineView( 2274): moveViews reset =  false
06-06 17:34:53.621 D/KeyguardSecurityModel( 2274): getSecurityMode mode =  None
06-06 17:34:53.631 V/PanelView( 2274): com.android.systemui:id/notification_panel: setExpandedHeight(690.0)
06-06 17:34:53.631 V/PanelBar( 2274): panelExpansionChanged: start state=1 panel=com.android.systemui:id/notification_panel
06-06 17:34:53.631 V/PanelBar( 2274): panelExpansionChanged:  -> com.android.systemui:id/notification_panel: f=0.8
06-06 17:34:53.631 V/PanelBar( 2274): panelExpansionChanged: end state=1 [ ]
06-06 17:34:53.631 V/InputDispatcher( 1442): Asynchronous input event injection succeeded.
06-06 17:34:53.641 I/KeyguardMagazineView( 2274): moveViews reset =  false
06-06 17:34:53.641 D/KeyguardSecurityModel( 2274): getSecurityMode mode =  None
06-06 17:34:53.651 V/InputDispatcher( 1442): Asynchronous input event injection succeeded.
06-06 17:34:53.661 I/KeyguardMagazineView( 2274): moveViews reset =  false
06-06 17:34:53.661 D/KeyguardSecurityModel( 2274): getSecurityMode mode =  None
06-06 17:34:53.681 V/InputDispatcher( 1442): Asynchronous input event injection succeeded.
06-06 17:34:53.691 V/InputDispatcher( 1442): Asynchronous input event injection succeeded.
06-06 17:34:53.691 I/KeyguardMagazineView( 2274): moveViews reset =  false
06-06 17:34:53.691 D/KeyguardSecurityModel( 2274): getSecurityMode mode =  None
06-06 17:34:53.701 V/InputDispatcher( 1442): Asynchronous input event injection succeeded.
06-06 17:34:53.711 I/KeyguardMagazineView( 2274): moveViews reset =  false
06-06 17:34:53.711 D/KeyguardSecurityModel( 2274): getSecurityMode mode =  None
06-06 17:34:53.711 D/NetworkManagementService( 1442): hardware tether stats:NetworkStats: elapsedRealtime=3163518
06-06 17:34:53.721 V/InputDispatcher( 1442): Asynchronous input event injection succeeded.
06-06 17:34:53.721 D/DataUsageService( 2463): mStatsUpdateReceiver intent:Intent { act=com.android.server.action.NETWORK_STATS_UPDATED flg=0x40000010 }
06-06 17:34:53.721 D/DataUsagePrefs( 2463): getDataUsageShowFlow value:false
06-06 17:34:53.721 D/DataUsagePrefs( 2463): getDataUsageExceptionRemain value:true
06-06 17:34:53.721 D/DataUsagePrefs( 2463): getDataUsageMonitor value:true
06-06 17:34:53.721 D/DataUsageService( 2463): needExceptionRemind needRemained:false
06-06 17:34:53.721 D/DataUsageService( 2463): updateNotificationsLocked()
06-06 17:34:53.721 D/DataUsagePrefs( 2463): getDataUsageMonitor value:true
06-06 17:34:53.721 D/NetworkManagementService( 1442): getNetworkStatsSummaryXt:NetworkStats: elapsedRealtime=3163519
06-06 17:34:53.721 D/NetworkManagementService( 1442):   [0] iface=wlan0 uid=-1 set=ALL tag=0x0 rxBytes=6732372 rxPackets=5343 txBytes=241022 txPackets=3194 operations=0
06-06 17:34:53.721 D/NetworkManagementService( 1442):   [1] iface=rmnet_data7 uid=-1 set=ALL tag=0x0 rxBytes=396 rxPackets=5 txBytes=522 txPackets=8 operations=0
06-06 17:34:53.721 D/NetworkManagementService( 1442):   [2] iface=lo uid=-1 set=ALL tag=0x0 rxBytes=29748887 rxPackets=22191 txBytes=29748887 txPackets=22191 operations=0
06-06 17:34:53.721 D/NetworkManagementService( 1442): hardware tether stats:NetworkStats: elapsedRealtime=3163520
06-06 17:34:53.721 D/NetworkManagementService( 1442): getNetworkStatsSummaryDev:NetworkStats: elapsedRealtime=3163522
06-06 17:34:53.721 D/NetworkManagementService( 1442):   [0] iface=wlan0 uid=-1 set=ALL tag=0x0 rxBytes=6761795 rxPackets=6130 txBytes=291903 txPackets=3316 operations=0
06-06 17:34:53.721 D/NetworkManagementService( 1442):   [1] iface=rmnet_data7 uid=-1 set=ALL tag=0x0 rxBytes=468 rxPackets=6 txBytes=660 txPackets=9 operations=0
06-06 17:34:53.721 D/NetworkManagementService( 1442):   [2] iface=lo uid=-1 set=ALL tag=0x0 rxBytes=29748887 rxPackets=22191 txBytes=29748887 txPackets=22191 operations=0
06-06 17:34:53.741 I/KeyguardMagazineView( 2274): moveViews reset =  false
06-06 17:34:53.741 D/KeyguardSecurityModel( 2274): getSecurityMode mode =  None
06-06 17:34:53.751 V/InputDispatcher( 1442): Asynchronous input event injection succeeded.
06-06 17:34:53.761 I/KeyguardMagazineView( 2274): moveViews reset =  false
06-06 17:34:53.761 D/KeyguardSecurityModel( 2274): getSecurityMode mode =  None
06-06 17:34:53.771 V/InputDispatcher( 1442): Asynchronous input event injection succeeded.
06-06 17:34:53.791 V/InputDispatcher( 1442): Asynchronous input event injection succeeded.
06-06 17:34:53.791 I/KeyguardMagazineView( 2274): moveViews reset =  false
06-06 17:34:53.791 D/KeyguardSecurityModel( 2274): getSecurityMode mode =  None
06-06 17:34:53.791 I/KeyguardHostContainer( 2274): keygurad touch event : MotionEvent { action=ACTION_UP, id[0]=0, x[0]=501.1896, y[0]=700.72723, toolType[0]=TOOL_TYPE_UNKNOWN, buttonState=0, metaState=0, flags=0x0, edgeFlags=0x0, pointerCount=1, historySize=0, eventTime=3163593, downTime=3163265, deviceId=0, source=0x1002 }
06-06 17:34:53.801 D/KeyguardMagazineView( 2274): ACTION_UP mTranslationY = -920, mTranslationX = -6
06-06 17:34:53.801 I/KeyguardMagazineView( 2274): mOnlyAffordanceInThisMotion = false, mTranslationY = -920, mBgView-920.0
06-06 17:34:53.801 D/KeyguardSecurityModel( 2274): getSecurityMode mode =  None
06-06 17:34:53.991 I/KeyguardMagazineView( 2274): mOnlyAffordanceInThisMotion = false, mIsStartActivity = false isLaunchRunnable = false isActivityDrawnCancelled = false
06-06 17:34:53.991 D/KeyguardSecurityModel( 2274): getSecurityMode mode =  None
06-06 17:34:53.991 I/KeyguardMagazineView( 2274): dismiss
06-06 17:34:53.991 D/KeyguardSecurityModel( 2274): getSecurityMode mode =  None
06-06 17:34:53.991 D/KeyguardSecurityModel( 2274): getSecurityMode mode =  None
06-06 17:34:54.001 D/KeyguardSecurityModel( 2274): getSecurityMode mode =  None
06-06 17:34:54.001 D/KeyguardSecurityContainer( 2274): showNextSecurityScreenOrFinish(false), mCurrentSecuritySelection = None
06-06 17:34:54.001 D/KeyguardSecurityModel( 2274): getSecurityMode mode =  None
06-06 17:34:54.001 D/KeyguardViewMediator( 2274): keyguardDone(true)
06-06 17:34:54.001 V/PanelView( 2274): com.android.systemui:id/notification_panel: setExpandedHeight(690.0)
06-06 17:34:54.001 V/PanelBar( 2274): panelExpansionChanged: start state=1 panel=com.android.systemui:id/notification_panel
06-06 17:34:54.001 V/PanelBar( 2274): panelExpansionChanged:  -> com.android.systemui:id/notification_panel: f=0.8
06-06 17:34:54.001 V/PanelBar( 2274): panelExpansionChanged: end state=1 [ ]
06-06 17:34:54.001 D/KeyguardViewMediator( 2274): handleKeyguardDone
06-06 17:34:54.001 D/KeyguardViewMediator( 2274): handleKeyguardDone, finger-print dismiss: 0
06-06 17:34:54.001 D/KeyguardViewMediator( 2274): handleHide
06-06 17:34:54.001 D/KeyguardViewMediator( 2274): keyguardGoingAway...
06-06 17:34:54.041 D/KeyguardViewMediator( 2274): startKeyguardExitAnimation
06-06 17:34:54.041 D/KeyguardViewMediator( 2274): handleStartKeyguardExitAnimation, mHiding = true
06-06 17:34:54.041 D/KeyguardViewMediator( 2274): smartwakeDismiss = 0
06-06 17:34:54.041 D/SettingsProvider( 1442): lookupValue table system cache contains Key lockscreen_sounds_enabled , value = Bundle[{value=1}]
06-06 17:34:54.041 V/SoundPool( 2274): stop(0)
06-06 17:34:54.041 E/WindowAnimator( 1442): Timeout waiting for animation to startup
06-06 17:34:54.051 I/StatusBarKeyguardViewManager( 2274): hide
06-06 17:34:54.051 D/KeyguardUpdateMonitor( 2274): sendKeyguardVisibilityChanged(false)
06-06 17:34:54.051 I/PhoneStatusBar( 2274): SystemUI|preChangeStatusBarColor: isPrepareUnLock= false
06-06 17:34:54.051 I/StatusBarColorManager( 2274): SystemUI|getLastStatusBarBgStyleBeforeKeyguard: mCurrentPkg= io.dcloud.H58040C5A, newCurrentpkg= io.dcloud.H58040C5A, rewriteBgStyle= false, mNewLockBgColor= ff757575
06-06 17:34:54.051 I/PhoneStatusBar( 2274): SystemUI|lastStatusBarBgStyleBeforeKeyguard = 1, lastStatusBarBgStyle= 1, mBlockOrManage = false
06-06 17:34:54.051 I/PhoneStatusBar( 2274): SystemUI|start unlock animate
06-06 17:34:54.051 D/KeyguardMagazineView( 2274): KeyguardMagazineView onHide
06-06 17:34:54.051 I/KeyguardMagazineView( 2274): onPause mIsBouncer = false
06-06 17:34:54.051 D/KeyguardMagazineView( 2274): reset views
06-06 17:34:54.051 I/KeyguardMagazineView( 2274): moveViews reset =  true
06-06 17:34:54.051 I/KeyguardMagazineView( 2274): getAutoPlayStatesSaved mIsAutoPlay = true
06-06 17:34:54.051 D/GuideAdapter( 2274): initGuideView mInited: true, mWallListChanged = false, position = 12, cache = false
06-06 17:34:54.051 D/GuideAdapter( 2274): mDecodeInUI = false, initGuideView url: /storage/emulated/0/阅图/PictureUnlock_shijue_9394_788c5fe07a47982ba3afa3530f674dc5_16:9.pictureunlock.jpg
06-06 17:34:54.061 D/KeyguardMagazineView( 2274): onNotificationChanged , empty = true,isEditMode = false
06-06 17:34:54.061 D/KeyguardMagazineView( 2274): mNotificationView visible = 1.0
06-06 17:34:54.061 V/PanelView( 2274): com.android.systemui:id/notification_panel: setExpandedHeight(1863.0)
06-06 17:34:54.061 V/PanelBar( 2274): panelExpansionChanged: start state=1 panel=com.android.systemui:id/notification_panel
06-06 17:34:54.061 V/PanelBar( 2274): go state: 1 -> 0
06-06 17:34:54.061 V/PanelBar( 2274): onAllPanelsCollapsed
06-06 17:34:54.061 V/PanelBar( 2274): panelExpansionChanged: end state=0 [ fullyClosed ]
06-06 17:34:54.061 I/PhoneStatusBar( 2274): SystemUI|hideKeyguard(),  isKeyguardShowing = false, mExpandedVisible = true
06-06 17:34:54.061 V/PanelBar( 2274): panelExpansionChanged: start state=0 panel=com.android.systemui:id/notification_panel
06-06 17:34:54.061 V/PanelBar( 2274): panelExpansionChanged: end state=0 [ fullyClosed ]
06-06 17:34:54.061 V/PanelView( 2274): com.android.systemui:id/notification_panel: setExpandedHeight(0.0)
06-06 17:34:54.071 V/PanelBar( 2274): panelExpansionChanged: start state=0 panel=com.android.systemui:id/notification_panel
06-06 17:34:54.071 V/PanelBar( 2274): panelExpansionChanged: end state=0 [ fullyClosed ]
06-06 17:34:54.071 D/TAG     ( 2274): updateNotifications,process msg
06-06 17:34:54.071 D/KeyguardSecurityModel( 2274): getSecurityMode mode =  None
06-06 17:34:54.071 V/PowerEffectManager( 2652): noteActivity uid = 10021, name = io.dcloud.PandoraEntryActivity
06-06 17:34:54.071 V/KeyguardDisplayManager( 2274): hide
06-06 17:34:54.071 V/ActivityManager( 1442): Ensuring correct configuration: ActivityRecord{25cfbe08 u0 io.dcloud.H58040C5A/io.dcloud.PandoraEntryActivity t7514}
06-06 17:34:54.071 V/ActivityManager( 1442): Configuration unchanged in ActivityRecord{25cfbe08 u0 io.dcloud.H58040C5A/io.dcloud.PandoraEntryActivity t7514}
06-06 17:34:54.071 V/ActivityManager( 1442): Ensuring correct configuration: ActivityRecord{25cfbe08 u0 io.dcloud.H58040C5A/io.dcloud.PandoraEntryActivity t7514}
06-06 17:34:54.071 V/ActivityManager( 1442): Configuration unchanged in ActivityRecord{25cfbe08 u0 io.dcloud.H58040C5A/io.dcloud.PandoraEntryActivity t7514}
06-06 17:34:54.071 I/WindowManager( 1442): isKeyguardShowing = false, mKeyguardWindow.mAttrs.privateFlags = 1024
06-06 17:34:54.081 D/KeyguardViewMediator( 2274): send keyguard state changed broadcast, showing: false
06-06 17:34:54.081 E/Html5Plus-onResume(19374): 1528277694092
06-06 17:34:54.091 I/FpService( 1442): onReceive(): isKeyguardExist: false
06-06 17:34:54.091 I/FpService( 1442): fingerprintState(): mClient is null
06-06 17:34:54.091 I/frontfingerprintkey( 1442): onReceive: action: com.vivo.action.KEYGUARD_STATE_CHANGED
06-06 17:34:54.091 D/frontfingerprintkey( 1442): KEYGUARD_STATE_CHANGE: arg1: false arg2: enable arg3: true
06-06 17:34:54.091 I/frontfingerprintkey( 1442): return false
06-06 17:34:54.091 I/FingerprintServiceFPC( 2759): keyguard state changed: arg: false
06-06 17:34:54.091 D/KeyguardViewMediator( 2274): adjustStatusBarLocked: mShowing=false mOccluded=false isSecure=false --> flags=0x0
06-06 17:34:54.091 D/manager disable: < ( 1442): BEGIN disableLocked(0, 0, android.os.BinderProxy@1f4abefe, com.android.systemui)
06-06 17:34:54.091 I/KeyguardViewMediator( 2274): sendUserPresentBroadcast
06-06 17:34:54.091 I/KeyguardViewMediator( 2274): handleStartKeyguardExitAnimation
06-06 17:34:54.091 V/PanelView( 2274): com.android.systemui:id/notification_panel: setExpandedHeight(0.0)
06-06 17:34:54.091 V/PanelBar( 2274): panelExpansionChanged: start state=0 panel=com.android.systemui:id/notification_panel
06-06 17:34:54.091 V/PanelBar( 2274): panelExpansionChanged: end state=0 [ fullyClosed ]
06-06 17:34:54.091 V/PanelBar( 2274): panelExpansionChanged: start state=0 panel=com.android.systemui:id/notification_panel
06-06 17:34:54.091 V/PanelBar( 2274): panelExpansionChanged: end state=0 [ fullyClosed ]
06-06 17:34:54.091 V/PanelBar( 2274): collapseAllPanels: animate=false waiting=false
06-06 17:34:54.091 D/PhoneStatusBar( 2274): disable: < expand icons* alerts system_info* back HOME RECENT clock SEARCH >
06-06 17:34:54.091 I/PhoneStatusBar( 2274): SystemUI|isKeyguardShowing = false
06-06 17:34:54.091 I/UpSlideTransparentView( 2274): SystemUI|updateLayoutParams, isAnimationRunning = false, force = false
06-06 17:34:54.091 I/UpSlideTransparentView( 2274): SystemUI|UpdateLayoutParams, touchable = true, focusable = false, mLps.width = -1, mLps.height = 42, force = false
06-06 17:34:54.091 D/Launcher( 2804): changeStateToWorkspace -- mState = WORKSPACE
06-06 17:34:54.091 I/FingerprintServiceFPC( 2759): ACTION_USER_PRESENT: mIsScreenOn: true
06-06 17:34:54.091 I/FpService( 1442): onReceive(): ACTION_USER_PRESENT: mIsScreenOn: true
06-06 17:34:54.091 I/frontfingerprintkey( 1442): onReceive: action: android.intent.action.USER_PRESENT
06-06 17:34:54.091 I/frontfingerprintkey( 1442): USER_PRESENT: false
06-06 17:34:54.091 I/Updater/ShowSetupTipsReceiver( 4371): ShowSetupTipsReceiver received android.intent.action.USER_PRESENT
06-06 17:34:54.091 D/Updater/DownloadUtils( 4371): isDownloaded() start
06-06 17:34:54.101 I/SLService( 2463): ScreenActionReceiver action = android.intent.action.USER_PRESENT
06-06 17:34:54.101 I/Timeline(19374): Timeline: Activity_idle id: android.os.BinderProxy@33130fbe time:3163901
06-06 17:34:54.101 D/frontfingerprintkey( 1442): cancelverify: arg1: false arg2: false
06-06 17:34:54.101 D/frontfingerprintkey( 1442): isRegisterSensor: product_info: PD1603
06-06 17:34:54.101 I/frontfingerprintkey( 1442): unregisterSensor: mSensorManager: android.hardware.SystemSensorManager@f69d8be
06-06 17:34:54.101 D/Sensors ( 1442): disableSensor handle 5 in
06-06 17:34:54.101 D/SensorService( 1442): disable mLock_wait 0x00000000 mLock_status 0x00000000 mConnectionLock_wait 0x00000000 mConnectionLock_status 0x00000000
06-06 17:34:54.101 D/SensorService( 1442): 0x7f8e18c7d0 removeFd fd=360
06-06 17:34:54.101 D/SensorService( 1442): SensorDevice::activate: ident=0x7f8e18c7d0, handle=0x00000005, enabled=0, count=2
06-06 17:34:54.101 D/SensorService( 1442): disable index=1
06-06 17:34:54.101 D/SensorService( 1442): 	>>> actuating h/w batch 5 0 66667000 0
06-06 17:34:54.101 W/VivoSensorTest( 1442): int SensorsContext::batch(int, int, int64_t, int64_t) handle 20 flags 0 period_ns 66667000 timeout 0
06-06 17:34:54.101 W/qti_sensors_hal( 1442): batch:sensor(android.sensor.proximity) handle:20 flags:0x0 period_ns 66667000 timeout 0
06-06 17:34:54.101 D/SettingsProvider( 1442): lookupValue table system cache contains Key FindPhoneLocked , value = Bundle[{value=null}]
06-06 17:34:54.101 D/Sensors ( 1442): disableSensor handle 5 ont
06-06 17:34:54.101 D/SensorService( 1442): ~SensorEventConnection(0x7f8e18c7d0)
06-06 17:34:54.101 D/SensorService( 1442): 6 active sensors
06-06 17:34:54.101 D/SensorService( 1442): removing connection 0x7f8e18c7d0 for sensor[0].handle=0x00000005
06-06 17:34:54.101 D/SensorService( 1442): removing connection 0x7f8e18c7d0 for sensor[1].handle=0x00000006
06-06 17:34:54.101 D/SensorService( 1442): removing connection 0x7f8e18c7d0 for sensor[2].handle=0x00000009
06-06 17:34:54.101 D/SensorService( 1442): removing connection 0x7f8e18c7d0 for sensor[3].handle=0x0000000e
06-06 17:34:54.101 D/SensorService( 1442): removing connection 0x7f8e18c7d0 for sensor[4].handle=0x0000000f
06-06 17:34:54.101 D/SensorService( 1442): removing connection 0x7f8e18c7d0 for sensor[5].handle=0x00000013
06-06 17:34:54.101 V/ActivityManager( 1442): Ensuring correct configuration: ActivityRecord{25cfbe08 u0 io.dcloud.H58040C5A/io.dcloud.PandoraEntryActivity t7514}
06-06 17:34:54.101 V/ActivityManager( 1442): Configuration unchanged in ActivityRecord{25cfbe08 u0 io.dcloud.H58040C5A/io.dcloud.PandoraEntryActivity t7514}
06-06 17:34:54.111 D/Updater/DownloadUtils( 4371): Download status is -1
06-06 17:34:54.111 D/Updater/DownloadUtils( 4371):  isDownloaded() return -1
06-06 17:34:54.111 I/Updater/CommonUtils( 4371): Main activity is not showing!  io.dcloud.H58040C5A's activity is showing!
06-06 17:34:54.111 D/manager disable: < ( 1442): BEGIN disableLocked(0, 0, android.os.Binder@36208eb4, Window{35a9a44c u0 io.dcloud.H58040C5A/io.dcloud.PandoraEntryActivity})
06-06 17:34:54.111 V/WindowManager( 1442): needSensorRunningLp mCurrentAppOrientation 1 mCarDockEnablesAccelerometer true mDockMode 0mSupportAutoRotation true
06-06 17:34:54.111 V/WindowOrientationListener( 1442): getProposedRotationLocked  mEnabled true isenalbeAcc true
06-06 17:34:54.121 D/Updater/PrefsUtils( 4371): ↓↓↓Get update info from SharedPreferences↓↓↓
06-06 17:34:54.121 D/Updater/PrefsUtils( 4371): Version :              3.7.3
06-06 17:34:54.121 D/Updater/PrefsUtils( 4371): UpdateType :           incre
06-06 17:34:54.121 D/Updater/PrefsUtils( 4371): Md5 :                  0e5bfeeb3b40081d16a7622716f1d7dc
06-06 17:34:54.121 D/Updater/PrefsUtils( 4371): DownloadUrl :          http://sysupgrade.vivo.com.cn/update/download.do?fileName=PD1603-PD1603MA-update-patch_3.7.3_for_1.16.7_201705021554566026.zip&fileLength=294598435&up.imei=862720034960682&up.hboot=null&up.newVersion=3.7.3&up.type=incre&up.model=PD1603&up.version=PD1603_N_PD1603MA_1.16.7&up.proname=vivo+X7Plus&up.elapsedtime=166465417&up.querytype=1&up.st1=0&up.st2=0&up.sf=0&up.nt=WIFI&up.srm1=0&up.srm2=0&up.autodl=0
06-06 17:34:54.121 D/Updater/PrefsUtils( 4371): AutoDownloadFlag :     false
06-06 17:34:54.121 D/Updater/PrefsUtils( 4371): Forced update package: false
06-06 17:34:54.121 I/Updater/ShowSetupTipsReceiver( 4371): isDownloaded false
06-06 17:34:54.121 I/Updater/ShowSetupTipsReceiver( 4371): isNotInUpdateActivity true
06-06 17:34:54.121 D/CommonProvider( 4490): CommonProvider insert success, result = content://com.bbk.iqoo.logsystemes/aaa/607292
06-06 17:34:54.131 D/ActivityManager( 1442): app: io.dcloud.H58040C5A:daemon, app uid: 10021, user 0, intent ComponentInfo{io.dcloud.H58040C5A/io.dcloud.appstream.service.DaemonService}, calling uid 10021, mCallerApp ProcessRecord{f78e65f 19374:io.dcloud.H58040C5A/u0a21}
