--------- beginning of main
06-06 17:34:28.391 I/AppFeature( 2463): ucSecure is : hasConfigCenter is : false
06-06 17:34:28.391 D/SLService3( 2463): SeverFileObserver onEvent arg0 = 32,arg1 = event_id_info.xml
06-06 17:34:28.391 I/AppFeature( 2463): ucSecure is : hasConfigCenter is : false
06-06 17:34:28.391 D/SLService3( 2463): SeverFileObserver onEvent arg0 = 1,arg1 = event_id_info.xml
06-06 17:34:28.401 I/AppFeature( 2463): ucSecure is : hasConfigCenter is : false
06-06 17:34:28.401 D/SLService3( 2463): SeverFileObserver onEvent arg0 = 16,arg1 = event_id_info.xml
06-06 17:34:28.401 I/AppFeature( 2463): ucSecure is : hasConfigCenter is : false
06-06 17:34:28.401 D/SLService3( 2463): SeverFileObserver onEvent arg0 = 32,arg1 = event_id_info.xml
06-06 17:34:28.401 I/AppFeature( 2463): ucSecure is : hasConfigCenter is : false
06-06 17:34:28.401 D/SLService3( 2463): SeverFileObserver onEvent arg0 = 1,arg1 = event_id_info.xml
06-06 17:34:28.401 I/AppFeature( 2463): ucSecure is : hasConfigCenter is : false
06-06 17:34:28.401 D/SLService3( 2463): SeverFileObserver onEvent arg0 = 16,arg1 = event_id_info.xml
06-06 17:34:29.441 I/CusWid/GirlUIController( 2463): ----------- message update loop -------------
06-06 17:34:29.441 I/CusWid/GirlUIController( 2463): *****************onLoop*****************
06-06 17:34:29.441 I/CusWid/ManagerWidget( 2463): requstScoreValues..from where: 4001
06-06 17:34:29.451 I/CusWid/ManagerWidget( 2463): getRunningAppNumber..
06-06 17:34:29.451 I/Updater/AutoDownloadReceiver( 4371): Message what is 1
06-06 17:34:29.451 I/SpeedUpDataUtils( 2946): mTotalMemSize is : 3578
06-06 17:34:29.451 D/GetBgAppsNumService( 2946): GetBgAppsNumService.onCreate()
06-06 17:34:29.461 I/CusWid/ManagerWidget( 2463): init ram memory values
06-06 17:34:29.461 I/CusWid/GirlUIController( 2463): onUpdateRamPercent percent is : 32
06-06 17:34:29.461 I/CusWid/GirlUIController( 2463): updateRamPercent,id 9
06-06 17:34:29.461 I/CusWid/GirlUIController( 2463): updateRamPercent,id 2
06-06 17:34:29.461 I/SpeedUpDataUtils( 2946): mFreeMemSize is : 2455
06-06 17:34:29.461 I/DaemonService( 2946): DataUsageService pid = 2463
06-06 17:34:29.461 D/GetBgAppsNumService( 2946): GetBgAppsNumService.onStartCommand 
06-06 17:34:29.461 I/GetBgAppsNumService( 2946): intent is : Intent { act=com.android.GET_BG_APPS_NUM pkg=com.vivo.securedaemonservice } ; mResourcePkg is : null ; mIncludeWhite is : false
06-06 17:34:29.461 I/GetBgAppsNumService( 2946): getBgRunningApps()[begin]
06-06 17:34:29.461 I/SpeedUpDataUtils( 2946): srcPkgName is : null ; includeWhiteList is : false
06-06 17:34:29.471 I/DaemonService( 2946): DataUsageService pid = 2463
06-06 17:34:29.471 D/SpeedUpDataUtils( 2946):  pkgName is : com.bbk.launcher2 ; proName is : com.bbk.launcher2 ; appType is : 1
06-06 17:34:29.471 D/Updater/PrefsUtils( 4371): ↓↓↓Get update info from SharedPreferences↓↓↓
06-06 17:34:29.471 D/Updater/PrefsUtils( 4371): Version :              3.7.3
06-06 17:34:29.471 D/Updater/PrefsUtils( 4371): UpdateType :           incre
06-06 17:34:29.471 D/Updater/PrefsUtils( 4371): Md5 :                  0e5bfeeb3b40081d16a7622716f1d7dc
06-06 17:34:29.471 D/Updater/PrefsUtils( 4371): DownloadUrl :          http://sysupgrade.vivo.com.cn/update/download.do?fileName=PD1603-PD1603MA-update-patch_3.7.3_for_1.16.7_201705021554566026.zip&fileLength=294598435&up.imei=862720034960682&up.hboot=null&up.newVersion=3.7.3&up.type=incre&up.model=PD1603&up.version=PD1603_N_PD1603MA_1.16.7&up.proname=vivo+X7Plus&up.elapsedtime=166465417&up.querytype=1&up.st1=0&up.st2=0&up.sf=0&up.nt=WIFI&up.srm1=0&up.srm2=0&up.autodl=0
06-06 17:34:29.471 D/Updater/PrefsUtils( 4371): AutoDownloadFlag :     false
06-06 17:34:29.471 D/Updater/PrefsUtils( 4371): Forced update package: false
06-06 17:34:29.471 D/PhoneScanUtils( 5409): virusNum = 0
06-06 17:34:29.471 D/PrefManager( 5409): get prefName=phone_scan,key = virus_scan_used,value=false
06-06 17:34:29.471 I/SpeedUpDataUtils( 2946): get Running launcher is : com.bbk.launcher2 ; process name is : com.bbk.launcher2
06-06 17:34:29.471 I/SpeedUpDataUtils( 2946): get underSpliteScreenMode is : false
06-06 17:34:29.481 I/StorageManagerWrapper( 5409): storage:/storage/emulated/0 type:InternalStorage
06-06 17:34:29.481 I/StorageManagerWrapper( 5409): storage:/storage/otg/sda type:UsbStorage
06-06 17:34:29.481 I/StorageManagerWrapper( 5409): storage:/storage/otg/sdb type:UsbStorage
06-06 17:34:29.481 I/StorageManagerWrapper( 5409): storage:/storage/otg/sdc type:UsbStorage
06-06 17:34:29.481 I/StorageManagerWrapper( 5409): storage:/storage/otg/sdd type:UsbStorage
06-06 17:34:29.481 I/StorageManagerWrapper( 5409): storage:/storage/otg/sde type:UsbStorage
06-06 17:34:29.481 I/StorageManagerWrapper( 5409): storage:/storage/otg/sdf type:UsbStorage
06-06 17:34:29.481 I/StorageManagerWrapper( 5409): storage:/storage/emulated/0 type:InternalStorage
06-06 17:34:29.481 I/StorageManagerWrapper( 5409): storage:/storage/otg/sda type:UsbStorage
06-06 17:34:29.481 I/StorageManagerWrapper( 5409): storage:/storage/otg/sdb type:UsbStorage
06-06 17:34:29.481 I/StorageManagerWrapper( 5409): storage:/storage/otg/sdc type:UsbStorage
06-06 17:34:29.481 I/StorageManagerWrapper( 5409): storage:/storage/otg/sdd type:UsbStorage
06-06 17:34:29.481 I/StorageManagerWrapper( 5409): storage:/storage/otg/sde type:UsbStorage
06-06 17:34:29.481 I/StorageManagerWrapper( 5409): storage:/storage/otg/sdf type:UsbStorage
06-06 17:34:29.481 D/PhoneScanUtils( 5409): isSpaceNotEnough=false, spaceStatus=0
06-06 17:34:29.481 D/PhoneScanUtils( 5409): Phone Clean notUsed: true, spaceNotEnough: false
06-06 17:34:29.481 W/Settings( 5409): Setting airplane_mode_on has moved from android.provider.Settings.System to android.provider.Settings.Global, returning read-only value.
06-06 17:34:29.481 D/NetworkTelephony( 5409): current isOnAirplaneMode:false
06-06 17:34:29.481 I/Updater/DownloadUtils( 4371): It is charging!
06-06 17:34:29.481 D/VPS     ( 1442): debug wifi location permission, PD1603 return true
06-06 17:34:29.481 D/Updater/DownloadUtils( 4371): connect type = 1
06-06 17:34:29.481 D/SpeedUpDataUtils( 2946):  pkgName is : com.baidu.input_bbk.service ; proName is : com.baidu.input_bbk.service ; appType is : 2
06-06 17:34:29.481 I/Updater/DownloadUtils( 4371): isForced: false
06-06 17:34:29.481 I/Updater/DownloadUtils( 4371): isSilent: false
06-06 17:34:29.481 I/Updater/DownloadUtils( 4371): isScreenOff: false
06-06 17:34:29.481 I/Updater/DownloadUtils( 4371): isCharging: true
06-06 17:34:29.481 I/Updater/DownloadUtils( 4371): battery: 100
06-06 17:34:29.481 I/Updater/DownloadUtils( 4371): isConformToBatteryRule: true
06-06 17:34:29.481 I/Updater/DownloadUtils( 4371): isSdcardMounted:true
06-06 17:34:29.481 I/Updater/DownloadUtils( 4371): isNotSpecialWifiHotspot: true
06-06 17:34:29.481 I/Updater/DownloadUtils( 4371): autoDownloadSwitch: false
06-06 17:34:29.481 I/Updater/DownloadUtils( 4371): networkType: 2(WIFI is 2),canAutoDownloadInMobile: false
06-06 17:34:29.481 I/Updater/DownloadUtils( 4371): isRebooting: false
06-06 17:34:29.481 I/Updater/DownloadUtils( 4371): isScreenOff: false
06-06 17:34:29.481 I/Updater/DownloadUtils( 4371): hadSilentUpdateFailed: false
06-06 17:34:29.481 D/Updater/DownloadUtils( 4371): autoDownloadVerify return false
06-06 17:34:29.481 I/SpeedUpDataUtils( 2946): default input method service pkgName :  com.baidu.input_bbk.service/.PinyinIME ; inputMethodPkgName string is : com.baidu.input_bbk.service
06-06 17:34:29.481 D/PhoneScanUtils( 5409): unIntercept Ad apps num: 0
06-06 17:34:29.481 D/PhoneScanUtils( 5409): scanLevel=1, score=0, isBestState=false, argInt=0, argLong=0
06-06 17:34:29.481 D/PhoneScanUtils( 5409): scanLevel=3, score=0, isBestState=true, argInt=0, argLong=0
06-06 17:34:29.481 D/PhoneScanUtils( 5409): scanLevel=5, score=3, isBestState=false, argInt=-1, argLong=0
06-06 17:34:29.481 D/PhoneScanUtils( 5409): scanLevel=2, score=0, isBestState=false, argInt=-1, argLong=0
06-06 17:34:29.481 D/PhoneScanUtils( 5409): scanLevel=7, score=0, isBestState=true, argInt=0, argLong=0
06-06 17:34:29.481 D/PhoneScanUtils( 5409): getTotalScanInfoForWidget score=97, badItemNum=1
06-06 17:34:29.491 I/CusWid/ManagerWidget( 2463): onReceive.. action: com.iqoo.secure.action.PHONESCAN_COMPLETED
06-06 17:34:29.491 I/CusWid/ManagerWidget( 2463): handling action: com.iqoo.secure.action.PHONESCAN_COMPLETED
06-06 17:34:29.491 I/CusWid/GirlUIController( 2463): onUpdateScore.. score: 97
06-06 17:34:29.491 I/CusWid/GirlUIController( 2463): widgetUint,id 9
06-06 17:34:29.491 I/CusWid/GirlUIController( 2463): widgetUint,id 2
06-06 17:34:29.491 D/SecureProvider( 2463): caller uid: 1000 context: com.iqoo.secure.AppFeature@18687f5b
06-06 17:34:29.501 I/SpeedUpDataUtils( 2946):  put running task pkg name is : com.android.settings
06-06 17:34:29.501 I/SpeedUpDataUtils( 2946): add running service package name is : com.vivo.browser ; service name is : com.vivo.browser.ui.module.safe.BrowserSecureService
06-06 17:34:29.521 I/SpeedUpDataUtils( 2946): add running service package name is : com.chaozh.iReader ; service name is : com.taobao.accs.ChannelService
06-06 17:34:29.541 I/MSM-irqbalance(  608): Decided to move IRQ76 from CPU3 to CPU0
06-06 17:34:29.561 I/SpeedUpDataUtils( 2946): add running service package name is : com.vivo.game ; service name is : com.vivo.game.update.GameReceiverService
06-06 17:34:29.571 I/SpeedUpDataUtils( 2946):  add pkg name is : com.android.settings, mIsVisible is : true, mTotalRunningAppsNumber is : 1
06-06 17:34:29.571 I/SpeedUpDataUtils( 2946):  add pkg name is : com.vivo.weather.provider, mIsVisible is : false, mTotalRunningAppsNumber is : 1
06-06 17:34:29.571 I/SpeedUpDataUtils( 2946):  add pkg name is : com.vivo.abeui, mIsVisible is : false, mTotalRunningAppsNumber is : 1
06-06 17:34:29.571 I/SpeedUpDataUtils( 2946):  add pkg name is : com.android.providers.calendar, mIsVisible is : false, mTotalRunningAppsNumber is : 1
06-06 17:34:29.571 I/SpeedUpDataUtils( 2946):  add pkg name is : com.bbk.appstore, mIsVisible is : false, mTotalRunningAppsNumber is : 1
06-06 17:34:29.571 I/SpeedUpDataUtils( 2946):  add pkg name is : com.android.mms, mIsVisible is : false, mTotalRunningAppsNumber is : 1
06-06 17:34:29.581 I/SpeedUpDataUtils( 2946):  add pkg name is : com.vivo.game, mIsVisible is : true, mTotalRunningAppsNumber is : 2
06-06 17:34:29.581 I/SpeedUpDataUtils( 2946):  add pkg name is : com.iqoo.engineermode, mIsVisible is : false, mTotalRunningAppsNumber is : 2
06-06 17:34:29.581 I/SpeedUpDataUtils( 2946):  add pkg name is : com.svox.pico, mIsVisible is : false, mTotalRunningAppsNumber is : 2
06-06 17:34:29.581 I/SpeedUpDataUtils( 2946):  add pkg name is : com.iqoo.powersaving, mIsVisible is : false, mTotalRunningAppsNumber is : 2
06-06 17:34:29.581 I/SpeedUpDataUtils( 2946):  add pkg name is : com.chaozh.iReader, mIsVisible is : true, mTotalRunningAppsNumber is : 3
06-06 17:34:29.581 I/SpeedUpDataUtils( 2946):  add pkg name is : com.android.camera, mIsVisible is : false, mTotalRunningAppsNumber is : 3
06-06 17:34:29.581 I/SpeedUpDataUtils( 2946):  add pkg name is : com.vivo.ewarranty, mIsVisible is : false, mTotalRunningAppsNumber is : 3
06-06 17:34:29.581 I/SpeedUpDataUtils( 2946):  add pkg name is : com.vivo.magic.note, mIsVisible is : false, mTotalRunningAppsNumber is : 3
06-06 17:34:29.581 I/SpeedUpDataUtils( 2946):  add pkg name is : com.vivo.magic.clockweathermusic, mIsVisible is : false, mTotalRunningAppsNumber is : 3
06-06 17:34:29.581 I/SpeedUpDataUtils( 2946):  add pkg name is : com.vivo.dream.weather, mIsVisible is : false, mTotalRunningAppsNumber is : 3
06-06 17:34:29.581 I/SpeedUpDataUtils( 2946):  add pkg name is : com.vivo.dream.clock, mIsVisible is : false, mTotalRunningAppsNumber is : 3
06-06 17:34:29.581 I/SpeedUpDataUtils( 2946):  add pkg name is : com.vivo.devicereg, mIsVisible is : false, mTotalRunningAppsNumber is : 3
06-06 17:34:29.581 I/SpeedUpDataUtils( 2946):  add pkg name is : com.vivo.browser, mIsVisible is : true, mTotalRunningAppsNumber is : 4
06-06 17:34:29.581 I/SpeedUpDataUtils( 2946):  add pkg name is : com.qualcomm.svi, mIsVisible is : false, mTotalRunningAppsNumber is : 4
06-06 17:34:29.581 I/SpeedUpDataUtils( 2946):  add pkg name is : com.qualcomm.cabl, mIsVisible is : false, mTotalRunningAppsNumber is : 4
06-06 17:34:29.581 I/SpeedUpDataUtils( 2946):  add pkg name is : com.vivo.audiofx, mIsVisible is : false, mTotalRunningAppsNumber is : 4
06-06 17:34:29.581 I/SpeedUpDataUtils( 2946):  add pkg name is : com.tinypace.service, mIsVisible is : false, mTotalRunningAppsNumber is : 4
06-06 17:34:29.581 I/SpeedUpDataUtils( 2946):  add pkg name is : com.android.smspush, mIsVisible is : false, mTotalRunningAppsNumber is : 4
06-06 17:34:29.591 I/SpeedUpDataUtils( 2946):  add pkg name is : com.android.providers.settings, mIsVisible is : false, mTotalRunningAppsNumber is : 4
06-06 17:34:29.591 I/SpeedUpDataUtils( 2946):  add pkg name is : com.dsi.ant.server, mIsVisible is : false, mTotalRunningAppsNumber is : 4
06-06 17:34:29.591 D/GetBgAppsNumService( 2946): get bg apps number done sendBroadcastComplete !!!
06-06 17:34:29.591 D/GetBgAppsNumService( 2946): GetBgAppsNumService.onDestroy 
--------- beginning of system
06-06 17:34:29.591 W/ContextImpl( 2946): Calling a method in the system process without a qualified user: android.app.ContextImpl.sendBroadcast:1373 android.content.ContextWrapper.sendBroadcast:377 com.vivo.securedaemonservice.d.handleMessage:61 android.os.Handler.dispatchMessage:102 android.os.Looper.loop:135 
06-06 17:34:29.681 V/InputDispatcher( 1442): Asynchronous input event injection succeeded.
06-06 17:34:29.691 D/SettingsProvider( 1442): lookupValue table system cache contains Key floatmode , value = Bundle[{value=0}]
06-06 17:34:29.691 W/ResourceType( 2804): No known package when getting name for resource number 0x9c030004
06-06 17:34:29.711 E/ANDR-PERF-RESOURCEQS( 3003): Failed to apply optimization [4, 0]
06-06 17:34:29.811 D/TransableTextView( 2804): currSize: 84.0
06-06 17:34:29.821 D/LilyView( 2804): onDraw..
06-06 17:34:29.821 D/LilyView( 2804): resetMaxLines..
06-06 17:34:29.821 D/LilyView( 2804): 	height: 104, textSize:36.0, lineSpace: 21.0, lily: 12, maxRows: 1
06-06 17:34:29.821 I/EllipsizingTextView( 2804): fullText: vivo 便签记录生活的点滴时刻。 
06-06 17:34:29.821 D/LilyView( 2804): onDraw..
06-06 17:34:29.821 D/LilyView( 2804): noteRowsChanges.. realRows: 1, maxRows: 1, noteDate: com.vivo.magic.note.view.NoteDateView{24c7220b V.ED.... ........ 60,13-300,68 #7f070001 app:id/note_date_front}
06-06 17:34:29.821 D/LilyView( 2804): note: vivo 便签记录生活的点滴时刻。 
06-06 17:34:29.821 D/LilyView( 2804): 	translation: 0
06-06 17:34:29.821 I/EllipsizingTextView( 2804): fullText: vivo 便签记录生活的点滴时刻。 
06-06 17:34:29.821 D/LilyView( 2804): onDraw..
06-06 17:34:29.821 D/LilyView( 2804): noteRowsChanges.. realRows: 1, maxRows: 1, noteDate: com.vivo.magic.note.view.NoteDateView{34ab08e8 V.ED.... ........ 60,13-300,68 #7f070001 app:id/note_date_front}
06-06 17:34:29.821 D/LilyView( 2804): note: vivo 便签记录生活的点滴时刻。 
06-06 17:34:29.821 D/LilyView( 2804): 	translation: 0
06-06 17:34:29.841 V/InputDispatcher( 1442): Asynchronous input event injection succeeded.
06-06 17:34:29.841 W/ResourceType( 2804): No known package when getting name for resource number 0x9c030004
06-06 17:34:29.841 D/SettingsProvider( 1442): lookupValue table system cache contains Key vivo_dblclick_to_off_screen , value = Bundle[{value=0}]
06-06 17:34:29.841 D/SettingsProvider( 1442): lookupValue table system cache contains Key sound_effects_enabled , value = Bundle[{value=0}]
06-06 17:34:29.841 I/Timeline( 2804): Timeline: Activity_launch_request id:io.dcloud.H58040C5A time:3139647
06-06 17:34:29.841 V/ActivityManager( 1442): Starting activity when config will change = false
06-06 17:34:29.841 I/ActivityManager( 1442): START u0 {act=android.intent.action.MAIN cat=[android.intent.category.LAUNCHER] flg=0x30200000 cmp=io.dcloud.H58040C5A/io.dcloud.PandoraEntry bnds=[33,1061][279,1309]} from uid 10026 on display 0
06-06 17:34:29.851 I/StatusBarColorManager( 2274): SystemUI|notifyStatusBarColorInfo: iconColor = -1, bgColor = 0, bgVisible = true
06-06 17:34:29.851 E/ANDR-PERF-RESOURCEQS( 3003): Failed to apply optimization [4, 0]
06-06 17:34:29.851 V/VivoStats( 1442): noteActivityPausedLocked uid = 10026
06-06 17:34:29.851 D/Launcher( 2804): startActivitySafely success ? true
06-06 17:34:29.851 D/Launcher( 2804): onPause -- mState = WORKSPACE
06-06 17:34:29.851 I/vivo_debug_ActivityManagerService( 1442): initSplitService intent = Intent { act=android.intent.action.MAIN cat=[android.intent.category.LAUNCHER] flg=0x30200000 cmp=io.dcloud.H58040C5A/io.dcloud.PandoraEntry bnds=[33,1061][279,1309] }, r = ActivityRecord{a11f78d u0 io.dcloud.H58040C5A/io.dcloud.PandoraEntry t7513}
06-06 17:34:29.851 V/WindowManager( 1442): addAppToken: AppWindowToken{55f7153 token=Token{7218d42 ActivityRecord{a11f78d u0 io.dcloud.H58040C5A/io.dcloud.PandoraEntry t7513}}} to stack=1 task=7513 at 0
06-06 17:34:29.861 I/SurfaceFlinger(  438): FPS: 1
06-06 17:34:29.871 I/PMFunc  (19244): prepare 0 io.dcloud.H58040C5A
06-06 17:34:29.871 D/Launcher( 2804): onWindowFocusChanged ,  hasFocus = false
06-06 17:34:29.871 D/Launcher( 2804): onSaveInstanceState
06-06 17:34:29.871 I/ActivityManager( 1442): Start proc 19244:io.dcloud.H58040C5A/u0a21 for activity io.dcloud.H58040C5A/io.dcloud.PandoraEntry
06-06 17:34:29.881 D/Environment(19244): 111 rawUserId = 0
06-06 17:34:29.881 D/AndroidKeyStoreProvider(19244): not overseas product
06-06 17:34:29.881 V/VivoStats( 1442): noteActivityResumedLocked uid = 10021, mLastUid = 10026
06-06 17:34:29.881 V/PowerEffectManager( 2652): noteActivity uid = 10021, name = io.dcloud.PandoraEntry
06-06 17:34:29.881 V/PowerEffectManager( 2652): noteAppResumed uid = 10021, lastUid = 10026
06-06 17:34:29.881 I/StatusBarColorManager( 2274): SystemUI|notifyStatusBarColorInfo: iconColor = -1, bgColor = 0, bgVisible = true
06-06 17:34:29.881 I/SLService2( 2463): HAHA2 pid = 19244, uid = 10021, f = true
06-06 17:34:29.881 D/DataUsagePrefs( 2463): getDataUsageNetworkForbinddenReminder value:true
06-06 17:34:29.881 V/ActivityManager( 1442): Binding proc io.dcloud.H58040C5A with config {1.0 ?mcc?mnc zh_CN ?layoutDir sw360dp w360dp h617dp 480dpi nrml long port finger -keyb/v/h -nav/h s.5 themeId=0, affectGlobal:true}
06-06 17:34:29.881 V/ActivityManager( 1442): Ensuring correct configuration: ActivityRecord{a11f78d u0 io.dcloud.H58040C5A/io.dcloud.PandoraEntry t7513}
06-06 17:34:29.881 V/ActivityManager( 1442): Configuration unchanged in ActivityRecord{a11f78d u0 io.dcloud.H58040C5A/io.dcloud.PandoraEntry t7513}
06-06 17:34:29.881 V/ActivityManager( 1442): Ensuring correct configuration: ActivityRecord{d9082c1 u0 com.bbk.launcher2/.Launcher t7507}
06-06 17:34:29.881 V/ActivityManager( 1442): Configuration unchanged in ActivityRecord{d9082c1 u0 com.bbk.launcher2/.Launcher t7507}
06-06 17:34:29.881 V/ActivityManager( 1442): Ensuring correct configuration: ActivityRecord{a11f78d u0 io.dcloud.H58040C5A/io.dcloud.PandoraEntry t7513}
06-06 17:34:29.881 V/ActivityManager( 1442): Configuration unchanged in ActivityRecord{a11f78d u0 io.dcloud.H58040C5A/io.dcloud.PandoraEntry t7513}
06-06 17:34:29.881 V/ActivityManager( 1442): Ensuring correct configuration: ActivityRecord{d9082c1 u0 com.bbk.launcher2/.Launcher t7507}
06-06 17:34:29.881 V/ActivityManager( 1442): Configuration unchanged in ActivityRecord{d9082c1 u0 com.bbk.launcher2/.Launcher t7507}
06-06 17:34:29.881 D/ScreenBrightnessModeRestore( 1442): onForegroundActivitiesChanged pid=19244 mCurrentForceGroundPid=2804 mLastForceGroundPid=-1
06-06 17:34:29.881 D/ScreenBrightnessModeRestore( 1442): onForegroundActivitiesChanged mWaitToRestore=false mWaitToRollbackChangedBrightness=false
06-06 17:34:29.891 I/LocationDialogService( 2652): onForegroundActivitiesChanged() pid = 19244, uid = 10021, foregroundActivities = true
06-06 17:34:29.891 I/LocationDialogService( 2652): onForegroundActivitiesChanged name Process == io.dcloud.H58040C5A
06-06 17:34:29.891 I/RecentHelper( 2274): SystemUI|oldPkg = com.bbk.launcher2,newPkg = io.dcloud.H58040C5A, mSpeedUpStarted = false
06-06 17:34:29.891 I/SLService3( 2463): runningNetworkLimitReminder ConnectivityManager not null， uid = 10021
06-06 17:34:29.891 I/FloatWindowManagerService( 2463): chan pid = 19244, id = 10021, fore  = true ; n is : io.dcloud.H58040C5A
06-06 17:34:29.891 I/VivoRecentTasksLoader( 2274): SystemUI|getRecentTasks: pkg = io.dcloud.H58040C5A, t.persistentId = 7513, t.id = 7513, t.userId = 0, isExcluded = false, isFirstValidTask = true
06-06 17:34:29.891 I/VivoRecentTasksLoader( 2274): SystemUI|getRecentTasks: pkg = com.android.settings, t.persistentId = 7509, t.id = 7509, t.userId = 0, isExcluded = false, isFirstValidTask = false
06-06 17:34:29.901 I/CusWid/ManagerWidget( 2463): foreground activity change ,process name: io.dcloud.H58040C5A,foregroundActivities: true,launcherName: com.bbk.launcher2,lastlauncher: null
06-06 17:34:29.901 I/RecentHelper( 2274): SystemUI|index = 0,pkgName = io.dcloud.H58040C5A
06-06 17:34:29.901 I/RecentHelper( 2274): SystemUI|releaseRecentBitmap, pkg= io.dcloud.H58040C5A, isSystemApp= false
06-06 17:34:29.911 D/CommonProvider( 4490): CommonProvider insert success, result = content://com.bbk.iqoo.logsystemes/atr/422203
06-06 17:34:29.911 I/DCloud_LOG(19244): initPath isStreamSDK=false
06-06 17:34:29.911 I/DeviceInfo(19244): sPackageName=io.dcloud.H58040C5A;
06-06 17:34:29.911 I/DeviceInfo(19244): sDeviceRootDir=/storage/emulated/0;
06-06 17:34:29.911 I/DeviceInfo(19244): sBaseFsRootPath=/storage/emulated/0/Android/data/io.dcloud.H58040C5A/;
06-06 17:34:29.911 I/DeviceInfo(19244): sBaseFsRootFullPath=file:///storage/emulated/0/Android/data/io.dcloud.H58040C5A/;
06-06 17:34:29.911 I/DeviceInfo(19244): sBaseResRootFullPath=file:///android_asset/;
06-06 17:34:29.911 I/DCloud_LOG(19244): createNewFile 0:/storage/emulated/0/Android/data/io.dcloud.H58040C5A/apps/
06-06 17:34:29.911 I/DCloud_LOG(19244): createNewFile 0:/storage/emulated/0/Android/data/io.dcloud.H58040C5A/sitemap/
06-06 17:34:29.911 V/ActivityThread(19244): Handle configuration changed: {1.0 ?mcc?mnc zh_CN ?layoutDir sw360dp w360dp h617dp 480dpi nrml long port finger -keyb/v/h -nav/h s.5 themeId=0, affectGlobal:true}
06-06 17:34:29.911 V/ResourcesManager(19244): Skipping new config: curSeq=5, newSeq=5
06-06 17:34:29.921 I/Timeline(19244): Timeline: Activity_launch_request id:io.dcloud.H58040C5A time:3139725
06-06 17:34:29.921 I/StatusBarColorManager( 2274): SystemUI|notifyStatusBarColorInfo: iconColor = -1, bgColor = 0, bgVisible = true
06-06 17:34:29.921 V/VivoStats( 1442): noteActivityPausedLocked uid = 10021
06-06 17:34:29.921 I/StatusBarColorManager( 2274): SystemUI|notifyStatusBarColorInfo: iconColor = -1, bgColor = 0, bgVisible = true
06-06 17:34:29.921 V/ActivityThread(19244): Launching activity io.dcloud.PandoraEntry with config {1.0 ?mcc?mnc zh_CN ?layoutDir sw360dp w360dp h617dp 480dpi nrml long port finger -keyb/v/h -nav/h s.5 themeId=0, affectGlobal:true}
06-06 17:34:29.921 V/ActivityManager( 1442): Starting activity when config will change = false
06-06 17:34:29.921 I/ActivityManager( 1442): START u0 {act=android.intent.action.MAIN cat=[android.intent.category.LAUNCHER] flg=0x30200000 cmp=io.dcloud.H58040C5A/io.dcloud.PandoraEntryActivity bnds=[33,1061][279,1309] (has extras)} from uid 10021 on display 0
06-06 17:34:29.921 V/WindowManager( 1442): addAppToken: AppWindowToken{203f3b8e token=Token{eb37f89 ActivityRecord{175cba90 u0 io.dcloud.H58040C5A/io.dcloud.PandoraEntryActivity t7513}}} to stack=1 task=7513 at 1
06-06 17:34:29.931 D/PhoneWindow(19244): DEBUG_SYSTEMUI:origin statusbar style 
06-06 17:34:29.931 D/PhoneWindow(19244): DEBUG_SYSTEMUI:windowDrawsFlag set
06-06 17:34:29.931 D/PhoneWindow(19244): DEBUG_SYSTEMUI:IconColor=1
06-06 17:34:29.931 D/PhoneWindow(19244): DEBUG_SYSTEMUI:StatusBarColor final set ff757575
06-06 17:34:29.931 I/ViewRootImpl(19244): CPU Rendering VSync enable = true
06-06 17:34:29.931 D/OpenGLRenderer(19244): Use EGL_SWAP_BEHAVIOR_PRESERVED: true
06-06 17:34:29.931 V/LoaderManager( 2804): destroyLoader in LoaderManager{197f5d02 in Launcher{239d87a4}} of 0
06-06 17:34:29.931 V/LoaderManager( 2804): destroyLoader in LoaderManager{197f5d02 in Launcher{239d87a4}} of 1
06-06 17:34:29.931 V/LoaderManager( 2804): destroyLoader in LoaderManager{197f5d02 in Launcher{239d87a4}} of 2
06-06 17:34:29.931 V/LoaderManager( 2804): destroyLoader in LoaderManager{197f5d02 in Launcher{239d87a4}} of 3
06-06 17:34:29.931 V/LoaderManager( 2804): destroyLoader in LoaderManager{197f5d02 in Launcher{239d87a4}} of 4
06-06 17:34:29.931 V/LoaderManager( 2804): destroyLoader in LoaderManager{197f5d02 in Launcher{239d87a4}} of 5
06-06 17:34:29.931 V/LoaderManager( 2804): destroyLoader in LoaderManager{197f5d02 in Launcher{239d87a4}} of 6
06-06 17:34:29.931 V/LoaderManager( 2804): destroyLoader in LoaderManager{197f5d02 in Launcher{239d87a4}} of 7
06-06 17:34:29.931 V/LoaderManager( 2804): destroyLoader in LoaderManager{197f5d02 in Launcher{239d87a4}} of 8
06-06 17:34:29.931 V/WindowManager( 1442): Adding window Window{13c9b7cb u0 io.dcloud.H58040C5A/io.dcloud.PandoraEntry} at 3 of 8 (after Window{1cff3377 u0 com.android.settings/com.android.settings.Settings$UsageAccessSettingsActivity})
06-06 17:34:29.931 V/ActivityManager( 1442): Ensuring correct configuration: ActivityRecord{175cba90 u0 io.dcloud.H58040C5A/io.dcloud.PandoraEntryActivity t7513}
06-06 17:34:29.931 V/ActivityManager( 1442): Configuration unchanged in ActivityRecord{175cba90 u0 io.dcloud.H58040C5A/io.dcloud.PandoraEntryActivity t7513}
06-06 17:34:29.941 V/PowerEffectManager( 2652): noteActivity uid = 10021, name = io.dcloud.PandoraEntryActivity
06-06 17:34:29.941 I/SLService2( 2463): HAHA2 pid = 2804, uid = 10026, f = false
06-06 17:34:29.941 D/DataUsagePrefs( 2463): getDataUsageNetworkForbinddenReminder value:true
06-06 17:34:29.941 I/LocationDialogService( 2652): onForegroundActivitiesChanged() pid = 2804, uid = 10026, foregroundActivities = false
06-06 17:34:29.941 I/LocationDialogService( 2652): onForegroundActivitiesChanged name Process == io.dcloud.H58040C5A
06-06 17:34:29.941 I/LocationDialogService( 2652): removeGpsDialog
06-06 17:34:29.941 I/LocationDialogService( 2652): already remove
06-06 17:34:29.941 I/FloatWindowManagerService( 2463): get top = io.dcloud.H58040C5A
06-06 17:34:29.941 I/FloatWindowManagerService( 2463):  ; last is : com.bbk.launcher2 ; to is : io.dcloud.H58040C5A
06-06 17:34:29.941 I/CusWid/ManagerWidget( 2463): foreground activity change ,process name: com.bbk.launcher2,foregroundActivities: false,launcherName: com.bbk.launcher2,lastlauncher: null
06-06 17:34:29.941 I/FloatWindowManagerService( 2463): chan pid = 2804, id = 10026, fore  = false ; n is : com.bbk.launcher2
06-06 17:34:29.941 I/FloatWindowManagerService( 2463): state is : 0
06-06 17:34:29.941 D/Launcher( 2804): onStop: mState is WORKSPACE
06-06 17:34:29.941 D/yuan    ( 2804): onVisibilityChanged----android.widget.ListView{18625ba2 V.ED..C. ......I. 0,0-0,0}
06-06 17:34:29.941 D/yuan    ( 2804): onVisibilityChanged----android.widget.ListView{2ab699a V.ED..C. ......I. 0,0-0,0}
06-06 17:34:29.941 D/yuan    ( 2804): onVisibilityChanged----android.widget.ListView{33b4eec V.ED..C. ......I. 0,0-0,0}
06-06 17:34:29.941 D/yuan    ( 2804): onVisibilityChanged----android.widget.ListView{edafd08 V.ED..C. ......I. 0,0-0,0}
06-06 17:34:29.941 D/yuan    ( 2804): onVisibilityChanged----android.widget.ListView{3967ae53 VFED.VC. ......I. 0,0-0,0 #7f0c0072 app:id/result_list}
06-06 17:34:29.941 V/ActivityManager( 1442): Ensuring correct configuration: ActivityRecord{175cba90 u0 io.dcloud.H58040C5A/io.dcloud.PandoraEntryActivity t7513}
06-06 17:34:29.941 V/ActivityManager( 1442): Configuration unchanged in ActivityRecord{175cba90 u0 io.dcloud.H58040C5A/io.dcloud.PandoraEntryActivity t7513}
06-06 17:34:29.941 D/ScreenBrightnessModeRestore( 1442): onForegroundActivitiesChanged pid=2804 mCurrentForceGroundPid=19244 mLastForceGroundPid=-1
06-06 17:34:29.941 D/ScreenBrightnessModeRestore( 1442): onForegroundActivitiesChanged mWaitToRestore=false mWaitToRollbackChangedBrightness=false
06-06 17:34:29.941 W/ActivityManager( 1442): getTasks: caller 10026 does not hold REAL_GET_TASKS; limiting output
06-06 17:34:29.971 I/Adreno  (19244): QUALCOMM build                   : cd5aa25, I70f8b217e7
06-06 17:34:29.971 I/Adreno  (19244): Build Date                       : 07/15/16
06-06 17:34:29.971 I/Adreno  (19244): OpenGL ES Shader Compiler Version: XE031.06.00.03
06-06 17:34:29.971 I/Adreno  (19244): Local Branch                     : 
06-06 17:34:29.971 I/Adreno  (19244): Remote Branch                    : 
06-06 17:34:29.971 I/Adreno  (19244): Remote Branch                    : 
06-06 17:34:29.971 I/Adreno  (19244): Reconstruct Branch               : 
06-06 17:34:29.971 I/OpenGLRenderer(19244): Initialized EGL, version 1.4
06-06 17:34:29.971 V/ResourcesManager(19244): Skipping new config: curSeq=5, newSeq=5
06-06 17:34:29.981 D/OpenGLRenderer(19244): Enabling debug mode 0
06-06 17:34:29.981 V/ActivityThread(19244): Handle configuration changed: {1.0 ?mcc?mnc zh_CN ?layoutDir sw360dp w360dp h617dp 480dpi nrml long port finger -keyb/v/h -nav/h s.5 themeId=0, affectGlobal:true}
06-06 17:34:29.981 V/ResourcesManager(19244): Skipping new config: curSeq=5, newSeq=5
06-06 17:34:29.991 E/Html5Plus-onCreate(19244): 1528277669997
06-06 17:34:29.991 D/WebAppActivity(19244): onCreate
06-06 17:34:29.991 V/ActivityThread(19244): Launching activity io.dcloud.PandoraEntryActivity with config {1.0 ?mcc?mnc zh_CN ?layoutDir sw360dp w360dp h617dp 480dpi nrml long port finger -keyb/v/h -nav/h s.5 themeId=0, affectGlobal:true}
06-06 17:34:30.001 W/ImageLoader(19244): memoryCache() and memoryCacheSize() calls overlap each other
06-06 17:34:30.001 E/DCloud_LOG(19244): Not found io.dcloud.H58040C5A.R$id.iv_icon_splash_dcloud
06-06 17:34:30.001 E/DCloud_LOG(19244): Not found io.dcloud.H58040C5A.R$id.tv_copyright_splash_dcloud
06-06 17:34:30.001 E/DCloud_LOG(19244): Not found io.dcloud.H58040C5A.R$id.tv_loading_splash_dcloud
06-06 17:34:30.001 E/DCloud_LOG(19244): Not found io.dcloud.H58040C5A.R$id.tv_name_splash_dcloud
06-06 17:34:30.001 W/ImageLoader(19244): memoryCache() and memoryCacheSize() calls overlap each other
06-06 17:34:30.001 W/ImageLoader(19244): discCache(), discCacheSize() and discCacheFileCount calls overlap each other
06-06 17:34:30.021 E/platform(19244): NoSuchMethodException android.telephony.TelephonyManager getImei2
06-06 17:34:30.021 D/VPS     ( 1442): debug wifi location permission, PD1603 return true
06-06 17:34:30.021 D/SettingsProvider( 1442): lookupValue table secure cache contains Key android_id , value = Bundle[{value=a05abd73d45a85}]
06-06 17:34:30.031 W/ActivityManager( 1442): getRunningAppProcesses: caller 10021 does not hold REAL_GET_TASKS; limiting output
06-06 17:34:30.041 D/VPS     ( 1442): debug wifi location permission, PD1603 return true
06-06 17:34:30.041 D/download_manager(19244): BaseActivity onCreate
06-06 17:34:30.041 D/        (19244): onRuntimePreCreate appid=Main_App
06-06 17:34:30.041 I/splash  (19244): WebAppActivity.onCreateSplash().appid=null this.appid=Main_App this=io.dcloud.PandoraEntryActivity@1228273c
06-06 17:34:30.041 I/splash  (19244): WebAppActivity.onCreateSplash().mSplashView is Null =true
06-06 17:34:30.041 I/WebAppActivity(19244): onCreateSplash;intent=Intent { act=android.intent.action.MAIN cat=[android.intent.category.LAUNCHER] flg=0x30200000 cmp=io.dcloud.H58040C5A/io.dcloud.PandoraEntryActivity bnds=[33,1061][279,1309] (has extras) }
06-06 17:34:30.041 I/WebAppActivity(19244): onCreateSplash hasSplash=true
06-06 17:34:30.041 I/WebAppActivity(19244): onCreateSplash __splash_mode__=auto
06-06 17:34:30.071 D/PhoneWindow(19244): DEBUG_SYSTEMUI:origin statusbar style 
06-06 17:34:30.071 D/PhoneWindow(19244): DEBUG_SYSTEMUI:windowDrawsFlag set
06-06 17:34:30.071 D/PhoneWindow(19244): DEBUG_SYSTEMUI:IconColor=1
06-06 17:34:30.071 D/PhoneWindow(19244): DEBUG_SYSTEMUI:StatusBarColor final set ff757575
06-06 17:34:30.071 E/platform(19244): ClassNotFoundException io.dcloud.appstream.actionbar.StreamAppActionBarUtil checkNeedTitleView
06-06 17:34:30.071 D/WebAppActivity(19244): checkAutoHide false
06-06 17:34:30.071 I/        (19244): onResume appid=Main_App
06-06 17:34:30.071 E/Html5Plus-onResume(19244): 1528277670081
06-06 17:34:30.071 I/ViewRootImpl(19244): CPU Rendering VSync enable = true
06-06 17:34:30.081 V/WindowManager( 1442): Adding window Window{30177a54 u0 io.dcloud.H58040C5A/io.dcloud.PandoraEntryActivity} at 4 of 9 (after Window{13c9b7cb u0 io.dcloud.H58040C5A/io.dcloud.PandoraEntry})
06-06 17:34:30.081 V/ResourcesManager(19244): Skipping new config: curSeq=5, newSeq=5
06-06 17:34:30.091 D/manager disable: < ( 1442): BEGIN disableLocked(0, 0, android.os.Binder@36208eb4, Window{30177a54 u0 io.dcloud.H58040C5A/io.dcloud.PandoraEntryActivity})
06-06 17:34:30.091 V/ResourcesManager(19244): Skipping new config: curSeq=5, newSeq=5
06-06 17:34:30.101 I/SplashView(19244): paint() before DeviceInfo.updateScreenInfo()
06-06 17:34:30.101 I/SplashView(19244): dispatchDraw.....
06-06 17:34:30.101 V/ResourcesManager(19244): Skipping new config: curSeq=5, newSeq=5
06-06 17:34:30.121 I/StatusBarColorManager( 2274): SystemUI|notifyStatusBarColorInfo: iconColor = 1, bgColor = ff757575, bgVisible = true
06-06 17:34:30.121 I/WindowManager( 1442): isKeyguardShowing = false, mKeyguardWindow.mAttrs.privateFlags = 0
06-06 17:34:30.131 I/ActivityManager( 1442): Displayed io.dcloud.H58040C5A/io.dcloud.PandoraEntryActivity: +192ms (total +272ms)
06-06 17:34:30.131 V/PanelView( 2274): com.android.systemui:id/notification_panel: setExpandedHeight(0.0)
06-06 17:34:30.131 V/PanelBar( 2274): panelExpansionChanged: start state=0 panel=com.android.systemui:id/notification_panel
06-06 17:34:30.131 V/PanelBar( 2274): panelExpansionChanged: end state=0 [ fullyClosed ]
06-06 17:34:30.131 V/PanelBar( 2274): panelExpansionChanged: start state=0 panel=com.android.systemui:id/notification_panel
06-06 17:34:30.131 V/PanelBar( 2274): panelExpansionChanged: end state=0 [ fullyClosed ]
06-06 17:34:30.131 V/PanelBar( 2274): collapseAllPanels: animate=false waiting=false
06-06 17:34:30.131 I/SettingsProvider( 1442): system <- name=vivo_fullscreen_flag value=1 for user 0
06-06 17:34:30.131 I/Timeline(19244): Timeline: Activity_idle id: android.os.BinderProxy@33130fbe time:3139937
06-06 17:34:30.131 D/SettingsProvider( 1442): lookupValue table system cache contains Key time_12_24 , value = Bundle[{value=24}]
06-06 17:34:30.131 D/SettingsProvider( 1442): lookupValue table system cache contains Key com.vivo.smartmultiwindow.audosplit , value = Bundle[{value=0}]
06-06 17:34:30.131 D/SettingsProvider( 1442): lookupValue table system cache contains Key FindPhoneLocked , value = Bundle[{value=null}]
06-06 17:34:30.131 V/ActivityManager( 1442): Ensuring correct configuration: ActivityRecord{175cba90 u0 io.dcloud.H58040C5A/io.dcloud.PandoraEntryActivity t7513}
06-06 17:34:30.131 V/ActivityManager( 1442): Configuration no differences in ActivityRecord{175cba90 u0 io.dcloud.H58040C5A/io.dcloud.PandoraEntryActivity t7513}
06-06 17:34:30.141 D/SettingsProvider( 1442): lookupValue table system cache contains Key vivo_fullscreen_flag , value = Bundle[{value=1}]
06-06 17:34:30.231 D/DataUsageService( 2463): mStatsUpdateReceiver intent:Intent { act=com.android.server.action.NETWORK_STATS_UPDATED flg=0x40000010 }
06-06 17:34:30.231 D/SettingsProvider( 1442): lookupValue table system cache contains Key data_usage_show_flow , value = Bundle[{value=null}]
06-06 17:34:30.231 D/DataUsagePrefs( 2463): getDataUsageShowFlow value:false
06-06 17:34:30.231 D/DataUsagePrefs( 2463): getDataUsageExceptionRemain value:true
06-06 17:34:30.231 D/DataUsagePrefs( 2463): getDataUsageMonitor value:true
06-06 17:34:30.231 D/DataUsageService( 2463): needExceptionRemind needRemained:false
06-06 17:34:30.231 D/DataUsageService( 2463): updateNotificationsLocked()
06-06 17:34:30.231 D/DataUsagePrefs( 2463): getDataUsageMonitor value:true
06-06 17:34:30.231 D/NetworkManagementService( 1442): hardware tether stats:NetworkStats: elapsedRealtime=3140030
06-06 17:34:30.231 D/NetworkManagementService( 1442): getNetworkStatsSummaryXt:NetworkStats: elapsedRealtime=3140030
06-06 17:34:30.231 D/NetworkManagementService( 1442):   [0] iface=wlan0 uid=-1 set=ALL tag=0x0 rxBytes=6717858 rxPackets=5312 txBytes=235478 txPackets=3161 operations=0
06-06 17:34:30.231 D/NetworkManagementService( 1442):   [1] iface=rmnet_data7 uid=-1 set=ALL tag=0x0 rxBytes=396 rxPackets=5 txBytes=522 txPackets=8 operations=0
06-06 17:34:30.231 D/NetworkManagementService( 1442):   [2] iface=lo uid=-1 set=ALL tag=0x0 rxBytes=25299788 rxPackets=20930 txBytes=25299788 txPackets=20930 operations=0
06-06 17:34:30.231 D/NetworkManagementService( 1442): hardware tether stats:NetworkStats: elapsedRealtime=3140030
06-06 17:34:30.231 D/NetworkManagementService( 1442): getNetworkStatsSummaryDev:NetworkStats: elapsedRealtime=3140031
06-06 17:34:30.231 D/NetworkManagementService( 1442):   [0] iface=wlan0 uid=-1 set=ALL tag=0x0 rxBytes=6745069 rxPackets=6040 txBytes=285855 txPackets=3282 operations=0
06-06 17:34:30.231 D/NetworkManagementService( 1442):   [1] iface=rmnet_data7 uid=-1 set=ALL tag=0x0 rxBytes=468 rxPackets=6 txBytes=660 txPackets=9 operations=0
06-06 17:34:30.231 D/NetworkManagementService( 1442):   [2] iface=lo uid=-1 set=ALL tag=0x0 rxBytes=25299788 rxPackets=20930 txBytes=25299788 txPackets=20930 operations=0
06-06 17:34:30.271 I/Main_Path_Main_App(19244): onCreate appid=Main_App
06-06 17:34:30.271 I/Main_Path_Main_App(19244): onRuntimeCreate appid=Main_App
06-06 17:34:30.271 E/DCloud_LOG(19244): fmgr no dp
06-06 17:34:30.301 D/DataFormatter( 2463): Normal bytes 331775
06-06 17:34:30.301 D/DataUsageService( 2463): NetSpeed 324K/s 
06-06 17:34:30.311 I/DeviceInfo(19244): old_apk_modify_date=1528277513000
06-06 17:34:30.311 I/DeviceInfo(19244): Apk Modify Date=1528277513000;_ret=false
06-06 17:34:30.311 E/DCloud_LOG(19244): channel:io.dcloud.H58040C5A|H58040C5A|;ver:1.9.9.43948;ssdk:false;max:3;trim:0;dg:false
06-06 17:34:30.341 I/ylyl    (19244):  AppMGr START_APP H58040C5A
06-06 17:34:30.341 I/ylyl    (19244): startOneApp H58040C5A
06-06 17:34:30.401 I/WebViewFactory(19244): Loading com.android.webview version 39 (eng.compiler-arm64) (code 399992)
06-06 17:34:30.401 D/ImageWallpaper( 2274): onVisibilityChanged: mVisible, visible=true, false
06-06 17:34:30.401 D/ImageWallpaper( 2274): Visibility changed to visible=false
06-06 17:34:30.401 D/ImageWallpaper( 2274): Suppressed drawFrame since redraw is not needed and offsets have not changed.
06-06 17:34:30.401 I/LibraryLoader(19244): Time to load native libraries: 1 ms (timestamps 206-207)
06-06 17:34:30.401 I/LibraryLoader(19244): Expected native library version number "",actual native library version number ""
06-06 17:34:30.411 V/WebViewChromiumFactoryProvider(19244): Binding Chromium to main looper Looper (main, tid 1) {f4f4070}
06-06 17:34:30.411 I/LibraryLoader(19244): Expected native library version number "",actual native library version number ""
06-06 17:34:30.411 I/chromium(19244): [INFO:library_loader_hooks.cc(104)] Chromium logging enabled: level = 0, default verbosity = 0
06-06 17:34:30.411 I/BrowserStartupController(19244): Initializing chromium process, singleProcess=true
06-06 17:34:30.411 W/art     (19244): Attempt to remove local handle scope entry from IRT, ignoring
06-06 17:34:30.421 W/AudioManagerAndroid(19244): Requires BLUETOOTH permission
06-06 17:34:30.421 W/chromium(19244): [WARNING:resource_bundle.cc(304)] locale_file_path.empty()
06-06 17:34:30.421 I/chromium(19244): [INFO:aw_browser_main_parts.cc(65)] Load from apk succesful, fd=61 off=1319204 len=3050
06-06 17:34:30.421 I/chromium(19244): [INFO:aw_browser_main_parts.cc(78)] Loading webviewchromium.pak from, fd:62 off:229484 len:1089673
06-06 17:34:30.461 D/SettingsProvider( 1442): lookupValue table system cache contains Key show_password , value = Bundle[{value=0}]
06-06 17:34:30.461 W/chromium(19244): [WARNING:data_reduction_proxy_settings.cc(331)] SPDY proxy OFF at startup
06-06 17:34:30.471 W/art     (19244): Attempt to remove local handle scope entry from IRT, ignoring
06-06 17:34:30.471 W/AwContents(19244): onDetachedFromWindow called when already detached. Ignoring
06-06 17:34:30.471 W/art     (19244): Attempt to remove local handle scope entry from IRT, ignoring
06-06 17:34:30.471 W/art     (19244): Attempt to remove local handle scope entry from IRT, ignoring
06-06 17:34:30.471 W/art     (19244): Attempt to remove local handle scope entry from IRT, ignoring
06-06 17:34:30.471 W/art     (19244): Attempt to remove local handle scope entry from IRT, ignoring
06-06 17:34:30.491 D/SettingsProvider( 1442): lookupValue table system cache contains Key default_data_network , value = Bundle[{value=null}]
06-06 17:34:30.501 W/art     (19244): Attempt to remove local handle scope entry from IRT, ignoring
06-06 17:34:30.501 W/art     (19244): Attempt to remove local handle scope entry from IRT, ignoring
06-06 17:34:30.511 V/PanelView( 2274): com.android.systemui:id/notification_panel: setExpandedHeight(0.0)
06-06 17:34:30.511 V/PanelBar( 2274): panelExpansionChanged: start state=0 panel=com.android.systemui:id/notification_panel
06-06 17:34:30.511 V/PanelBar( 2274): panelExpansionChanged: end state=0 [ fullyClosed ]
06-06 17:34:30.511 V/PanelBar( 2274): panelExpansionChanged: start state=0 panel=com.android.systemui:id/notification_panel
06-06 17:34:30.511 V/PanelBar( 2274): panelExpansionChanged: end state=0 [ fullyClosed ]
06-06 17:34:30.511 V/PanelBar( 2274): collapseAllPanels: animate=false waiting=false
06-06 17:34:30.831 I/VivoNetworkController( 2274): SystemUI|mWifiEnabled && mWifiConnected = true
06-06 17:34:30.871 I/SurfaceFlinger(  438): FPS: 50
06-06 17:34:31.831 I/VivoNetworkController( 2274): SystemUI|mWifiEnabled && mWifiConnected = true
06-06 17:34:31.881 I/SurfaceFlinger(  438): FPS: 60
06-06 17:34:32.701 E/Html5Plus-SplashClosed(19244): 1528277672702
06-06 17:34:32.701 E/Main_Path(19244): closeSplashScreen0 appid=H58040C5A;true;closeSplashDid=false
06-06 17:34:32.701 D/PhoneWindow(19244): DEBUG_SYSTEMUI:setStatusBarColor:ff757575
06-06 17:34:32.701 D/PhoneWindow(19244): DEBUG_SYSTEMUI:setStatusBarColor:ff757575
06-06 17:34:32.741 I/SettingsProvider( 1442): system <- name=vivo_fullscreen_flag value=0 for user 0
06-06 17:34:32.741 D/SettingsProvider( 1442): lookupValue table system cache contains Key com.vivo.smartmultiwindow.audosplit , value = Bundle[{value=0}]
06-06 17:34:32.741 D/SettingsProvider( 1442): lookupValue table system cache contains Key time_12_24 , value = Bundle[{value=24}]
06-06 17:34:32.741 D/SettingsProvider( 1442): lookupValue table system cache contains Key vivo_fullscreen_flag , value = Bundle[{value=0}]
06-06 17:34:32.831 I/VivoNetworkController( 2274): SystemUI|mWifiEnabled && mWifiConnected = true
06-06 17:34:32.891 I/SurfaceFlinger(  438): FPS: 60
06-06 17:34:33.001 D/SettingsProvider( 1442): lookupValue table system cache contains Key FindPhoneLocked , value = Bundle[{value=null}]
06-06 17:34:33.301 D/DataFormatter( 2463): Normal bytes 211872
06-06 17:34:33.301 D/DataUsageService( 2463): NetSpeed 206.9K/s 
06-06 17:34:33.871 D/TaskPersister( 1442): removeObsoleteFile: deleting file=7512_task.xml
06-06 17:34:34.541 I/MSM-irqbalance(  608): Decided to move IRQ215 from CPU3 to CPU0
06-06 17:34:34.841 I/VivoNetworkController( 2274): SystemUI|mWifiEnabled && mWifiConnected = true
06-06 17:34:34.901 I/SurfaceFlinger(  438): FPS: 10
06-06 17:34:35.451 I/CusWid/GirlUIController( 2463): ----------- message update loop -------------
06-06 17:34:35.451 I/CusWid/GirlUIController( 2463): *****************onLoop*****************
06-06 17:34:35.451 I/CusWid/ManagerWidget( 2463): requstScoreValues..from where: 4001
06-06 17:34:35.451 I/CusWid/ManagerWidget( 2463): getRunningAppNumber..
06-06 17:34:35.461 I/SpeedUpDataUtils( 2946): mTotalMemSize is : 3578
06-06 17:34:35.461 D/GetBgAppsNumService( 2946): GetBgAppsNumService.onCreate()
06-06 17:34:35.461 I/CusWid/ManagerWidget( 2463): init ram memory values
06-06 17:34:35.461 I/SpeedUpDataUtils( 2946): mFreeMemSize is : 2391
06-06 17:34:35.461 D/GetBgAppsNumService( 2946): GetBgAppsNumService.onStartCommand 
06-06 17:34:35.461 I/GetBgAppsNumService( 2946): intent is : Intent { act=com.android.GET_BG_APPS_NUM pkg=com.vivo.securedaemonservice } ; mResourcePkg is : null ; mIncludeWhite is : false
06-06 17:34:35.461 I/GetBgAppsNumService( 2946): getBgRunningApps()[begin]
06-06 17:34:35.461 I/SpeedUpDataUtils( 2946): srcPkgName is : null ; includeWhiteList is : false
06-06 17:34:35.471 D/SettingsProvider( 1442): lookupValue table system cache contains Key bbk_update_notice , value = Bundle[{value=0}]
06-06 17:34:35.471 I/CusWid/GirlUIController( 2463): onUpdateRamPercent percent is : 34
06-06 17:34:35.471 I/CusWid/GirlUIController( 2463): updateRamPercent,id 9
06-06 17:34:35.471 I/NumberView( 2463): smartGetBitmap.. key: 3, firstResId: 2130838099
06-06 17:34:35.471 I/NumberView( 2463): smartGetBitmap.. key: 4, firstResId: 2130838099
06-06 17:34:35.471 I/DaemonService( 2946): DataUsageService pid = 2463
06-06 17:34:35.481 I/CusWid/GirlUIController( 2463): is not home,so abandon change!
06-06 17:34:35.481 I/CusWid/GirlUIController( 2463): updateRamPercent,id 2
06-06 17:34:35.481 I/NumberView( 2463): smartGetBitmap.. key: 3, firstResId: 2130838099
06-06 17:34:35.481 I/NumberView( 2463): smartGetBitmap.. key: 4, firstResId: 2130838099
06-06 17:34:35.481 D/SpeedUpDataUtils( 2946):  pkgName is : com.bbk.launcher2 ; proName is : com.bbk.launcher2 ; appType is : 1
06-06 17:34:35.481 I/DaemonService( 2946): DataUsageService pid = 2463
06-06 17:34:35.481 D/PhoneScanUtils( 5409): virusNum = 0
06-06 17:34:35.481 D/PrefManager( 5409): get prefName=phone_scan,key = virus_scan_used,value=false
06-06 17:34:35.491 I/SpeedUpDataUtils( 2946): get Running launcher is : com.bbk.launcher2 ; process name is : com.bbk.launcher2
06-06 17:34:35.491 D/SettingsProvider( 1442): lookupValue table system cache contains Key floatmode , value = Bundle[{value=0}]
06-06 17:34:35.491 I/SpeedUpDataUtils( 2946): get underSpliteScreenMode is : false
06-06 17:34:35.491 I/StorageManagerWrapper( 5409): storage:/storage/emulated/0 type:InternalStorage
06-06 17:34:35.491 I/StorageManagerWrapper( 5409): storage:/storage/otg/sda type:UsbStorage
06-06 17:34:35.491 I/StorageManagerWrapper( 5409): storage:/storage/otg/sdb type:UsbStorage
06-06 17:34:35.491 I/StorageManagerWrapper( 5409): storage:/storage/otg/sdc type:UsbStorage
06-06 17:34:35.491 I/StorageManagerWrapper( 5409): storage:/storage/otg/sdd type:UsbStorage
06-06 17:34:35.491 I/StorageManagerWrapper( 5409): storage:/storage/otg/sde type:UsbStorage
06-06 17:34:35.491 I/StorageManagerWrapper( 5409): storage:/storage/otg/sdf type:UsbStorage
06-06 17:34:35.491 I/CusWid/GirlUIController( 2463): is not home,so abandon change!
06-06 17:34:35.491 I/StorageManagerWrapper( 5409): storage:/storage/emulated/0 type:InternalStorage
06-06 17:34:35.491 I/StorageManagerWrapper( 5409): storage:/storage/otg/sda type:UsbStorage
06-06 17:34:35.491 I/StorageManagerWrapper( 5409): storage:/storage/otg/sdb type:UsbStorage
06-06 17:34:35.491 I/StorageManagerWrapper( 5409): storage:/storage/otg/sdc type:UsbStorage
06-06 17:34:35.491 I/StorageManagerWrapper( 5409): storage:/storage/otg/sdd type:UsbStorage
06-06 17:34:35.491 I/StorageManagerWrapper( 5409): storage:/storage/otg/sde type:UsbStorage
06-06 17:34:35.491 I/StorageManagerWrapper( 5409): storage:/storage/otg/sdf type:UsbStorage
06-06 17:34:35.491 D/PhoneScanUtils( 5409): isSpaceNotEnough=false, spaceStatus=0
06-06 17:34:35.491 D/PhoneScanUtils( 5409): Phone Clean notUsed: true, spaceNotEnough: false
06-06 17:34:35.491 W/Settings( 5409): Setting airplane_mode_on has moved from android.provider.Settings.System to android.provider.Settings.Global, returning read-only value.
06-06 17:34:35.491 D/NetworkTelephony( 5409): current isOnAirplaneMode:false
06-06 17:34:35.491 I/DaemonService( 2946): DataUsageService pid = 2463
06-06 17:34:35.491 D/SpeedUpDataUtils( 2946):  pkgName is : com.baidu.input_bbk.service ; proName is : com.baidu.input_bbk.service ; appType is : 2
06-06 17:34:35.501 I/SpeedUpDataUtils( 2946): default input method service pkgName :  com.baidu.input_bbk.service/.PinyinIME ; inputMethodPkgName string is : com.baidu.input_bbk.service
06-06 17:34:35.501 D/PhoneScanUtils( 5409): unIntercept Ad apps num: 0
06-06 17:34:35.501 D/PhoneScanUtils( 5409): scanLevel=1, score=0, isBestState=false, argInt=0, argLong=0
06-06 17:34:35.501 D/PhoneScanUtils( 5409): scanLevel=3, score=0, isBestState=true, argInt=0, argLong=0
06-06 17:34:35.501 D/PhoneScanUtils( 5409): scanLevel=5, score=3, isBestState=false, argInt=-1, argLong=0
06-06 17:34:35.501 D/PhoneScanUtils( 5409): scanLevel=2, score=0, isBestState=false, argInt=-1, argLong=0
06-06 17:34:35.501 D/PhoneScanUtils( 5409): scanLevel=7, score=0, isBestState=true, argInt=0, argLong=0
06-06 17:34:35.501 D/PhoneScanUtils( 5409): getTotalScanInfoForWidget score=97, badItemNum=1
06-06 17:34:35.501 I/CusWid/ManagerWidget( 2463): onReceive.. action: com.iqoo.secure.action.PHONESCAN_COMPLETED
06-06 17:34:35.501 I/CusWid/ManagerWidget( 2463): handling action: com.iqoo.secure.action.PHONESCAN_COMPLETED
06-06 17:34:35.501 I/CusWid/GirlUIController( 2463): onUpdateScore.. score: 97
06-06 17:34:35.501 I/CusWid/GirlUIController( 2463): widgetUint,id 9
06-06 17:34:35.501 I/CusWid/GirlUIController( 2463): widgetUint,id 2
06-06 17:34:35.511 D/SecureProvider( 2463): caller uid: 1000 context: com.iqoo.secure.AppFeature@18687f5b
