06-06 17:34:45.121 I/SpeedUpDataUtils( 2946): add running service package name is : com.vivo.game ; service name is : com.vivo.game.update.GameReceiverService
06-06 17:34:45.131 D/SettingsProvider( 1442): lookupValue table system cache contains Key sms_process_protecting , value = Bundle[{value=null}]
06-06 17:34:45.131 I/SpeedUpDataUtils( 2946):  add pkg name is : io.dcloud.H58040C5A, mIsVisible is : true, mTotalRunningAppsNumber is : 1
06-06 17:34:45.131 I/SpeedUpDataUtils( 2946):  add pkg name is : com.android.settings, mIsVisible is : true, mTotalRunningAppsNumber is : 2
06-06 17:34:45.131 I/SpeedUpDataUtils( 2946):  add pkg name is : com.bbk.appstore, mIsVisible is : false, mTotalRunningAppsNumber is : 2
06-06 17:34:45.131 I/SpeedUpDataUtils( 2946):  add pkg name is : com.vivo.weather.provider, mIsVisible is : false, mTotalRunningAppsNumber is : 2
06-06 17:34:45.131 I/SpeedUpDataUtils( 2946):  add pkg name is : com.vivo.abeui, mIsVisible is : false, mTotalRunningAppsNumber is : 2
06-06 17:34:45.141 I/SpeedUpDataUtils( 2946):  add pkg name is : com.android.providers.calendar, mIsVisible is : false, mTotalRunningAppsNumber is : 2
06-06 17:34:45.141 I/SpeedUpDataUtils( 2946):  add pkg name is : com.android.mms, mIsVisible is : false, mTotalRunningAppsNumber is : 2
06-06 17:34:45.141 I/SpeedUpDataUtils( 2946):  add pkg name is : com.vivo.game, mIsVisible is : true, mTotalRunningAppsNumber is : 3
06-06 17:34:45.141 I/SpeedUpDataUtils( 2946):  add pkg name is : com.iqoo.engineermode, mIsVisible is : false, mTotalRunningAppsNumber is : 3
06-06 17:34:45.141 I/SpeedUpDataUtils( 2946):  add pkg name is : com.svox.pico, mIsVisible is : false, mTotalRunningAppsNumber is : 3
06-06 17:34:45.141 I/SpeedUpDataUtils( 2946):  add pkg name is : com.iqoo.powersaving, mIsVisible is : false, mTotalRunningAppsNumber is : 3
06-06 17:34:45.141 I/SpeedUpDataUtils( 2946):  add pkg name is : com.chaozh.iReader, mIsVisible is : true, mTotalRunningAppsNumber is : 4
06-06 17:34:45.141 I/SpeedUpDataUtils( 2946):  add pkg name is : com.android.camera, mIsVisible is : false, mTotalRunningAppsNumber is : 4
06-06 17:34:45.141 I/SpeedUpDataUtils( 2946):  add pkg name is : com.vivo.ewarranty, mIsVisible is : false, mTotalRunningAppsNumber is : 4
06-06 17:34:45.141 I/SpeedUpDataUtils( 2946):  add pkg name is : com.vivo.magic.note, mIsVisible is : false, mTotalRunningAppsNumber is : 4
06-06 17:34:45.141 I/SpeedUpDataUtils( 2946):  add pkg name is : com.vivo.magic.clockweathermusic, mIsVisible is : false, mTotalRunningAppsNumber is : 4
06-06 17:34:45.141 I/SpeedUpDataUtils( 2946):  add pkg name is : com.vivo.dream.weather, mIsVisible is : false, mTotalRunningAppsNumber is : 4
06-06 17:34:45.141 I/SpeedUpDataUtils( 2946):  add pkg name is : com.vivo.dream.clock, mIsVisible is : false, mTotalRunningAppsNumber is : 4
06-06 17:34:45.141 I/SpeedUpDataUtils( 2946):  add pkg name is : com.vivo.devicereg, mIsVisible is : false, mTotalRunningAppsNumber is : 4
06-06 17:34:45.141 I/SpeedUpDataUtils( 2946):  add pkg name is : com.vivo.browser, mIsVisible is : true, mTotalRunningAppsNumber is : 5
06-06 17:34:45.141 I/SpeedUpDataUtils( 2946):  add pkg name is : com.qualcomm.svi, mIsVisible is : false, mTotalRunningAppsNumber is : 5
06-06 17:34:45.141 I/SpeedUpDataUtils( 2946):  add pkg name is : com.qualcomm.cabl, mIsVisible is : false, mTotalRunningAppsNumber is : 5
06-06 17:34:45.141 I/SpeedUpDataUtils( 2946):  add pkg name is : com.vivo.audiofx, mIsVisible is : false, mTotalRunningAppsNumber is : 5
06-06 17:34:45.151 I/SpeedUpDataUtils( 2946):  add pkg name is : com.tinypace.service, mIsVisible is : false, mTotalRunningAppsNumber is : 5
06-06 17:34:45.151 I/SpeedUpDataUtils( 2946):  add pkg name is : com.android.smspush, mIsVisible is : false, mTotalRunningAppsNumber is : 5
06-06 17:34:45.151 I/SpeedUpDataUtils( 2946):  add pkg name is : com.android.providers.settings, mIsVisible is : false, mTotalRunningAppsNumber is : 5
06-06 17:34:45.151 I/SpeedUpDataUtils( 2946):  add pkg name is : com.dsi.ant.server, mIsVisible is : false, mTotalRunningAppsNumber is : 5
06-06 17:34:45.151 D/GetBgAppsNumService( 2946): get bg apps number done sendBroadcastComplete !!!
06-06 17:34:45.151 W/ContextImpl( 2946): Calling a method in the system process without a qualified user: android.app.ContextImpl.sendBroadcast:1373 android.content.ContextWrapper.sendBroadcast:377 com.vivo.securedaemonservice.d.handleMessage:61 android.os.Handler.dispatchMessage:102 android.os.Looper.loop:135 
06-06 17:34:45.161 D/GetBgAppsNumService( 2946): GetBgAppsNumService.onDestroy 
06-06 17:34:45.311 D/DataFormatter( 2463): Normal bytes 46067
06-06 17:34:45.321 D/DataUsageService( 2463): NetSpeed 45K/s 
06-06 17:34:45.551 W/qti_sensors_hal( 1442): relase stepcounter wakelock
06-06 17:34:47.211 I/System.out( 4667): ----->myServerSocket.accept(); 79
06-06 17:34:47.211 I/System.out( 4667): -----> session.execute 367
06-06 17:34:47.211 I/System.out( 4667): POST '/' jsonData: {"type":"heartbeat"}
06-06 17:34:47.221 I/System.out( 4667): paramBean.getType: heartbeat
06-06 17:34:47.221 I/System.out( 4667): paramBean.getContent: null
06-06 17:34:47.251 I/System.out( 4667): paramBean.getParam: {"battery":"100","batteryT":"28.00","batteryV":"4.00","code":1,"lightScreenState":"false","pixelHeight":"1920","pixelWidth":"1080","wifiState":"true"}
06-06 17:34:47.951 E/Html5Plus-SplashClosed(19374): 1528277687954
06-06 17:34:47.951 E/Main_Path(19374): closeSplashScreen0 appid=H58040C5A;true;closeSplashDid=true
06-06 17:34:48.321 D/DataFormatter( 2463): Normal bytes 1340
06-06 17:34:48.321 D/DataUsageService( 2463): NetSpeed 1.3K/s 
06-06 17:34:48.411 I/AppFeature( 2463): ucSecure is : hasConfigCenter is : false
06-06 17:34:48.411 D/SLService3( 2463): SeverFileObserver onEvent arg0 = 32,arg1 = event_id_info.xml
06-06 17:34:48.411 I/AppFeature( 2463): ucSecure is : hasConfigCenter is : false
06-06 17:34:48.411 D/SLService3( 2463): SeverFileObserver onEvent arg0 = 1,arg1 = event_id_info.xml
06-06 17:34:48.421 I/AppFeature( 2463): ucSecure is : hasConfigCenter is : false
06-06 17:34:48.421 D/SLService3( 2463): SeverFileObserver onEvent arg0 = 16,arg1 = event_id_info.xml
06-06 17:34:48.421 I/AppFeature( 2463): ucSecure is : hasConfigCenter is : false
06-06 17:34:48.421 D/SLService3( 2463): SeverFileObserver onEvent arg0 = 32,arg1 = event_id_info.xml
06-06 17:34:48.421 I/AppFeature( 2463): ucSecure is : hasConfigCenter is : false
06-06 17:34:48.421 D/SLService3( 2463): SeverFileObserver onEvent arg0 = 1,arg1 = event_id_info.xml
06-06 17:34:48.421 I/AppFeature( 2463): ucSecure is : hasConfigCenter is : false
06-06 17:34:48.421 D/SLService3( 2463): SeverFileObserver onEvent arg0 = 16,arg1 = event_id_info.xml
06-06 17:34:49.691 V/AlarmAlign( 1442): checkSet SCREEN_ON, type = 2, when = 3295775
06-06 17:34:49.691 V/AlarmAlign( 1442): setLocked to kernel, type = 2, when = 3295775, curTime = 3159498
06-06 17:34:49.701 V/AlarmAlign( 1442): triggerAlarm v at 3159498, size=1, hasWakeup=true, mWake_Set=true, mNextWakeup=3295775, mNextNonWakeup=3169797, mBatch.end=3162501, why=4
06-06 17:34:49.701 D/KeyguardViewMediator( 2274): received DELAYED_KEYGUARD_ACTION with seq = 14, mDelayedShowingSequence = 14
06-06 17:34:49.701 D/SettingsProvider( 1442): lookupValue table system cache contains Key FindPhoneLocked , value = Bundle[{value=null}]
06-06 17:34:49.701 D/KeyguardViewMediator( 2274): doKeyguard: showing the lock screen
06-06 17:34:49.701 D/KeyguardViewMediator( 2274): showLocked
06-06 17:34:49.701 D/KeyguardViewMediator( 2274): handleShow
06-06 17:34:49.711 I/StatusBarKeyguardViewManager( 2274): show
06-06 17:34:49.711 V/KeyguardUpdateMonitor( 2274): *** register callback for com.android.keyguard.KeyguardSimpleHostView$1@1cc25671
06-06 17:34:49.711 V/KeyguardUpdateMonitor( 2274): *** unregister callback for null
06-06 17:34:49.711 V/KeyguardUpdateMonitor( 2274): sendUpdates: onSimStateChanged, subId = 2147483643, slotId = 0, simState = ABSENT
06-06 17:34:49.711 V/KeyguardUpdateMonitor( 2274): sendUpdates: onSimStateChanged, subId = 2147483644, slotId = 1, simState = ABSENT
06-06 17:34:49.711 W/Settings( 2274): Setting airplane_mode_on has moved from android.provider.Settings.System to android.provider.Settings.Global, returning read-only value.
06-06 17:34:49.721 D/KeyguardSecurityModel( 2274): getSecurityMode mode =  None
06-06 17:34:49.721 V/KeyguardSecurityContainer( 2274): showPrimarySecurityScreen(turningOff=false)
06-06 17:34:49.721 D/KeyguardSecurityContainer( 2274): showSecurityScreen(None)
06-06 17:34:49.721 D/KeyguardSecurityModel( 2274): getSecurityMode mode =  None
06-06 17:34:49.721 W/DragAnimationView( 2274): SystemUI|has been Line state,, return
06-06 17:34:49.721 I/NotificationContainerParentFloor( 2274): SystemUI|animTo, to = 0.0, mHeightMeasureSpec = 0
06-06 17:34:49.731 D/KeyguardSecurityModel( 2274): getSecurityMode mode =  None
06-06 17:34:49.731 D/TAG     ( 2274): updateNotifications,process msg
06-06 17:34:49.731 D/KeyguardSecurityModel( 2274): getSecurityMode mode =  None
06-06 17:34:49.731 D/PhoneStatusBar( 2274): disable: < expand ICONS* alerts SYSTEM_INFO* back home recent clock search >
06-06 17:34:49.731 I/UpSlideTransparentView( 2274): SystemUI|updateLayoutParams, isAnimationRunning = false, force = false
06-06 17:34:49.731 I/UpSlideTransparentView( 2274): SystemUI|UpdateLayoutParams, touchable = false, focusable = false, mLps.width = -1, mLps.height = 42, force = false
06-06 17:34:49.731 V/PanelBar( 2274): panelExpansionChanged: start state=0 panel=com.android.systemui:id/notification_panel
06-06 17:34:49.731 V/PanelBar( 2274): panelExpansionChanged: end state=0 [ fullyClosed ]
06-06 17:34:49.731 V/PanelBar( 2274): panelExpansionChanged: start state=0 panel=com.android.systemui:id/notification_panel
06-06 17:34:49.731 V/PanelBar( 2274): panelExpansionChanged: end state=0 [ fullyClosed ]
06-06 17:34:49.731 D/KeyguardMagazineView( 2274): onNotificationChanged , empty = true,isEditMode = false
06-06 17:34:49.731 D/KeyguardMagazineView( 2274): mNotificationView visible = 1.0
06-06 17:34:49.731 D/KeyguardViewBase( 2274): show()
06-06 17:34:49.741 D/KeyguardSecurityModel( 2274): getSecurityMode mode =  None
06-06 17:34:49.741 V/KeyguardSecurityContainer( 2274): showPrimarySecurityScreen(turningOff=false)
06-06 17:34:49.741 D/KeyguardSecurityContainer( 2274): showSecurityScreen(None)
06-06 17:34:49.741 D/KeyguardUpdateMonitor( 2274): sendKeyguardVisibilityChanged(true)
06-06 17:34:49.741 D/KeyguardViewMediator( 2274): send keyguard state changed broadcast, showing: true
06-06 17:34:49.741 I/FpService( 1442): onReceive(): isKeyguardExist: true
06-06 17:34:49.741 I/FpService( 1442): fingerprintState(): mClient is null
06-06 17:34:49.741 I/FingerprintServiceFPC( 2759): keyguard state changed: arg: true
06-06 17:34:49.741 I/frontfingerprintkey( 1442): onReceive: action: com.vivo.action.KEYGUARD_STATE_CHANGED
06-06 17:34:49.741 D/frontfingerprintkey( 1442): KEYGUARD_STATE_CHANGE: arg1: true arg2: enable arg3: false
06-06 17:34:49.741 D/frontfingerprintkey( 1442): startVerify
06-06 17:34:49.741 D/frontfingerprintkey( 1442): isFingerprintAuthAvailable: isVerify:false
06-06 17:34:49.741 D/KeyguardViewMediator( 2274): adjustStatusBarLocked: mShowing=true mOccluded=false isSecure=false --> flags=0x3200000
06-06 17:34:49.741 W/frontfingerprintkey( 1442): start fingerprint verify fail
06-06 17:34:49.741 D/manager disable: < ( 1442): irrelevant, pass...
06-06 17:34:49.741 V/KeyguardDisplayManager( 2274): show
06-06 17:34:49.771 D/manager disable: < ( 1442): BEGIN disableLocked(0, 0, android.os.Binder@36208eb4, Window{25187313 u0 StatusBar})
06-06 17:34:49.771 V/WindowOrientationListener( 1442): getProposedRotationLocked  mEnabled false isenalbeAcc false
06-06 17:34:49.771 I/WindowManager( 1442): force DRAW_PENDING for keyguard, w = Window{25187313 u0 StatusBar}
06-06 17:34:49.781 I/SurfaceFlinger(  438): FPS: 2
06-06 17:34:49.791 I/PanelView( 2274): SystemUI|call form ViewTreeChangeObserver
06-06 17:34:49.791 V/PanelBar( 2274): panelExpansionChanged: start state=0 panel=com.android.systemui:id/notification_panel
06-06 17:34:49.791 V/PanelBar( 2274): go state: 0 -> 1
06-06 17:34:49.791 V/PanelBar( 2274): onPanelPeeked
06-06 17:34:49.791 V/PanelBar( 2274): panelExpansionChanged:  -> com.android.systemui:id/notification_panel: f=0.9
06-06 17:34:49.791 V/PanelBar( 2274): panelExpansionChanged: end state=1 [ ]
06-06 17:34:49.801 V/PanelView( 2274): com.android.systemui:id/notification_panel: setExpandedHeight(693.0)
06-06 17:34:49.801 V/PanelBar( 2274): panelExpansionChanged: start state=1 panel=com.android.systemui:id/notification_panel
06-06 17:34:49.801 V/PanelBar( 2274): panelExpansionChanged:  -> com.android.systemui:id/notification_panel: f=0.8
06-06 17:34:49.801 V/PanelBar( 2274): panelExpansionChanged: end state=1 [ ]
06-06 17:34:49.801 V/PanelView( 2274): com.android.systemui:id/notification_panel: setExpandedHeight(690.0)
06-06 17:34:49.801 V/PanelBar( 2274): panelExpansionChanged: start state=1 panel=com.android.systemui:id/notification_panel
06-06 17:34:49.801 V/PanelBar( 2274): panelExpansionChanged:  -> com.android.systemui:id/notification_panel: f=0.8
06-06 17:34:49.801 V/PanelBar( 2274): panelExpansionChanged: end state=1 [ ]
06-06 17:34:49.801 V/PanelView( 2274): com.android.systemui:id/notification_panel: setExpandedHeight(690.0)
06-06 17:34:49.801 V/PanelBar( 2274): panelExpansionChanged: start state=1 panel=com.android.systemui:id/notification_panel
06-06 17:34:49.801 V/PanelBar( 2274): panelExpansionChanged:  -> com.android.systemui:id/notification_panel: f=0.8
06-06 17:34:49.801 V/PanelBar( 2274): panelExpansionChanged: end state=1 [ ]
06-06 17:34:49.801 V/PanelView( 2274): com.android.systemui:id/notification_panel: setExpandedHeight(690.0)
06-06 17:34:49.801 V/PanelBar( 2274): panelExpansionChanged: start state=1 panel=com.android.systemui:id/notification_panel
06-06 17:34:49.801 V/PanelBar( 2274): panelExpansionChanged:  -> com.android.systemui:id/notification_panel: f=0.8
06-06 17:34:49.801 V/PanelBar( 2274): panelExpansionChanged: end state=1 [ ]
06-06 17:34:49.801 I/UpSlideTransparentView( 2274): SystemUI|toggleUpSlideView, isHomeKeyLongPressed = false, collapse = true
06-06 17:34:49.801 I/UpSlideTransparentView( 2274): SystemUI|perform collapse, mState = 4, duringAnim = false
06-06 17:34:49.801 D/KeyguardUpdateMonitor( 2274): handleKeyguardVisibilityChanged(1)
06-06 17:34:49.811 D/MagazineService-MagazineWallpaperManager( 3116): updateSettings operation: 4
06-06 17:34:49.811 D/MagazineService-MagazineWallpaperManager( 3116): updateSettings, sendEmptyMessage(MSG_CHECK_FILES)
06-06 17:34:49.811 D/PhoneStatusBar( 2274): disable: < expand ICONS alerts SYSTEM_INFO back HOME* RECENT* clock SEARCH* >
06-06 17:34:49.811 D/MagazineService-MagazineWallpaperManager( 3116): handlerMessage, 4
06-06 17:34:49.811 I/KeyguardMagazineView( 2274): hasWindowFocus = true
06-06 17:34:49.811 D/SettingsProvider( 1442): lookupValue table system cache contains Key visit_password , value = Bundle[{value=0}]
06-06 17:34:49.811 D/MagazineService-CheckUpdateIntentService( 3116): CheckUpdateIntentService action: com.vivo.magazine.action.CHECK_FILES
06-06 17:34:49.811 D/MagazineService-MagazineWallpaperManager( 3116): handle check files.
06-06 17:34:49.811 D/MagazineService-VivoScreenManager( 3116): get img list from db
06-06 17:34:49.811 E/SQLiteLog( 3116): (284) automatic index on t_types(is_choise)
06-06 17:34:49.811 I/MagazineService-SDKHelper( 3116): list add shijue_9394_ca8eb55913c580813583ad01f4c1d693_16:9; path : /storage/emulated/0/阅图/PictureUnlock_shijue_9394_ca8eb55913c580813583ad01f4c1d693_16:9.pictureunlock.jpg
06-06 17:34:49.811 I/MagazineService-SDKHelper( 3116): list add shijue_9394_93b01da35765f1fafd877d7e5ae42fff_16:9; path : /storage/emulated/0/阅图/PictureUnlock_shijue_9394_93b01da35765f1fafd877d7e5ae42fff_16:9.pictureunlock.jpg
06-06 17:34:49.811 I/MagazineService-SDKHelper( 3116): list add shijue_9394_3e4fc96afe4f8cff0f2c963994a429f0_16:9; path : /storage/emulated/0/阅图/PictureUnlock_shijue_9394_3e4fc96afe4f8cff0f2c963994a429f0_16:9.pictureunlock.jpg
06-06 17:34:49.811 I/MagazineService-SDKHelper( 3116): list add shijue_9394_3526e2ab23986d29568ec6504a91a6f0_16:9; path : /storage/emulated/0/阅图/PictureUnlock_shijue_9394_3526e2ab23986d29568ec6504a91a6f0_16:9.pictureunlock.jpg
06-06 17:34:49.811 I/MagazineService-SDKHelper( 3116): list add shijue_9394_acfab91b48352916c7ca50b74670f654_16:9; path : /storage/emulated/0/阅图/PictureUnlock_shijue_9394_acfab91b48352916c7ca50b74670f654_16:9.pictureunlock.jpg
06-06 17:34:49.811 I/MagazineService-SDKHelper( 3116): list add shijue_9394_45cf2bad7dada3d45a0aec1e16e9bc5d_16:9; path : /storage/emulated/0/阅图/PictureUnlock_shijue_9394_45cf2bad7dada3d45a0aec1e16e9bc5d_16:9.pictureunlock.jpg
06-06 17:34:49.811 I/MagazineService-SDKHelper( 3116): list add shijue_9394_008d70b2ec6fcd8ec12ee7a524c49efe_16:9; path : /storage/emulated/0/阅图/PictureUnlock_shijue_9394_008d70b2ec6fcd8ec12ee7a524c49efe_16:9.pictureunlock.jpg
06-06 17:34:49.811 I/MagazineService-SDKHelper( 3116): list add shijue_9394_cdeb5816899564a64411acfd57a038a9_16:9; path : /storage/emulated/0/阅图/PictureUnlock_shijue_9394_cdeb5816899564a64411acfd57a038a9_16:9.pictureunlock.jpg
06-06 17:34:49.811 I/MagazineService-SDKHelper( 3116): list add shijue_9394_4024dddab01309de56d76253613938d2_16:9; path : /storage/emulated/0/阅图/PictureUnlock_shijue_9394_4024dddab01309de56d76253613938d2_16:9.pictureunlock.jpg
06-06 17:34:49.811 I/MagazineService-SDKHelper( 3116): list add shijue_9394_62b8518de7438fad185b2eaa50a17986_16:9; path : /storage/emulated/0/阅图/PictureUnlock_shijue_9394_62b8518de7438fad185b2eaa50a17986_16:9.pictureunlock.jpg
06-06 17:34:49.811 I/MagazineService-SDKHelper( 3116): list add shijue_9394_f78bc4970820b3a3c76c61ed32bff5a3_16:9; path : /storage/emulated/0/阅图/PictureUnlock_shijue_9394_f78bc4970820b3a3c76c61ed32bff5a3_16:9.pictureunlock.jpg
06-06 17:34:49.811 I/MagazineService-SDKHelper( 3116): list add shijue_9394_01c181b8008df51e8eeba6c4a108c55e_16:9; path : /storage/emulated/0/阅图/PictureUnlock_shijue_9394_01c181b8008df51e8eeba6c4a108c55e_16:9.pictureunlock.jpg
06-06 17:34:49.811 I/MagazineService-SDKHelper( 3116): list add shijue_9394_788c5fe07a47982ba3afa3530f674dc5_16:9; path : /storage/emulated/0/阅图/PictureUnlock_shijue_9394_788c5fe07a47982ba3afa3530f674dc5_16:9.pictureunlock.jpg
06-06 17:34:49.811 I/MagazineService-SDKHelper( 3116): list add shijue_9394_00c747480e0463f2c7cbda2f51941a4f_16:9; path : /storage/emulated/0/阅图/PictureUnlock_shijue_9394_00c747480e0463f2c7cbda2f51941a4f_16:9.pictureunlock.jpg
06-06 17:34:49.811 I/MagazineService-SDKHelper( 3116): list add haokan_3139307_16:9; path : /storage/emulated/0/阅图/PictureUnlock_haokan_3139307_16:9.pictureunlock.jpg
06-06 17:34:49.811 I/MagazineService-SDKHelper( 3116): list add haokan_3139321_16:9; path : /storage/emulated/0/阅图/PictureUnlock_haokan_3139321_16:9.pictureunlock.jpg
06-06 17:34:49.811 I/MagazineService-SDKHelper( 3116): list add shijue_9394_c3103c5305d313a0d99ed62d52d95b95_16:9; path : /storage/emulated/0/阅图/PictureUnlock_shijue_9394_c3103c5305d313a0d99ed62d52d95b95_16:9.pictureunlock.jpg
06-06 17:34:49.821 D/MagazineService-MagazineWallpaperManager( 3116): get local imgs count = 0
06-06 17:34:49.821 V/PanelView( 2274): com.android.systemui:id/notification_panel: setExpandedHeight(690.0)
06-06 17:34:49.821 V/PanelBar( 2274): panelExpansionChanged: start state=1 panel=com.android.systemui:id/notification_panel
06-06 17:34:49.821 V/PanelBar( 2274): panelExpansionChanged:  -> com.android.systemui:id/notification_panel: f=0.8
06-06 17:34:49.821 V/PanelBar( 2274): panelExpansionChanged: end state=1 [ ]
06-06 17:34:49.871 I/KeyguardShortcutManager( 2274): isLeftVisibility = true, isRightVisibility = true
06-06 17:34:49.881 D/Launcher( 2804): changeStateToWorkspace -- mState = WORKSPACE
06-06 17:34:51.321 D/DataFormatter( 2463): Normal bytes 1184
06-06 17:34:51.331 D/DataUsageService( 2463): NetSpeed 1.2K/s 
06-06 17:34:51.991 D/WindowManager( 1442): interceptKeyBeforeQueueing systemBooted = true
06-06 17:34:51.991 V/VivoStats( 1442): note what = 17, arg1 = 26, arg2 = 0
06-06 17:34:51.991 D/VivoFingerStatusRecorder( 1442): setKeyDown 26 0 show=true
06-06 17:34:51.991 D/VivoFingerStatusRecorder( 1442): onKeyDownEventLocked down:true mAuthing:true fingerDown:false success:false
06-06 17:34:51.991 D/WindowManager( 1442): interceptKeyTq keycode=26 interactive=false keyguardActive=true policyFlags=b000000
06-06 17:34:51.991 D/VivoWMPHook( 1442): PowerKey start click mark(1200)
06-06 17:34:51.991 D/SettingsProvider( 1442): lookupValue table system cache contains Key vivoFlash_state , value = Bundle[{value=null}]
06-06 17:34:51.991 V/PowerEffectManager( 2652): noteInputState key = 26
06-06 17:34:51.991 D/SettingsProvider( 1442): lookupValue table system cache contains Key FlashState , value = Bundle[{value=0}]
06-06 17:34:52.001 D/WindowManager( 1442): isPhicalHomeKey = false ,result = 0
06-06 17:34:52.001 D/WindowManager( 1442): powerKeyHandled=false ,homeKeyScreenshotPending=false ,hungUp=false ,hasLongPressOnPowerBehavior=true
06-06 17:34:52.001 V/KeyguardServiceDelegate( 1442): onScreenTurnedOn(showListener = com.android.internal.policy.impl.PhoneWindowManager$2@34deb32)
06-06 17:34:52.001 D/Sensors ( 1442): disableSensor handle 5 in
06-06 17:34:52.001 D/SensorService( 1442): disable mLock_wait 0x00000000 mLock_status 0x00000000 mConnectionLock_wait 0x00000000 mConnectionLock_status 0x00000000
06-06 17:34:52.001 D/SensorService( 1442): 0x7f8dfe9d20 removeFd fd=344
06-06 17:34:52.001 D/SensorService( 1442): SensorDevice::activate: ident=0x7f8dfe9d20, handle=0x00000005, enabled=0, count=2
06-06 17:34:52.001 D/SensorService( 1442): disable index=0
06-06 17:34:52.001 D/SensorService( 1442): 	>>> actuating h/w batch 5 0 66667000 0
06-06 17:34:52.001 W/VivoSensorTest( 1442): int SensorsContext::batch(int, int, int64_t, int64_t) handle 20 flags 0 period_ns 66667000 timeout 0
06-06 17:34:52.001 W/qti_sensors_hal( 1442): batch:sensor(android.sensor.proximity) handle:20 flags:0x0 period_ns 66667000 timeout 0
06-06 17:34:52.001 D/KeyguardViewMediator( 2274): onScreenTurnedOn, seq = 15
06-06 17:34:52.001 D/KeyguardViewMediator( 2274): notifyScreenOnLocked
06-06 17:34:52.001 I/KeyguardViewMediator( 2274): maybeSendUserPresentBroadcast
06-06 17:34:52.001 D/KeyguardViewMediator( 2274): handleNotifyScreenOn
06-06 17:34:52.001 I/StatusBarKeyguardViewManager( 2274): onScreenTurnedOn
06-06 17:34:52.001 I/PhoneStatusBar( 2274): PhoneStatusBar onScreenTurnedOn
06-06 17:34:52.001 V/VivoStats( 1442): noteScreenState state = 2, oldState = 1
06-06 17:34:52.001 V/VivoStats( 1442): noteScreenBrightness brightness = 20
06-06 17:34:52.001 V/PowerEffectManager( 2652): noteScreenState ScreenOn = true, LockUid = -1, arg = 2
06-06 17:34:52.001 D/SensorManager( 1442): DDDD register type=8
06-06 17:34:52.001 D/SensorManager( 1442): open file /sys/bus/platform/drivers/als_ps/debug error
06-06 17:34:52.001 D/SensorManager( 1442): set debug=false
06-06 17:34:52.001 D/SensorManager( 1442): Threshold baseValueTemp:113 baseValue70 baseValueUsed113
06-06 17:34:52.001 D/SensorManager( 1442): open file /sys/bus/platform/drivers/als_ps/ps_base_value error
06-06 17:34:52.001 D/Sensors ( 1442): enableSensor handle 5 66667us 0us in
06-06 17:34:52.001 D/SensorService( 1442): enable mLock_wait 0x00000000 mLock_status 0x00000020 mConnectionLock_wait 0x00000000 mConnectionLock_status 0x00000000
06-06 17:34:52.001 I/QTI PowerHAL( 1442): Got set_interactive hint
06-06 17:34:52.001 V/AlarmAlign( 1442): remove pkg = com.vivo.pem, action = com.vivo.pem.power
06-06 17:34:52.001 V/AlarmAlign( 1442): list mBatch[0] whenElapsed = 3159501, maxWhen = 3162501, pkg = com.android.systemui, action = com.android.internal.policy.impl.PhoneWindowManager.DELAYED_KEYGUARD
06-06 17:34:52.001 V/AlarmAlign( 1442): list mBatch[1] whenElapsed = 3803626, maxWhen = 3806626, pkg = com.vivo.devicereg, action = android.intent.action.REG_ALARM_TIME_UP
06-06 17:34:52.001 V/PowerMonitor( 2652): ScreenOn cancel AlarmManager
06-06 17:34:52.001 D/KeyguardMagazineView( 2274): reset views
06-06 17:34:52.001 D/SurfaceFlinger(  438): Set power mode=2, type=0 flinger=0x558285b550
06-06 17:34:52.001 D/qdhwcomposer(  438): hwc_setPowerMode: Setting mode 2 on display: 0
06-06 17:34:52.001 V/PowerEffectManager( 2652): noteBrightness = 20
06-06 17:34:52.001 D/WindowManager( 1442): before sendMessage MSG_WAKEUP_BY_WHO_POWERKEY2ND ret:-1
06-06 17:34:52.001 D/WindowManager( 1442): handleMessage MSG_WAKEUP_BY_WHO_POWERKEY2ND start
06-06 17:34:52.001 D/FingerprintWakeHook( 1442): onWakeUpByWho: eventTime:3161801 who:WakeKey uid:1000 ident:4294967297442
06-06 17:34:52.001 D/FingerprintWakeHook( 1442): Need to do nothing.
06-06 17:34:52.001 D/PowerManagerService( 1442): ANTI-MIS: wakeUp who=WakeKey enableMonitor(false)
06-06 17:34:52.001 D/AntiMisoperation( 1442): setProximityEnabled(false)
06-06 17:34:52.001 I/PowerManagerService( 1442): Waking up from sleep (uid 1000)...
06-06 17:34:52.001 D/WindowManager( 1442): handleMessage MSG_WAKEUP_BY_WHO_POWERKEY2ND finished
06-06 17:34:52.001 D/AntiMisoperation( 1442): handleMessage MSG_PROXIMITY_SENSOR_DISABLE
06-06 17:34:52.001 D/DisplayPowerController( 1442): mPendingOneBrightness = 1
06-06 17:34:52.001 D/BrightnessProviderNormal( 1442): notifyStateChanged un-known:3
06-06 17:34:52.001 D/DisplayPowerController( 1442): updatePowerState: mPowerRequest.useProximitySensor=false, mProximity=Unknown, mScreenOffBecauseOfProximity=false mPowerRequest.screenState = ON mWaitingForNegativeProximity = false
06-06 17:34:52.001 I/DisplayPowerController( 1442): Blocking screen on until initial contents have been drawn.
06-06 17:34:52.001 V/WindowManager( 1442): needSensorRunningLp mCurrentAppOrientation 5 mCarDockEnablesAccelerometer true mDockMode 0mSupportAutoRotation true
06-06 17:34:52.001 V/WindowOrientationListener( 1442): enable falsemCurrentRotation 0
06-06 17:34:52.001 D/DisplayPowerController( 1442): updatePowerState use=false enabled=false  state=ON block=false
06-06 17:34:52.001 D/DisplayPowerController( 1442): chenyishi AAL AAL AAL
06-06 17:34:52.001 D/VivoAAL ( 1442): setScreenState on.
06-06 17:34:52.001 D/DisplayPowerController( 1442): dddd animateScreenBrightness(20,0)
06-06 17:34:52.001 D/DisplayPowerController( 1442): updatePowerState: mPowerRequest.useProximitySensor=false, mProximity=Unknown, mScreenOffBecauseOfProximity=false mPowerRequest.screenState = ON mWaitingForNegativeProximity = false
06-06 17:34:52.001 D/DisplayPowerController( 1442): updatePowerState use=false enabled=false  state=ON block=false
06-06 17:34:52.001 D/DisplayPowerController( 1442): chenyishi AAL AAL AAL
06-06 17:34:52.001 D/VivoAAL ( 1442): handleMessage MSG_PSENSOR_ENABLE
06-06 17:34:52.001 D/DisplayPowerState( 1442): Updating screen state: state=ON, backlight=0, backlightChanged=false mPowerAssistantMode=0
06-06 17:34:52.001 I/DisplayManagerService( 1442): Display device changed: DisplayDeviceInfo{"内置屏幕": uniqueId="local:0", 1080 x 1920, 60.0 fps, supportedRefreshRates [60.0], density 480, 386.366 x 387.047 dpi, appVsyncOff 0, presDeadline 17666667, touch INTERNAL, rotation 0, type BUILT_IN, state ON, FLAG_DEFAULT_DISPLAY, FLAG_ROTATES_WITH_CONTENT, FLAG_SECURE, FLAG_SUPPORTS_PROTECTED_BUFFERS}
06-06 17:34:52.001 V/ActivityManager( 1442): Display changed displayId=0
06-06 17:34:52.011 I/KeyguardMagazineView( 2274): moveViews reset =  true
06-06 17:34:52.011 D/Sensors ( 1442): disableSensor handle 5 ont
06-06 17:34:52.011 D/SensorService( 1442): ~SensorEventConnection(0x7f8dfe9d20)
06-06 17:34:52.011 D/SensorService( 1442): Calling batch handle==5 flags=0rate=66667000 timeout== 0
06-06 17:34:52.011 D/SensorService( 1442): SensorDevice::batch: ident=0x7f8e11f670, handle=0x00000005, flags=0, period_ns=66667000 timeout=0
06-06 17:34:52.011 D/SensorService( 1442): 	>>> curr_period=66667000 min_period=66667000 curr_timeout=0 min_timeout=0
06-06 17:34:52.011 D/SensorService( 1442): 	>>> actuating h/w flush 5
06-06 17:34:52.011 D/SensorService( 1442): Calling activate on 5
06-06 17:34:52.011 D/SensorService( 1442): SensorDevice::activate: ident=0x7f8e11f670, handle=0x00000005, enabled=1, count=2
06-06 17:34:52.011 D/SensorService( 1442): enable index=0
06-06 17:34:52.011 D/SensorService( 1442): 0x7f8e11f670 addFd fd=274
06-06 17:34:52.011 D/Sensors ( 1442): enableSensor handle 5 ont
06-06 17:34:52.011 D/SensorManager( 1442): framework alsps raw_data dataX=5.000305 dataY=113.0 dataZ=0.0
06-06 17:34:52.011 D/SensorService( 1442): flush complete event sensor==5 
06-06 17:34:52.011 D/SensorService( 1442): flush complete event sensor==5 
06-06 17:34:52.011 D/SensorService( 1442): First flush event for sensor==5 
06-06 17:34:52.011 D/SensorService( 1442): flush complete event sensor==5 
06-06 17:34:52.011 D/MagazineService-MagazineWallpaperManager( 3116): getSettings operation: 1
06-06 17:34:52.011 D/SensorService( 1442): 2 active sensors
06-06 17:34:52.011 D/SensorService( 1442): removing connection 0x7f8dfe9d20 for sensor[0].handle=0x00000005
06-06 17:34:52.011 D/SensorService( 1442): removing connection 0x7f8dfe9d20 for sensor[1].handle=0x00000009
06-06 17:34:52.011 I/WindowManager( 1442): process interceptKeyBeforeQueueing result = 0
06-06 17:34:52.011 V/InputDispatcher( 1442): Asynchronous input event injection succeeded.
06-06 17:34:52.011 V/MagazineService-MagazineWallpaperManager( 3116): shouldAutoCheckUpdate == true
06-06 17:34:52.011 D/Sensors ( 1442): enableSensor handle 19 66667us 0us in
06-06 17:34:52.011 D/SensorService( 1442): enable mLock_wait 0x00000000 mLock_status 0x00000000 mConnectionLock_wait 0x00000000 mConnectionLock_status 0x00000000
06-06 17:34:52.011 D/SensorService( 1442): Calling batch handle==19 flags=0rate=66667000 timeout== 0
06-06 17:34:52.011 D/SensorService( 1442): SensorDevice::batch: ident=0x7f8dfe9d20, handle=0x00000013, flags=0, period_ns=66667000 timeout=0
06-06 17:34:52.011 D/SensorService( 1442): 	>>> curr_period=-1 min_period=66667000 curr_timeout=-1 min_timeout=0
06-06 17:34:52.011 D/SensorService( 1442): 	>>> actuating h/w BATCH 19 0 66667000 0
06-06 17:34:52.011 W/VivoSensorTest( 1442): int SensorsContext::batch(int, int, int64_t, int64_t) handle 65 flags 0 period_ns 66667000 timeout 0
06-06 17:34:52.011 D/SensorService( 1442): Calling activate on 19
06-06 17:34:52.011 D/SensorService( 1442): SensorDevice::activate: ident=0x7f8dfe9d20, handle=0x00000013, enabled=1, count=1
06-06 17:34:52.011 D/SensorService( 1442): enable index=0
06-06 17:34:52.011 D/SensorService( 1442): 	>>> actuating h/w activate handle=19 enabled=1
06-06 17:34:52.011 W/VivoSensorTest( 1442): activate: handle is 65, en is 1
06-06 17:34:52.011 I/FpService( 1442): onReceive(): ACTION_SCREEN_ON: mIsScreenOn: false
06-06 17:34:52.011 D/WindowManager( 1442): interceptKeyBeforeQueueing systemBooted = true
06-06 17:34:52.011 D/VivoFingerStatusRecorder( 1442): setKeyDown 26 1 show=true
06-06 17:34:52.011 D/VivoFingerStatusRecorder( 1442): onKeyDownEventLocked down:false mAuthing:true fingerDown:false success:false
06-06 17:34:52.011 D/WindowManager( 1442): interceptKeyTq keycode=26 interactive=true keyguardActive=true policyFlags=2b000000
06-06 17:34:52.011 D/VivoWMPHook( 1442): PowerKey upCheck times is 1
06-06 17:34:52.011 D/WindowManager( 1442): isPhicalHomeKey = false ,result = 1
06-06 17:34:52.011 D/WindowManager( 1442): cancelPendingScreenshotChordAction.
06-06 17:34:52.011 D/WindowManager( 1442): interceptPowerKeyUp handled=true
06-06 17:34:52.011 I/WindowManager( 1442): process interceptKeyBeforeQueueing result = 0
06-06 17:34:52.011 V/InputDispatcher( 1442): Asynchronous input event injection succeeded.
06-06 17:34:52.011 I/FingerprintServiceFPC( 2759): ACTION_SCREEN_ON: mIsScreenOn: false mLockOpen: false mSensorPositive: false
06-06 17:34:52.011 D/FingerprintServiceFPC( 2759): sendKeyMode: mTouchSwitchOpen: true isStartVerify: false mServiceStatus: 0
06-06 17:34:52.011 I/FpcD    ( 2759): startIdentify()
06-06 17:34:52.011 D/fpc_fpcd( 2759): fpcd_send_user_id
06-06 17:34:52.011 D/fpc_hal (  499): set_current_user_id 0
06-06 17:34:52.011 D/fpc_irq (  499): fpcDeviceControl ctl='irq_enable' val='disable'
06-06 17:34:52.011 D/fpc_tac (  499): fpc_tac_set_active_fingerprint_set begin
06-06 17:34:52.011 V/MagazineService-MagazineWallpaperManager( 3116): Update enable == true
06-06 17:34:52.011 V/InputDispatcher( 1442): Asynchronous input event injection succeeded.
06-06 17:34:52.011 D/SettingsProvider( 1442): lookupValue table system cache contains Key floatmode , value = Bundle[{value=0}]
06-06 17:34:52.011 D/VivoAAL ( 1442): proximity positive is :false
06-06 17:34:52.011 D/AntiMisoperation( 1442): handleMessage MSG_ANTIMISOPERATION_WAKELOCK_RELEASE
06-06 17:34:52.011 D/WindowManager( 1442): after MSG_WAKEUP_BY_WHO_POWERKEY2ND wait
06-06 17:34:52.021 E/qti_sensors_hal( 1442): processResp: w_orient Received SNS_SAM_W_ORIENTATION_ENABLE_RESP_V01
06-06 17:34:52.021 E/qti_sensors_hal( 1442): Got ENABLE response, instance id = 52, 
06-06 17:34:52.021 D/Sensors ( 1442): enableSensor handle 19 ont
06-06 17:34:52.021 V/InputDispatcher( 1442): Asynchronous input event injection succeeded.
06-06 17:34:52.021 D/fpc_hal (  499): workerFunction request: -1
06-06 17:34:52.021 D/fpc_hal (  499): worker idle
06-06 17:34:52.021 D/fpc_jni ( 2759): verifyNative() flag=105 sessionId=0
06-06 17:34:52.021 D/fpc_fpcd( 2759): fpcd_send_verify begin, verifyFlag: 105 ++sID:0
06-06 17:34:52.021 I/KeyguardMagazineView( 2274): i = 2, s = sessionId.tpl
06-06 17:34:52.021 I/KeyguardMagazineView( 2274): i = 2, s = sessionId.tpl
06-06 17:34:52.021 I/KeyguardMagazineView( 2274): i = 8, s = sessionId.tpl
06-06 17:34:52.021 D/fpc_fpcd( 2759): fpcd_send_command begin
06-06 17:34:52.021 I/FileObserverService( 2869): FileObserver onEvent event = 2, path = sessionId.tpl, mDataReady = true
06-06 17:34:52.021 I/FileObserverService( 2869): FileObserver onEvent event = 2, path = sessionId.tpl, mDataReady = true
06-06 17:34:52.021 D/fpc_fpcd( 2759): fpcd_send_command fpc_socket_write 1 status 0
06-06 17:34:52.021 D/fpc_fpcd( 2759): fpcd_send_command fpc_socket_read
06-06 17:34:52.021 I/AppFeature( 2463): ucSecure is : hasConfigCenter is : false
06-06 17:34:52.021 D/SLService3( 2463): SeverFileObserver onEvent arg0 = 2,arg1 = sessionId.tpl
06-06 17:34:52.021 I/AppFeature( 2463): ucSecure is : hasConfigCenter is : false
06-06 17:34:52.021 I/AppFeature( 2463): ucSecure is : hasConfigCenter is : false
06-06 17:34:52.021 D/SLService3( 2463): SeverFileObserver onEvent arg0 = 32,arg1 = sessionId.tpl
06-06 17:34:52.021 I/AppFeature( 2463): ucSecure is : hasConfigCenter is : false
06-06 17:34:52.021 D/SLService3( 2463): SeverFileObserver onEvent arg0 = 2,arg1 = sessionId.tpl
06-06 17:34:52.021 I/AppFeature( 2463): ucSecure is : hasConfigCenter is : false
06-06 17:34:52.021 I/AppFeature( 2463): ucSecure is : hasConfigCenter is : false
06-06 17:34:52.021 D/SLService3( 2463): SeverFileObserver onEvent arg0 = 8,arg1 = sessionId.tpl
06-06 17:34:52.031 D/FileObserverService( 2253): isDirInWhitePath string:/data/bbkcore/sessionId.tpl str:/data/bbkcore
06-06 17:34:52.031 D/fpc_main(  499): received cmd verify
06-06 17:34:52.031 D/fpc_main(  499): read sessiond begin sessionId:0
06-06 17:34:52.031 D/fpc_main(  499): hal_verify sessionID
06-06 17:34:52.031 D/fpc_hal (  499): fpc_cancel
06-06 17:34:52.031 D/fpc_hal (  499): workerFunction request: -1
06-06 17:34:52.031 D/fpc_hal (  499): worker idle
06-06 17:34:52.031 D/fpc_hal (  499): workerFunction request: 2
06-06 17:34:52.031 D/fpc_hal (  499): worker scan
06-06 17:34:52.031 D/fpc_hal (  499): ++++++++now is key mode+++++++++++
06-06 17:34:52.031 D/fpc_irq (  499): fpcDeviceControl ctl='spi_prepare' val='enable'
06-06 17:34:52.031 D/fpc_fpcd( 2759): fpcd_send_command fpc_socket_read status 0 response 12598534
06-06 17:34:52.031 I/KeyguardHostContainer( 2274): keygurad touch event : MotionEvent { action=ACTION_DOWN, id[0]=0, x[0]=534.9284, y[0]=1382.0896, toolType[0]=TOOL_TYPE_UNKNOWN, buttonState=0, metaState=0, flags=0x0, edgeFlags=0x0, pointerCount=1, historySize=0, eventTime=3161817, downTime=3161817, deviceId=0, source=0x1002 }
06-06 17:34:52.031 I/System.out( 4667): out sip:192.168.6.165,DisplayName:wlan0
06-06 17:34:52.031 I/System.out( 4667): AHttpServer address!192.168.6.165
06-06 17:34:52.031 D/fpc_tac (  499): fpc_tac_set_navigation begin, change : 1
06-06 17:34:52.031 D/VivoKeyguardViewPager( 2274): onInterceptTouchEvent---ACTION_DOWN 
06-06 17:34:52.031 D/fpc_irq (  499): fpcIrqOpen: Entering
06-06 17:34:52.031 D/fpc_hal (  499): vivo_check_ScreenState vivofp flag:0
06-06 17:34:52.031 D/fpc_tac (  499): fpc_tac_check_finger_lost begin
06-06 17:34:52.031 I/AppFeature( 2463): ucSecure is : hasConfigCenter is : false
06-06 17:34:52.031 D/SLService3( 2463): SeverFileObserver onEvent arg0 = 32,arg1 = sessionId.tpl
06-06 17:34:52.031 I/AppFeature( 2463): ucSecure is : hasConfigCenter is : false
06-06 17:34:52.031 D/SLService3( 2463): SeverFileObserver onEvent arg0 = 1,arg1 = sessionId.tpl
06-06 17:34:52.031 I/AppFeature( 2463): ucSecure is : hasConfigCenter is : false
06-06 17:34:52.031 D/SLService3( 2463): SeverFileObserver onEvent arg0 = 16,arg1 = sessionId.tpl
06-06 17:34:52.041 I/KeyguardCameraLaunchManager( 2274): SystemUI|hasSim1,hasSim2 = false,false
06-06 17:34:52.041 I/KeyguardCameraLaunchManager( 2274): SystemUI|hasSim1,hasSim2 = false,false
06-06 17:34:52.041 I/SLService( 2463): ScreenActionReceiver action = android.intent.action.SCREEN_ON
06-06 17:34:52.041 I/DaemonService( 2946): DataUsageService pid = 2463
06-06 17:34:52.041 I/AutoCleanUtils( 2463): screen on cancel task
06-06 17:34:52.041 V/AlarmAlign( 1442): remove pkg = com.iqoo.secure, action = null
06-06 17:34:52.041 I/VNOILBS ( 1442): VNOILBS mScreenOn=true level=100 mCriticalBatteryLevel=3 mNotificationLowBatteryStates=false mNotificationChargeStates=false status=5
06-06 17:34:52.051 D/fpc_hal (  499): Finger Lost 6,dev->worker.flag:105,dev->worker.isKeyDown:0
06-06 17:34:52.051 D/fpc_irq (  499): fpcIrqClose: Entering
06-06 17:34:52.051 D/fpc_irq (  499): fpcDeviceControl ctl='irq_enable' val='enable'
06-06 17:34:52.051 D/fpc_main(  499): hal_callback
06-06 17:34:52.051 D/fpc_main(  499): writing callback cmd 1
06-06 17:34:52.051 D/fpc_jni ( 2759): FPCD_CB_FINGERPRINT_MSG
06-06 17:34:52.051 D/fpc_fpcd( 2759): fpcd_get_fingerprint_msg begin
06-06 17:34:52.051 D/fpc_jni ( 2759): callback FINGERPRINT_ACQUIRED: 32
06-06 17:34:52.051 D/fpc_jni ( 2759): callback(): arg1: 32, arg2: 0
06-06 17:34:52.051 I/FpcD    ( 2759): nativeCallback(): what: 1 arg1: 32 arg2: 0
06-06 17:34:52.051 D/fpc_jni ( 2759): callbackHandlerNative()
06-06 17:34:52.051 D/fpc_jni ( 2759): interrupted()
06-06 17:34:52.051 D/fpc_jni ( 2759): interrupted() 0
06-06 17:34:52.051 D/fpc_jni ( 2759): callbackHandlerNative(): fpcd_wait_event
06-06 17:34:52.051 D/fpc_fpcd( 2759): fpcd_wait_event begin
06-06 17:34:52.051 D/fpc_irq (  499): fpcIrqOpen: Entering
06-06 17:34:52.051 D/fpc_tac (  499): fpc_tac_init_finger_detect begin
06-06 17:34:52.051 I/frontfingerprintkey( 1442): onReceive: action: android.intent.action.SCREEN_ON
06-06 17:34:52.051 I/frontfingerprintkey( 1442): SCREEN_ON: arg1: false arg2: 0 arg3: false arg4: false arg5: false arg6: true
06-06 17:34:52.051 I/frontfingerprintkey( 1442): resendVerifyFailMsg: arg1: false arg2: false
06-06 17:34:52.051 I/KeyguardCameraLaunchManager( 2274): SystemUI|hasSim1,hasSim2 = false,false
06-06 17:34:52.051 I/DataUtils( 2463): total emmc size = 58G
06-06 17:34:52.051 D/fpc_irq (  499): fpcIrqWaitForIrq: IRQ event code: 23
06-06 17:34:52.051 D/fpc_tac (  499): fpc_tac_start_finger_detect begin
06-06 17:34:52.051 I/DisableBootStartReceiver( 2463): cancle clean notification !!!
06-06 17:34:52.051 I/DaemonService( 2946): DataUsageService pid = 2463
06-06 17:34:52.051 D/fpc_tac (  499): fpc_tac_set_sleep_mode begin, sleep mode: 0
06-06 17:34:52.061 D/WifiConfigStore( 1442): isAccessPointContact netId:1
06-06 17:34:52.061 D/WifiConfigStore( 1442): isAccessPointContact , configKey:"tinypace-lab"-WPA_PSK
06-06 17:34:52.061 D/WifiConfigStore( 1442): isAccessPointContact need:true
06-06 17:34:52.061 D/Sensors ( 1442): enableSensor handle 15 0us 0us in
06-06 17:34:52.061 D/SensorService( 1442): enable mLock_wait 0x00000000 mLock_status 0x00000000 mConnectionLock_wait 0x00000000 mConnectionLock_status 0x00000000
06-06 17:34:52.061 D/SensorService( 1442): Calling batch handle==15 flags=0rate=0 timeout== 0
06-06 17:34:52.061 D/SensorService( 1442): SensorDevice::batch: ident=0x7f8e0ac950, handle=0x0000000f, flags=0, period_ns=1000000 timeout=0
06-06 17:34:52.061 D/SensorService( 1442): 	>>> curr_period=-1 min_period=1000000 curr_timeout=-1 min_timeout=0
06-06 17:34:52.061 D/SensorService( 1442): 	>>> actuating h/w BATCH 15 0 1000000 0
06-06 17:34:52.061 W/VivoSensorTest( 1442): int SensorsContext::batch(int, int, int64_t, int64_t) handle 49 flags 0 period_ns 1000000 timeout 0
06-06 17:34:52.061 D/SensorService( 1442): Calling activate on 15
06-06 17:34:52.061 D/SensorService( 1442): SensorDevice::activate: ident=0x7f8e0ac950, handle=0x0000000f, enabled=1, count=1
06-06 17:34:52.061 D/SensorService( 1442): enable index=0
06-06 17:34:52.061 D/SensorService( 1442): 	>>> actuating h/w activate handle=15 enabled=1
06-06 17:34:52.061 W/VivoSensorTest( 1442): activate: handle is 49, en is 1
06-06 17:34:52.061 I/DataUtils( 2463): total emmc size = 58G
06-06 17:34:52.061 I/KeyguardCameraLaunchManager( 2274): SystemUI|hasSim1,hasSim2 = false,false
06-06 17:34:52.061 W/qti_sensors_hal( 1442): processResp txn_id 0 78
06-06 17:34:52.061 D/Sensors ( 1442): enableSensor handle 15 ont
06-06 17:34:52.061 D/Sensors ( 1442): enableSensor handle 14 0us 0us in
06-06 17:34:52.061 D/SensorService( 1442): enable mLock_wait 0x00000000 mLock_status 0x00000000 mConnectionLock_wait 0x00000000 mConnectionLock_status 0x00000000
06-06 17:34:52.061 D/SensorService( 1442): Calling batch handle==14 flags=0rate=0 timeout== 0
06-06 17:34:52.061 D/SensorService( 1442): SensorDevice::batch: ident=0x7f8e0ac950, handle=0x0000000e, flags=0, period_ns=1000000 timeout=0
06-06 17:34:52.061 D/SensorService( 1442): 	>>> curr_period=-1 min_period=1000000 curr_timeout=-1 min_timeout=0
06-06 17:34:52.061 D/SensorService( 1442): 	>>> actuating h/w BATCH 14 0 1000000 0
06-06 17:34:52.061 W/VivoSensorTest( 1442): int SensorsContext::batch(int, int, int64_t, int64_t) handle 48 flags 0 period_ns 1000000 timeout 0
06-06 17:34:52.061 D/SensorService( 1442): Calling activate on 14
06-06 17:34:52.061 D/SensorService( 1442): SensorDevice::activate: ident=0x7f8e0ac950, handle=0x0000000e, enabled=1, count=1
06-06 17:34:52.061 D/SensorService( 1442): enable index=0
06-06 17:34:52.061 D/SensorService( 1442): 	>>> actuating h/w activate handle=14 enabled=1
06-06 17:34:52.061 W/VivoSensorTest( 1442): activate: handle is 48, en is 1
06-06 17:34:52.061 V/KeyguardServiceDelegate( 1442): **** SHOWN CALLED ****
06-06 17:34:52.061 D/fpc_irq (  499): fpcIrqWaitForIrq: IRQ event code: 24
06-06 17:34:52.061 D/fpc_hal (  499): fpc_tac_set_sleep_mode ret:0 count:1
06-06 17:34:52.061 D/Sensors ( 1442): enableSensor handle 14 ont
06-06 17:34:52.061 W/qti_sensors_hal( 1442): processInd get_report step_count 0.000000 step_rate 0.000000 step_confidence 0.000000 step_event 0.000000 step_count_error 0.000000
06-06 17:34:52.061 W/qti_sensors_hal( 1442): processInd: STEP COUNTER: step is 0, running_total 0 TS:3161865833376
06-06 17:34:52.061 W/qti_sensors_hal( 1442): processResp txn_id 78 78
06-06 17:34:52.061 D/WifiConfigStore( 1442): isAccessPointContact netId:1
06-06 17:34:52.061 D/WifiConfigStore( 1442): isAccessPointContact , configKey:"tinypace-lab"-WPA_PSK
06-06 17:34:52.061 D/WifiConfigStore( 1442): isAccessPointContact need:true
06-06 17:34:52.061 D/WifiConfigStore( 1442): set wifiDynamicBlacklistMinTimeMilli 30000ms
06-06 17:34:52.061 D/audio_hw_primary(  454): adev_set_parameters: enter: screen_state=on
06-06 17:34:52.061 V/compress_voip(  454): voice_extn_compress_voip_set_parameters: enter: screen_state=on
06-06 17:34:52.061 V/compress_voip(  454): voice_extn_compress_voip_set_parameters: exit
06-06 17:34:52.061 V/msm8916_platform(  454): platform_set_parameters: enter: - screen_state=on
06-06 17:34:52.061 V/msm8916_platform(  454): platform_set_parameters: exit with code(0)
06-06 17:34:52.061 D/audio_hw_extn(  454): audio_extn_set_anc_parameters: anc_enabled:0
06-06 17:34:52.061 V/audio_hw_fm(  454): audio_extn_fm_set_parameters: enter
06-06 17:34:52.061 V/audio_hw_fm(  454): audio_extn_fm_set_parameters: exit
06-06 17:34:52.061 V/audio_hw_extn(  454): audio_extn_hpx_set_parameters
06-06 17:34:52.061 V/audio_hw_extn(  454): audio_extn_asphere_set_parameters: property not set!!! not doing anything
06-06 17:34:52.061 E/audio_a2dp_hw(  454): adev_set_parameters: ERROR: set param called even when stream out is null
06-06 17:34:52.061 I/DataUtils( 2463): total emmc size = 58G
06-06 17:34:52.061 I/LowMemoryDialogTimer( 2463): doCheckLowMemory: memory in a normal status 53804466176
06-06 17:34:52.061 D/SensorManager( 1442): framework step counter 0.0
06-06 17:34:52.061 D/VivoProxCaliService( 1442): startCalibration when screen on...
06-06 17:34:52.061 D/VivoProxCaliService( 1442): Start Calibration...., type: 0
06-06 17:34:52.061 D/VivoProxCaliService( 1442): Start calibration
06-06 17:34:52.061 D/SensorManager( 1442): DDDD register type=8
06-06 17:34:52.061 D/SensorManager( 1442): open file /sys/bus/platform/drivers/als_ps/debug error
06-06 17:34:52.061 D/SensorManager( 1442): set debug=false
06-06 17:34:52.061 D/SensorManager( 1442): Threshold baseValueTemp:113 baseValue70 baseValueUsed113
06-06 17:34:52.061 D/SensorManager( 1442): open file /sys/bus/platform/drivers/als_ps/ps_base_value error
06-06 17:34:52.061 D/Sensors ( 1442): enableSensor handle 5 20000us 0us in
06-06 17:34:52.061 D/SensorService( 1442): enable mLock_wait 0x00000000 mLock_status 0x00000000 mConnectionLock_wait 0x00000000 mConnectionLock_status 0x00000000
06-06 17:34:52.061 I/VNOILNMS( 1442): ===VNOILNMS n=0 VideoStates=false NoticeStates=false flag_red=0 flag_green=0 mScreenOn=true mNotificationPulseEnabled=true
06-06 17:34:52.071 D/SensorService( 1442): Calling batch handle==5 flags=0rate=20000000 timeout== 0
06-06 17:34:52.071 D/SensorService( 1442): SensorDevice::batch: ident=0x7f8e11d8b0, handle=0x00000005, flags=0, period_ns=20000000 timeout=0
06-06 17:34:52.071 D/SensorService( 1442): 	>>> curr_period=66667000 min_period=20000000 curr_timeout=0 min_timeout=0
06-06 17:34:52.071 D/SensorService( 1442): 	>>> actuating h/w BATCH 5 0 20000000 0
06-06 17:34:52.071 W/VivoSensorTest( 1442): int SensorsContext::batch(int, int, int64_t, int64_t) handle 20 flags 0 period_ns 20000000 timeout 0
06-06 17:34:52.071 W/qti_sensors_hal( 1442): batch:sensor(android.sensor.proximity) handle:20 flags:0x0 period_ns 20000000 timeout 0
06-06 17:34:52.071 D/fpc_irq (  499): fpcDeviceControl ctl='clk_enable' val='0'
06-06 17:34:52.071 D/SensorManager( 1442): framework alsps raw_data dataX=5.000305 dataY=113.0 dataZ=0.0
06-06 17:34:52.071 D/VivoProxCaliService( 1442): mProximitySensorListenerVST get ps data5.000305
06-06 17:34:52.071 V/AlarmAlign( 1442): remove pkg = android, action = com.android.server.WifiManager.action.DEVICE_IDLE
06-06 17:34:52.071 D/SensorService( 1442): 	>>> actuating h/w flush 5
06-06 17:34:52.071 D/SensorService( 1442): Calling activate on 5
06-06 17:34:52.071 D/SensorService( 1442): SensorDevice::activate: ident=0x7f8e11d8b0, handle=0x00000005, enabled=1, count=3
06-06 17:34:52.071 D/SensorService( 1442): enable index=0
06-06 17:34:52.071 D/SensorService( 1442): 0x7f8e11d8b0 addFd fd=357
06-06 17:34:52.071 D/Sensors ( 1442): enableSensor handle 5 ont
06-06 17:34:52.071 D/SensorService( 1442): flush complete event sensor==5 
06-06 17:34:52.071 D/SensorService( 1442): flush complete event sensor==5 
06-06 17:34:52.071 D/SensorService( 1442): flush complete event sensor==5 
06-06 17:34:52.071 D/SensorService( 1442): flush complete event sensor==5 
06-06 17:34:52.071 D/SensorService( 1442): First flush event for sensor==5 
06-06 17:34:52.071 D/SensorService( 1442): flush complete event sensor==5 
06-06 17:34:52.071 D/SensorService( 1442): flush complete event sensor==5 
06-06 17:34:52.071 D/Sensors ( 1442): enableSensor handle 6 20000us 0us in
06-06 17:34:52.071 D/SensorService( 1442): enable mLock_wait 0x00000000 mLock_status 0x00000000 mConnectionLock_wait 0x00000000 mConnectionLock_status 0x00000000
06-06 17:34:52.071 D/SensorService( 1442): Calling batch handle==6 flags=0rate=20000000 timeout== 0
06-06 17:34:52.071 D/SensorService( 1442): SensorDevice::batch: ident=0x7f8aecf4e0, handle=0x00000006, flags=0, period_ns=20000000 timeout=0
06-06 17:34:52.071 D/SensorService( 1442): 	>>> curr_period=-1 min_period=20000000 curr_timeout=-1 min_timeout=0
06-06 17:34:52.071 D/SensorService( 1442): 	>>> actuating h/w BATCH 6 0 20000000 0
06-06 17:34:52.071 W/VivoSensorTest( 1442): int SensorsContext::batch(int, int, int64_t, int64_t) handle 1 flags 0 period_ns 20000000 timeout 0
06-06 17:34:52.071 W/qti_sensors_hal( 1442): batch:sensor(android.sensor.light) handle:1 flags:0x0 period_ns 20000000 timeout 0
06-06 17:34:52.071 D/SensorService( 1442): Calling activate on 6
06-06 17:34:52.071 D/SensorService( 1442): SensorDevice::activate: ident=0x7f8aecf4e0, handle=0x00000006, enabled=1, count=1
06-06 17:34:52.071 D/SensorService( 1442): enable index=0
06-06 17:34:52.071 D/SensorService( 1442): 	>>> actuating h/w activate handle=6 enabled=1
06-06 17:34:52.071 W/VivoSensorTest( 1442): activate: handle is 1, en is 1
06-06 17:34:52.071 D/Sensors ( 1442): enableSensor handle 6 ont
06-06 17:34:52.071 D/VivoSensorTest( 1442): sensor_command_start start
